24.8666 	INFO 	Loaded monitor calibration from ['2025_12_23 12:18']
24.8964 	WARNING 	User requested fullscreen with size [1024  768], but screen is actually [1920, 1080]. Using actual size
27.1200 	INFO 	Using renderer 'Intel(R) UHD Graphics' for graphics
27.1202 	INFO 	OpenGL version supported by driver is 4..
27.2536 	EXP 	Created window1 = Window(allowGUI=True, allowStencil=False, autoLog=True, backendConf=UNKNOWN, backgroundFit=<method-wrapper '__getattribute__' of attributeSetter object at 0x000001480E8DF2B0>, backgroundImage=<method-wrapper '__getattribute__' of attributeSetter object at 0x000001480E8DDBA0>, bitsMode=UNKNOWN, blendMode='avg', bpc=(8, 8, 8), color=array([-1., -1., -1.]), colorSpace='rgb', depthBits=8, fullscr=True, gamma=None, gammaErrorPolicy='raise', infoMsg=UNKNOWN, lms=UNKNOWN, monitor=<psychopy.monitors.calibTools.Monitor object at 0x0000014817BA4DC0>, multiSample=False, name='window1', numSamples=2, pos=[np.float64(0.0), np.float64(0.0)], screen=0, size=array([1920, 1080]), stencilBits=0, stereo=False, title='PsychoPy', units='height', useFBO=True, useRetina=False, viewOri=0.0, viewPos=None, viewScale=None, waitBlanking=True, winType='pyglet')
27.2540 	EXP 	window1: backgroundImage = ''
27.2541 	EXP 	window1: backgroundFit = 'none'
28.3838 	EXP 	window1: Attempting to measure frame rate of screen (0) ...
28.3840 	EXP 	window1: recordFrameIntervals = False
28.5039 	EXP 	window1: recordFrameIntervals = True
29.5511 	EXP 	Screen (0) actual frame rate measured at 73.86Hz
29.5513 	EXP 	window1: recordFrameIntervals = False
43.8267 	INFO 	keyboard.Keyboard is using iohub backend.
43.8268 	EXP 	Cheese: status = STARTED
44.0311 	EXP 	Created text = TextStim(__class__=<class 'psychopy.visual.text.TextStim'>, alignHoriz=method-wrapper(...), alignText='center', alignVert=method-wrapper(...), anchorHoriz='center', anchorVert='center', antialias=True, autoDraw=False, autoLog=True, bold=False, color=array([1., 1., 1.]), colorSpace='rgb', contrast=1.0, depth=0.0, draggable=False, flipHoriz=False, flipVert=False, font='Arial', fontFiles=[], height=0.05, italic=False, languageStyle='LTR', name='text', opacity=1, ori=0.0, pos=array([0. , 0.3]), rgb=UNKNOWN, text='', units='height', win=Window(...), wrapWidth=1)
44.8638 	EXP 	Created ambewela = ImageStim(__class__=<class 'psychopy.visual.image.ImageStim'>, anchor=('center', 'center'), autoLog=True, color=array([1., 1., 1.]), colorSpace='rgb', contrast=1.0, depth=-1.0, draggable=False, flipHoriz=np.False_, flipVert=np.False_, image='default.png', interpolate=True, mask=None, maskParams=None, name='ambewela', opacity=1.0, ori=0.0, pos=array([-0.6,  0. ]), size=array([0.2, 0.2]), texRes=128.0, units='height', win=Window(...))
44.9128 	EXP 	Created kothmale = ImageStim(__class__=<class 'psychopy.visual.image.ImageStim'>, anchor=('center', 'center'), autoLog=True, color=array([1., 1., 1.]), colorSpace='rgb', contrast=1.0, depth=-2.0, draggable=False, flipHoriz=np.False_, flipVert=np.False_, image='default.png', interpolate=True, mask=None, maskParams=None, name='kothmale', opacity=1.0, ori=0.0, pos=array([-0.3,  0. ]), size=array([0.2, 0.2]), texRes=128.0, units='height', win=Window(...))
44.9506 	EXP 	Created happycow = ImageStim(__class__=<class 'psychopy.visual.image.ImageStim'>, anchor=('center', 'center'), autoLog=True, color=array([1., 1., 1.]), colorSpace='rgb', contrast=1.0, depth=-3.0, draggable=False, flipHoriz=np.False_, flipVert=np.False_, image='default.png', interpolate=True, mask=None, maskParams=None, name='happycow', opacity=1.0, ori=0.0, pos=array([0., 0.]), size=array([0.2, 0.2]), texRes=128.0, units='height', win=Window(...))
44.9893 	EXP 	Created kraft = ImageStim(__class__=<class 'psychopy.visual.image.ImageStim'>, anchor=('center', 'center'), autoLog=True, color=array([1., 1., 1.]), colorSpace='rgb', contrast=1.0, depth=-4.0, draggable=False, flipHoriz=np.False_, flipVert=np.False_, image='default.png', interpolate=True, mask=None, maskParams=None, name='kraft', opacity=1.0, ori=0.0, pos=array([0.3, 0. ]), size=array([0.2, 0.2]), texRes=128.0, units='height', win=Window(...))
45.0144 	EXP 	Created richlife = ImageStim(__class__=<class 'psychopy.visual.image.ImageStim'>, anchor=('center', 'center'), autoLog=True, color=array([1., 1., 1.]), colorSpace='rgb', contrast=1.0, depth=-5.0, draggable=False, flipHoriz=np.False_, flipVert=np.False_, image='default.png', interpolate=True, mask=None, maskParams=None, name='richlife', opacity=1.0, ori=0.0, pos=array([0.6, 0. ]), size=array([0.2, 0.2]), texRes=128.0, units='height', win=Window(...))
45.3898 	EXP 	Created text_2 = TextStim(__class__=<class 'psychopy.visual.text.TextStim'>, alignHoriz=method-wrapper(...), alignText='center', alignVert=method-wrapper(...), anchorHoriz='center', anchorVert='center', antialias=True, autoDraw=False, autoLog=True, bold=False, color=array([1., 1., 1.]), colorSpace='rgb', contrast=1.0, depth=-6.0, draggable=False, flipHoriz=False, flipVert=False, font='Arial', fontFiles=[], height=np.float64(0.02), italic=False, languageStyle='LTR', name='text_2', opacity=1, ori=0.0, pos=array([-0.6, -0.3]), rgb=UNKNOWN, text=str(...), units='height', win=Window(...), wrapWidth=1)
45.4342 	EXP 	Created text_3 = TextStim(__class__=<class 'psychopy.visual.text.TextStim'>, alignHoriz=method-wrapper(...), alignText='center', alignVert=method-wrapper(...), anchorHoriz='center', anchorVert='center', antialias=True, autoDraw=False, autoLog=True, bold=False, color=array([1., 1., 1.]), colorSpace='rgb', contrast=1.0, depth=-7.0, draggable=False, flipHoriz=False, flipVert=False, font='Arial', fontFiles=[], height=np.float64(0.02), italic=False, languageStyle='LTR', name='text_3', opacity=1, ori=0.0, pos=array([-0.3, -0.3]), rgb=UNKNOWN, text='Kothmale Cheddar\n250 g \nRs 1300', units='height', win=Window(...), wrapWidth=1)
45.4777 	EXP 	Created text_4 = TextStim(__class__=<class 'psychopy.visual.text.TextStim'>, alignHoriz=method-wrapper(...), alignText='center', alignVert=method-wrapper(...), anchorHoriz='center', anchorVert='center', antialias=True, autoDraw=False, autoLog=True, bold=False, color=array([1., 1., 1.]), colorSpace='rgb', contrast=1.0, depth=-8.0, draggable=False, flipHoriz=False, flipVert=False, font='Arial', fontFiles=[], height=np.float64(0.02), italic=False, languageStyle='LTR', name='text_4', opacity=1, ori=0.0, pos=array([ 0. , -0.3]), rgb=UNKNOWN, text='HappyCow Cheese\n340 g\nRs 1200', units='height', win=Window(...), wrapWidth=1)
45.5126 	EXP 	Created text_5 = TextStim(__class__=<class 'psychopy.visual.text.TextStim'>, alignHoriz=method-wrapper(...), alignText='center', alignVert=method-wrapper(...), anchorHoriz='center', anchorVert='center', antialias=True, autoDraw=False, autoLog=True, bold=False, color=array([1., 1., 1.]), colorSpace='rgb', contrast=1.0, depth=-9.0, draggable=False, flipHoriz=False, flipVert=False, font='Arial', fontFiles=[], height=np.float64(0.02), italic=False, languageStyle='LTR', name='text_5', opacity=1, ori=0.0, pos=array([ 0.3, -0.3]), rgb=UNKNOWN, text='Kraft Cheddar Cheese\n250 g\nRs 2590', units='height', win=Window(...), wrapWidth=1)
45.5481 	EXP 	Created text_6 = TextStim(__class__=<class 'psychopy.visual.text.TextStim'>, alignHoriz=method-wrapper(...), alignText='center', alignVert=method-wrapper(...), anchorHoriz='center', anchorVert='center', antialias=True, autoDraw=False, autoLog=True, bold=False, color=array([1., 1., 1.]), colorSpace='rgb', contrast=1.0, depth=-10.0, draggable=False, flipHoriz=False, flipVert=False, font='Arial', fontFiles=[], height=np.float64(0.02), italic=False, languageStyle='LTR', name='text_6', opacity=1, ori=0.0, pos=array([ 0.6, -0.3]), rgb=UNKNOWN, text='Rich Life Cheddar Cheese\n100 g\nRs 625', units='height', win=Window(...), wrapWidth=1)
45.6420 	EXP 	Created text_7 = TextStim(__class__=<class 'psychopy.visual.text.TextStim'>, alignHoriz=method-wrapper(...), alignText='center', alignVert=method-wrapper(...), anchorHoriz='center', anchorVert='center', antialias=True, autoDraw=False, autoLog=True, bold=False, color=array([1., 1., 1.]), colorSpace='rgb', contrast=1.0, depth=0.0, draggable=False, flipHoriz=False, flipVert=False, font='Arial', fontFiles=[], height=np.float64(0.05), italic=False, languageStyle='LTR', name='text_7', opacity=1, ori=0.0, pos=array([0. , 0.3]), rgb=UNKNOWN, text='Which one are you going to buy ?', units='height', win=Window(...), wrapWidth=1)
45.6764 	EXP 	Created highlandYoghurt = ImageStim(__class__=<class 'psychopy.visual.image.ImageStim'>, anchor=('center', 'center'), autoLog=True, color=array([1., 1., 1.]), colorSpace='rgb', contrast=1.0, depth=-1.0, draggable=False, flipHoriz=np.False_, flipVert=np.False_, image='Highland yp.jpg', interpolate=True, mask=None, maskParams=None, name='highlandYoghurt', opacity=1, ori=0.0, pos=array([-0.4,  0. ]), size=array([0.2, 0.2]), texRes=128.0, units='height', win=Window(...))
45.7018 	EXP 	Created anchoryoghurt = ImageStim(__class__=<class 'psychopy.visual.image.ImageStim'>, anchor=('center', 'center'), autoLog=True, color=array([1., 1., 1.]), colorSpace='rgb', contrast=1.0, depth=-2.0, draggable=False, flipHoriz=np.False_, flipVert=np.False_, image='anchor youghurt.jpg', interpolate=True, mask=None, maskParams=None, name='anchoryoghurt', opacity=1, ori=0.0, pos=array([-0.1,  0. ]), size=array([0.2, 0.2]), texRes=128.0, units='height', win=Window(...))
45.7253 	EXP 	Created ambewelayoghurt = ImageStim(__class__=<class 'psychopy.visual.image.ImageStim'>, anchor=('center', 'center'), autoLog=True, color=array([1., 1., 1.]), colorSpace='rgb', contrast=1.0, depth=-3.0, draggable=False, flipHoriz=np.False_, flipVert=np.False_, image='ambewela yoghurt.jpg', interpolate=True, mask=None, maskParams=None, name='ambewelayoghurt', opacity=1, ori=0.0, pos=array([0.2, 0. ]), size=array([0.2, 0.2]), texRes=128.0, units='height', win=Window(...))
45.7696 	EXP 	Created pelawatteyoghurt = ImageStim(__class__=<class 'psychopy.visual.image.ImageStim'>, anchor=('center', 'center'), autoLog=True, color=array([1., 1., 1.]), colorSpace='rgb', contrast=1.0, depth=-4.0, draggable=False, flipHoriz=np.False_, flipVert=np.False_, image='pelawatteypughurt.jpeg', interpolate=True, mask=None, maskParams=None, name='pelawatteyoghurt', opacity=1, ori=0.0, pos=array([0.5, 0. ]), size=array([0.2, 0.2]), texRes=128.0, units='height', win=Window(...))
45.8200 	EXP 	Created text_8 = TextStim(__class__=<class 'psychopy.visual.text.TextStim'>, alignHoriz=method-wrapper(...), alignText='center', alignVert=method-wrapper(...), anchorHoriz='center', anchorVert='center', antialias=True, autoDraw=False, autoLog=True, bold=False, color=array([1., 1., 1.]), colorSpace='rgb', contrast=1.0, depth=-5.0, draggable=False, flipHoriz=False, flipVert=False, font='Arial', fontFiles=[], height=np.float64(0.02), italic=False, languageStyle='LTR', name='text_8', opacity=1, ori=0.0, pos=array([-0.4, -0.3]), rgb=UNKNOWN, text=str(...), units='height', win=Window(...), wrapWidth=1)
45.8482 	EXP 	Created text_9 = TextStim(__class__=<class 'psychopy.visual.text.TextStim'>, alignHoriz=method-wrapper(...), alignText='center', alignVert=method-wrapper(...), anchorHoriz='center', anchorVert='center', antialias=True, autoDraw=False, autoLog=True, bold=False, color=array([1., 1., 1.]), colorSpace='rgb', contrast=1.0, depth=-6.0, draggable=False, flipHoriz=False, flipVert=False, font='Arial', fontFiles=[], height=np.float64(0.02), italic=False, languageStyle='LTR', name='text_9', opacity=1, ori=0.0, pos=array([-0.1, -0.3]), rgb=UNKNOWN, text='Anchor Yoghurt\n     80 g\n   Rs 70', units='height', win=Window(...), wrapWidth=1)
45.8708 	EXP 	Created text_10 = TextStim(__class__=<class 'psychopy.visual.text.TextStim'>, alignHoriz=method-wrapper(...), alignText='center', alignVert=method-wrapper(...), anchorHoriz='center', anchorVert='center', antialias=True, autoDraw=False, autoLog=True, bold=False, color=array([1., 1., 1.]), colorSpace='rgb', contrast=1.0, depth=-7.0, draggable=False, flipHoriz=False, flipVert=False, font='Arial', fontFiles=[], height=np.float64(0.02), italic=False, languageStyle='LTR', name='text_10', opacity=1, ori=0.0, pos=array([ 0.2, -0.3]), rgb=UNKNOWN, text='Ambewela Yoghurt\n      80 g\n     Rs 70', units='height', win=Window(...), wrapWidth=1)
45.8904 	EXP 	Created text_11 = TextStim(__class__=<class 'psychopy.visual.text.TextStim'>, alignHoriz=method-wrapper(...), alignText='center', alignVert=method-wrapper(...), anchorHoriz='center', anchorVert='center', antialias=True, autoDraw=False, autoLog=True, bold=False, color=array([1., 1., 1.]), colorSpace='rgb', contrast=1.0, depth=-8.0, draggable=False, flipHoriz=False, flipVert=False, font='Arial', fontFiles=[], height=np.float64(0.02), italic=False, languageStyle='LTR', name='text_11', opacity=1, ori=0.0, pos=array([ 0.5, -0.3]), rgb=UNKNOWN, text='Pelawatte Yoghurt\n       80 g\n      Rs  50', units='height', win=Window(...), wrapWidth=1)
45.9014 	EXP 	Created text_12 = TextStim(__class__=<class 'psychopy.visual.text.TextStim'>, alignHoriz=method-wrapper(...), alignText='center', alignVert=method-wrapper(...), anchorHoriz='center', anchorVert='center', antialias=True, autoDraw=False, autoLog=True, bold=False, color=array([1., 1., 1.]), colorSpace='rgb', contrast=1.0, depth=0.0, draggable=False, flipHoriz=False, flipVert=False, font='Arial', fontFiles=[], height=np.float64(0.05), italic=False, languageStyle='LTR', name='text_12', opacity=1, ori=0.0, pos=array([0. , 0.3]), rgb=UNKNOWN, text='Which one are you going to buy?', units='height', win=Window(...), wrapWidth=1)
46.0273 	EXP 	Created fortune = ImageStim(__class__=<class 'psychopy.visual.image.ImageStim'>, anchor=('center', 'center'), autoLog=True, color=array([1., 1., 1.]), colorSpace='rgb', contrast=1.0, depth=-1.0, draggable=False, flipHoriz=np.False_, flipVert=np.False_, image='fortune.jpg', interpolate=True, mask=None, maskParams=None, name='fortune', opacity=1, ori=0.0, pos=array([-0.5,  0. ]), size=array([0.2, 0.2]), texRes=128.0, units='height', win=Window(...))
46.0925 	EXP 	Created marina = ImageStim(__class__=<class 'psychopy.visual.image.ImageStim'>, anchor=('center', 'center'), autoLog=True, color=array([1., 1., 1.]), colorSpace='rgb', contrast=1.0, depth=-2.0, draggable=False, flipHoriz=np.False_, flipVert=np.False_, image='marina.jpeg', interpolate=True, mask=None, maskParams=None, name='marina', opacity=1, ori=0.0, pos=array([0., 0.]), size=array([0.2, 0.2]), texRes=128.0, units='height', win=Window(...))
46.3318 	EXP 	Created Njoy = ImageStim(__class__=<class 'psychopy.visual.image.ImageStim'>, anchor=('center', 'center'), autoLog=True, color=array([1., 1., 1.]), colorSpace='rgb', contrast=1.0, depth=-3.0, draggable=False, flipHoriz=np.False_, flipVert=np.False_, image='Njoy.jpg', interpolate=True, mask=None, maskParams=None, name='Njoy', opacity=1, ori=0.0, pos=array([0.5, 0. ]), size=array([0.2, 0.2]), texRes=128.0, units='height', win=Window(...))
46.3468 	EXP 	Created text_13 = TextStim(__class__=<class 'psychopy.visual.text.TextStim'>, alignHoriz=method-wrapper(...), alignText='center', alignVert=method-wrapper(...), anchorHoriz='center', anchorVert='center', antialias=True, autoDraw=False, autoLog=True, bold=False, color=array([1., 1., 1.]), colorSpace='rgb', contrast=1.0, depth=-4.0, draggable=False, flipHoriz=False, flipVert=False, font='Arial', fontFiles=[], height=np.float64(0.02), italic=False, languageStyle='LTR', name='text_13', opacity=1, ori=0.0, pos=array([-0.5, -0.3]), rgb=UNKNOWN, text=str(...), units='height', win=Window(...), wrapWidth=1)
46.3675 	EXP 	Created text_14 = TextStim(__class__=<class 'psychopy.visual.text.TextStim'>, alignHoriz=method-wrapper(...), alignText='center', alignVert=method-wrapper(...), anchorHoriz='center', anchorVert='center', antialias=True, autoDraw=False, autoLog=True, bold=False, color=array([1., 1., 1.]), colorSpace='rgb', contrast=1.0, depth=-5.0, draggable=False, flipHoriz=False, flipVert=False, font='Arial', fontFiles=[], height=np.float64(0.02), italic=False, languageStyle='LTR', name='text_14', opacity=1, ori=0.0, pos=array([ 0. , -0.3]), rgb=UNKNOWN, text=str(...), units='height', win=Window(...), wrapWidth=1)
46.3815 	EXP 	Created text_15 = TextStim(__class__=<class 'psychopy.visual.text.TextStim'>, alignHoriz=method-wrapper(...), alignText='center', alignVert=method-wrapper(...), anchorHoriz='center', anchorVert='center', antialias=True, autoDraw=False, autoLog=True, bold=False, color=array([1., 1., 1.]), colorSpace='rgb', contrast=1.0, depth=-6.0, draggable=False, flipHoriz=False, flipVert=False, font='Arial', fontFiles=[], height=np.float64(0.02), italic=False, languageStyle='LTR', name='text_15', opacity=1, ori=0.0, pos=array([ 0.5, -0.3]), rgb=UNKNOWN, text=str(...), units='height', win=Window(...), wrapWidth=1)
46.4332 	EXP 	Created text_instr = TextStim(__class__=<class 'psychopy.visual.text.TextStim'>, alignHoriz=method-wrapper(...), alignText='center', alignVert=method-wrapper(...), anchorHoriz='center', anchorVert='center', antialias=True, autoDraw=False, autoLog=True, bold=False, color=array([1., 1., 1.]), colorSpace='rgb', contrast=1.0, depth=0.0, draggable=False, flipHoriz=False, flipVert=False, font='Arial', fontFiles=[], height=np.float64(0.04), italic=False, languageStyle='LTR', name='text_instr', opacity=1, ori=0.0, pos=array([0. , 0.3]), rgb=UNKNOWN, text='Which one are you going to buy?', units='height', win=Window(...), wrapWidth=1)
46.4646 	EXP 	Created kandos = ImageStim(__class__=<class 'psychopy.visual.image.ImageStim'>, anchor=('center', 'center'), autoLog=True, color=array([1., 1., 1.]), colorSpace='rgb', contrast=1.0, depth=-1.0, draggable=False, flipHoriz=np.False_, flipVert=np.False_, image='Kandos.jpeg', interpolate=True, mask=None, maskParams=None, name='kandos', opacity=1, ori=0.0, pos=array([-0.4,  0. ]), size=array([0.2, 0.2]), texRes=128.0, units='height', win=Window(...))
46.4759 	EXP 	Created ritzbury = ImageStim(__class__=<class 'psychopy.visual.image.ImageStim'>, anchor=('center', 'center'), autoLog=True, color=array([1., 1., 1.]), colorSpace='rgb', contrast=1.0, depth=-2.0, draggable=False, flipHoriz=np.False_, flipVert=np.False_, image='ritzbury.jpg', interpolate=True, mask=None, maskParams=None, name='ritzbury', opacity=1.0, ori=0.0, pos=array([-0.1,  0. ]), size=array([0.2, 0.2]), texRes=128.0, units='height', win=Window(...))
46.4850 	EXP 	Created revello = ImageStim(__class__=<class 'psychopy.visual.image.ImageStim'>, anchor=('center', 'center'), autoLog=True, color=array([1., 1., 1.]), colorSpace='rgb', contrast=1.0, depth=-3.0, draggable=False, flipHoriz=np.False_, flipVert=np.False_, image='revello.jpg', interpolate=True, mask=None, maskParams=None, name='revello', opacity=1, ori=0.0, pos=array([0.2, 0. ]), size=array([0.2, 0.2]), texRes=128.0, units='height', win=Window(...))
46.5264 	EXP 	Created cadbury = ImageStim(__class__=<class 'psychopy.visual.image.ImageStim'>, anchor=('center', 'center'), autoLog=True, color=array([1., 1., 1.]), colorSpace='rgb', contrast=1.0, depth=-4.0, draggable=False, flipHoriz=np.False_, flipVert=np.False_, image='cadbury.jpg', interpolate=True, mask=None, maskParams=None, name='cadbury', opacity=1, ori=0.0, pos=array([0.5, 0. ]), size=array([0.2, 0.2]), texRes=128.0, units='height', win=Window(...))
46.5769 	EXP 	Created text_20 = TextStim(__class__=<class 'psychopy.visual.text.TextStim'>, alignHoriz=method-wrapper(...), alignText='center', alignVert=method-wrapper(...), anchorHoriz='center', anchorVert='center', antialias=True, autoDraw=False, autoLog=True, bold=False, color=array([1., 1., 1.]), colorSpace='rgb', contrast=1.0, depth=-8.0, draggable=False, flipHoriz=False, flipVert=False, font='Arial', fontFiles=[], height=np.float64(0.02), italic=False, languageStyle='LTR', name='text_20', opacity=1, ori=0.0, pos=array([-0.4, -0.3]), rgb=UNKNOWN, text='Kandos Chocolate\n        90 g\n    Rs  600', units='height', win=Window(...), wrapWidth=1)
46.6076 	EXP 	Created text_21 = TextStim(__class__=<class 'psychopy.visual.text.TextStim'>, alignHoriz=method-wrapper(...), alignText='center', alignVert=method-wrapper(...), anchorHoriz='center', anchorVert='center', antialias=True, autoDraw=False, autoLog=True, bold=False, color=array([1., 1., 1.]), colorSpace='rgb', contrast=1.0, depth=-9.0, draggable=False, flipHoriz=False, flipVert=False, font='Arial', fontFiles=[], height=np.float64(0.02), italic=False, languageStyle='LTR', name='text_21', opacity=1, ori=0.0, pos=array([-0.1, -0.3]), rgb=UNKNOWN, text=str(...), units='height', win=Window(...), wrapWidth=1)
46.6326 	EXP 	Created text_22 = TextStim(__class__=<class 'psychopy.visual.text.TextStim'>, alignHoriz=method-wrapper(...), alignText='center', alignVert=method-wrapper(...), anchorHoriz='center', anchorVert='center', antialias=True, autoDraw=False, autoLog=True, bold=False, color=array([1., 1., 1.]), colorSpace='rgb', contrast=1.0, depth=-10.0, draggable=False, flipHoriz=False, flipVert=False, font='Arial', fontFiles=[], height=np.float64(0.02), italic=False, languageStyle='LTR', name='text_22', opacity=1, ori=0.0, pos=array([ 0.2, -0.3]), rgb=UNKNOWN, text=str(...), units='height', win=Window(...), wrapWidth=1)
46.6537 	EXP 	Created text_23 = TextStim(__class__=<class 'psychopy.visual.text.TextStim'>, alignHoriz=method-wrapper(...), alignText='center', alignVert=method-wrapper(...), anchorHoriz='center', anchorVert='center', antialias=True, autoDraw=False, autoLog=True, bold=False, color=array([1., 1., 1.]), colorSpace='rgb', contrast=1.0, depth=-11.0, draggable=False, flipHoriz=False, flipVert=False, font='Arial', fontFiles=[], height=np.float64(0.02), italic=False, languageStyle='LTR', name='text_23', opacity=1, ori=0.0, pos=array([ 0.5, -0.3]), rgb=UNKNOWN, text=str(...), units='height', win=Window(...), wrapWidth=1)
46.6711 	EXP 	Created text_instr_2 = TextStim(__class__=<class 'psychopy.visual.text.TextStim'>, alignHoriz=method-wrapper(...), alignText='center', alignVert=method-wrapper(...), anchorHoriz='center', anchorVert='center', antialias=True, autoDraw=False, autoLog=True, bold=False, color=array([1., 1., 1.]), colorSpace='rgb', contrast=1.0, depth=0.0, draggable=False, flipHoriz=False, flipVert=False, font='Arial', fontFiles=[], height=np.float64(0.04), italic=False, languageStyle='LTR', name='text_instr_2', opacity=1, ori=0.0, pos=array([0. , 0.3]), rgb=UNKNOWN, text='Which one are going to buy', units='height', win=Window(...), wrapWidth=1)
46.6865 	EXP 	Created goldi = ImageStim(__class__=<class 'psychopy.visual.image.ImageStim'>, anchor=('center', 'center'), autoLog=True, color=array([1., 1., 1.]), colorSpace='rgb', contrast=1.0, depth=-1.0, draggable=False, flipHoriz=np.False_, flipVert=np.False_, image='goldi.jpg', interpolate=True, mask=None, maskParams=None, name='goldi', opacity=1, ori=0.0, pos=array([-0.4,  0. ]), size=array([0.2, 0.2]), texRes=128.0, units='height', win=Window(...))
46.7807 	EXP 	Created elephanthouse = ImageStim(__class__=<class 'psychopy.visual.image.ImageStim'>, anchor=('center', 'center'), autoLog=True, color=array([1., 1., 1.]), colorSpace='rgb', contrast=1.0, depth=-2.0, draggable=False, flipHoriz=np.False_, flipVert=np.False_, image='elephanthousre.jpg', interpolate=True, mask=None, maskParams=None, name='elephanthouse', opacity=1, ori=0.0, pos=array([-0.1,  0. ]), size=array([0.2, 0.2]), texRes=128.0, units='height', win=Window(...))
46.8200 	EXP 	Created krest = ImageStim(__class__=<class 'psychopy.visual.image.ImageStim'>, anchor=('center', 'center'), autoLog=True, color=array([1., 1., 1.]), colorSpace='rgb', contrast=1.0, depth=-3.0, draggable=False, flipHoriz=np.False_, flipVert=np.False_, image='krest.jpg', interpolate=True, mask=None, maskParams=None, name='krest', opacity=1, ori=0.0, pos=array([0.2, 0. ]), size=array([0.2, 0.2]), texRes=128.0, units='height', win=Window(...))
46.8775 	EXP 	Created pussalla = ImageStim(__class__=<class 'psychopy.visual.image.ImageStim'>, anchor=('center', 'center'), autoLog=True, color=array([1., 1., 1.]), colorSpace='rgb', contrast=1.0, depth=-4.0, draggable=False, flipHoriz=np.False_, flipVert=np.False_, image='pussalla.jpeg', interpolate=True, mask=None, maskParams=None, name='pussalla', opacity=1, ori=0.0, pos=array([0.5, 0. ]), size=array([0.2, 0.2]), texRes=128.0, units='height', win=Window(...))
46.9279 	EXP 	Created text_16 = TextStim(__class__=<class 'psychopy.visual.text.TextStim'>, alignHoriz=method-wrapper(...), alignText='center', alignVert=method-wrapper(...), anchorHoriz='center', anchorVert='center', antialias=True, autoDraw=False, autoLog=True, bold=False, color=array([1., 1., 1.]), colorSpace='rgb', contrast=1.0, depth=-6.0, draggable=False, flipHoriz=False, flipVert=False, font='Arial', fontFiles=[], height=np.float64(0.02), italic=False, languageStyle='LTR', name='text_16', opacity=1, ori=0.0, pos=array([-0.4, -0.3]), rgb=UNKNOWN, text=str(...), units='height', win=Window(...), wrapWidth=1)
46.9592 	EXP 	Created text_17 = TextStim(__class__=<class 'psychopy.visual.text.TextStim'>, alignHoriz=method-wrapper(...), alignText='center', alignVert=method-wrapper(...), anchorHoriz='center', anchorVert='center', antialias=True, autoDraw=False, autoLog=True, bold=False, color=array([1., 1., 1.]), colorSpace='rgb', contrast=1.0, depth=-7.0, draggable=False, flipHoriz=False, flipVert=False, font='Arial', fontFiles=[], height=np.float64(0.02), italic=False, languageStyle='LTR', name='text_17', opacity=1, ori=0.0, pos=array([-0.1, -0.3]), rgb=UNKNOWN, text=str(...), units='height', win=Window(...), wrapWidth=1)
46.9796 	EXP 	Created text_18 = TextStim(__class__=<class 'psychopy.visual.text.TextStim'>, alignHoriz=method-wrapper(...), alignText='center', alignVert=method-wrapper(...), anchorHoriz='center', anchorVert='center', antialias=True, autoDraw=False, autoLog=True, bold=False, color=array([1., 1., 1.]), colorSpace='rgb', contrast=1.0, depth=-8.0, draggable=False, flipHoriz=False, flipVert=False, font='Arial', fontFiles=[], height=np.float64(0.02), italic=False, languageStyle='LTR', name='text_18', opacity=1, ori=0.0, pos=array([ 0.2, -0.3]), rgb=UNKNOWN, text=str(...), units='height', win=Window(...), wrapWidth=1)
46.9981 	EXP 	Created text_19 = TextStim(__class__=<class 'psychopy.visual.text.TextStim'>, alignHoriz=method-wrapper(...), alignText='center', alignVert=method-wrapper(...), anchorHoriz='center', anchorVert='center', antialias=True, autoDraw=False, autoLog=True, bold=False, color=array([1., 1., 1.]), colorSpace='rgb', contrast=1.0, depth=-9.0, draggable=False, flipHoriz=False, flipVert=False, font='Arial', fontFiles=[], height=np.float64(0.02), italic=False, languageStyle='LTR', name='text_19', opacity=1, ori=0.0, pos=array([ 0.5, -0.3]), rgb=UNKNOWN, text=str(...), units='height', win=Window(...), wrapWidth=1)
0.2721 	EXP 	eyetracker.setRecordingState(True)
0.2725 	EXP 	eyetracker.setRecordingState(False)
0.3124 	INFO 	Keyboard events cleared
0.3115 	EXP 	ambewela: image = 'ambewelacheese.jpg'
0.3115 	EXP 	kothmale: image = 'kothmale cheese.jpg'
0.3115 	EXP 	happycow: image = 'happycow.jpeg'
0.3115 	EXP 	kraft: image = 'Kraft cheese.jpeg'
0.3115 	EXP 	richlife: image = 'richlifecheese.jpg'
0.3115 	EXP 	text: autoDraw = True
0.3115 	EXP 	ambewela: autoDraw = True
0.3115 	EXP 	kothmale: autoDraw = True
0.3115 	EXP 	happycow: autoDraw = True
0.3115 	EXP 	kraft: autoDraw = True
0.3115 	EXP 	richlife: autoDraw = True
0.3115 	EXP 	text_2: autoDraw = True
0.3115 	EXP 	text_3: autoDraw = True
0.3115 	EXP 	text_4: autoDraw = True
0.3115 	EXP 	text_5: autoDraw = True
0.3115 	EXP 	text_6: autoDraw = True
0.3115 	EXP 	text: height = np.float64(0.05)
0.3115 	EXP 	text: height = np.float64(0.05)
0.3115 	EXP 	text: height = np.float64(0.05)
0.3115 	EXP 	text: text = 'Which one are you going to buy?'
0.3144 	EXP 	eyetracker.setRecordingState(False)
0.3435 	EXP 	text: height = np.float64(0.05)
0.3435 	EXP 	text: height = np.float64(0.05)
0.3435 	EXP 	text: height = np.float64(0.05)
0.3435 	EXP 	text: text = 'Which one are you going to buy?'
0.3451 	EXP 	eyetracker.setRecordingState(False)
1.9777 	EXP 	text: height = np.float64(0.05)
1.9777 	EXP 	text: height = np.float64(0.05)
1.9777 	EXP 	text: height = np.float64(0.05)
1.9777 	EXP 	text: text = 'Which one are you going to buy?'
2.0292 	EXP 	eyetracker.setRecordingState(False)
2.2234 	EXP 	text: height = np.float64(0.05)
2.2234 	EXP 	text: height = np.float64(0.05)
2.2234 	EXP 	text: height = np.float64(0.05)
2.2234 	EXP 	text: text = 'Which one are you going to buy?'
2.2285 	EXP 	eyetracker.setRecordingState(False)
2.2434 	EXP 	text: height = np.float64(0.05)
2.2434 	EXP 	text: height = np.float64(0.05)
2.2434 	EXP 	text: height = np.float64(0.05)
2.2434 	EXP 	text: text = 'Which one are you going to buy?'
2.3429 	EXP 	eyetracker.setRecordingState(False)
2.3651 	EXP 	text: height = np.float64(0.05)
2.3651 	EXP 	text: height = np.float64(0.05)
2.3651 	EXP 	text: height = np.float64(0.05)
2.3651 	EXP 	text: text = 'Which one are you going to buy?'
2.3964 	EXP 	eyetracker.setRecordingState(False)
2.5281 	EXP 	text: height = np.float64(0.05)
2.5281 	EXP 	text: height = np.float64(0.05)
2.5281 	EXP 	text: height = np.float64(0.05)
2.5281 	EXP 	text: text = 'Which one are you going to buy?'
2.5346 	EXP 	eyetracker.setRecordingState(False)
2.5632 	EXP 	text: height = np.float64(0.05)
2.5632 	EXP 	text: height = np.float64(0.05)
2.5632 	EXP 	text: height = np.float64(0.05)
2.5632 	EXP 	text: text = 'Which one are you going to buy?'
2.6605 	EXP 	eyetracker.setRecordingState(False)
2.7027 	EXP 	text: height = np.float64(0.05)
2.7027 	EXP 	text: height = np.float64(0.05)
2.7027 	EXP 	text: height = np.float64(0.05)
2.7027 	EXP 	text: text = 'Which one are you going to buy?'
2.7043 	EXP 	eyetracker.setRecordingState(False)
2.7207 	EXP 	text: height = np.float64(0.05)
2.7207 	EXP 	text: height = np.float64(0.05)
2.7207 	EXP 	text: height = np.float64(0.05)
2.7207 	EXP 	text: text = 'Which one are you going to buy?'
2.7231 	EXP 	eyetracker.setRecordingState(False)
2.7514 	EXP 	text: height = np.float64(0.05)
2.7514 	EXP 	text: height = np.float64(0.05)
2.7514 	EXP 	text: height = np.float64(0.05)
2.7514 	EXP 	text: text = 'Which one are you going to buy?'
2.7523 	EXP 	eyetracker.setRecordingState(False)
2.7658 	EXP 	text: height = np.float64(0.05)
2.7658 	EXP 	text: height = np.float64(0.05)
2.7658 	EXP 	text: height = np.float64(0.05)
2.7658 	EXP 	text: text = 'Which one are you going to buy?'
2.7671 	EXP 	eyetracker.setRecordingState(False)
2.7775 	EXP 	text: height = np.float64(0.05)
2.7775 	EXP 	text: height = np.float64(0.05)
2.7775 	EXP 	text: height = np.float64(0.05)
2.7775 	EXP 	text: text = 'Which one are you going to buy?'
2.7791 	EXP 	eyetracker.setRecordingState(False)
2.7882 	EXP 	text: height = np.float64(0.05)
2.7882 	EXP 	text: height = np.float64(0.05)
2.7882 	EXP 	text: height = np.float64(0.05)
2.7882 	EXP 	text: text = 'Which one are you going to buy?'
2.7893 	EXP 	eyetracker.setRecordingState(False)
2.7991 	EXP 	text: height = np.float64(0.05)
2.7991 	EXP 	text: height = np.float64(0.05)
2.7991 	EXP 	text: height = np.float64(0.05)
2.7991 	EXP 	text: text = 'Which one are you going to buy?'
2.8005 	EXP 	eyetracker.setRecordingState(False)
2.8189 	EXP 	text: height = np.float64(0.05)
2.8189 	EXP 	text: height = np.float64(0.05)
2.8189 	EXP 	text: height = np.float64(0.05)
2.8189 	EXP 	text: text = 'Which one are you going to buy?'
2.8209 	EXP 	eyetracker.setRecordingState(False)
2.8384 	EXP 	text: height = np.float64(0.05)
2.8384 	EXP 	text: height = np.float64(0.05)
2.8384 	EXP 	text: height = np.float64(0.05)
2.8384 	EXP 	text: text = 'Which one are you going to buy?'
2.8401 	EXP 	eyetracker.setRecordingState(False)
2.8699 	EXP 	text: height = np.float64(0.05)
2.8699 	EXP 	text: height = np.float64(0.05)
2.8699 	EXP 	text: height = np.float64(0.05)
2.8699 	EXP 	text: text = 'Which one are you going to buy?'
2.8727 	EXP 	eyetracker.setRecordingState(False)
2.8971 	EXP 	text: height = np.float64(0.05)
2.8971 	EXP 	text: height = np.float64(0.05)
2.8971 	EXP 	text: height = np.float64(0.05)
2.8971 	EXP 	text: text = 'Which one are you going to buy?'
2.9002 	EXP 	eyetracker.setRecordingState(False)
2.9239 	EXP 	text: height = np.float64(0.05)
2.9239 	EXP 	text: height = np.float64(0.05)
2.9239 	EXP 	text: height = np.float64(0.05)
2.9239 	EXP 	text: text = 'Which one are you going to buy?'
2.9252 	EXP 	eyetracker.setRecordingState(False)
2.9392 	EXP 	text: height = np.float64(0.05)
2.9392 	EXP 	text: height = np.float64(0.05)
2.9392 	EXP 	text: height = np.float64(0.05)
2.9392 	EXP 	text: text = 'Which one are you going to buy?'
2.9404 	EXP 	eyetracker.setRecordingState(False)
2.9567 	EXP 	text: height = np.float64(0.05)
2.9567 	EXP 	text: height = np.float64(0.05)
2.9567 	EXP 	text: height = np.float64(0.05)
2.9567 	EXP 	text: text = 'Which one are you going to buy?'
2.9577 	EXP 	eyetracker.setRecordingState(False)
2.9715 	EXP 	text: height = np.float64(0.05)
2.9715 	EXP 	text: height = np.float64(0.05)
2.9715 	EXP 	text: height = np.float64(0.05)
2.9715 	EXP 	text: text = 'Which one are you going to buy?'
2.9744 	EXP 	eyetracker.setRecordingState(False)
3.0056 	EXP 	text: height = np.float64(0.05)
3.0056 	EXP 	text: height = np.float64(0.05)
3.0056 	EXP 	text: height = np.float64(0.05)
3.0056 	EXP 	text: text = 'Which one are you going to buy?'
3.0063 	EXP 	eyetracker.setRecordingState(False)
3.0175 	EXP 	text: height = np.float64(0.05)
3.0175 	EXP 	text: height = np.float64(0.05)
3.0175 	EXP 	text: height = np.float64(0.05)
3.0175 	EXP 	text: text = 'Which one are you going to buy?'
3.0188 	EXP 	eyetracker.setRecordingState(False)
3.0347 	DATA 	Mouse: Left button down, pos=(577,492)
3.0381 	EXP 	text: height = np.float64(0.05)
3.0381 	EXP 	text: height = np.float64(0.05)
3.0381 	EXP 	text: height = np.float64(0.05)
3.0381 	EXP 	text: text = 'Which one are you going to buy?'
3.0610 	EXP 	eyetracker.setRecordingState(False)
3.0670 	EXP 	eyetracker.setRecordingState(False)
3.1067 	INFO 	Keyboard events cleared
3.1051 	EXP 	text: autoDraw = False
3.1051 	EXP 	ambewela: autoDraw = False
3.1051 	EXP 	kothmale: autoDraw = False
3.1051 	EXP 	happycow: autoDraw = False
3.1051 	EXP 	kraft: autoDraw = False
3.1051 	EXP 	richlife: autoDraw = False
3.1051 	EXP 	text_2: autoDraw = False
3.1051 	EXP 	text_3: autoDraw = False
3.1051 	EXP 	text_4: autoDraw = False
3.1051 	EXP 	text_5: autoDraw = False
3.1051 	EXP 	text_6: autoDraw = False
3.1051 	EXP 	text_7: autoDraw = True
3.1051 	EXP 	highlandYoghurt: autoDraw = True
3.1051 	EXP 	anchoryoghurt: autoDraw = True
3.1051 	EXP 	ambewelayoghurt: autoDraw = True
3.1051 	EXP 	pelawatteyoghurt: autoDraw = True
3.1051 	EXP 	text_8: autoDraw = True
3.1051 	EXP 	text_9: autoDraw = True
3.1051 	EXP 	text_10: autoDraw = True
3.1051 	EXP 	text_11: autoDraw = True
3.1083 	EXP 	eyetracker.setRecordingState(False)
3.1158 	EXP 	eyetracker.setRecordingState(False)
3.1231 	EXP 	eyetracker.setRecordingState(False)
3.1374 	EXP 	eyetracker.setRecordingState(False)
3.1559 	EXP 	eyetracker.setRecordingState(False)
3.1727 	EXP 	eyetracker.setRecordingState(False)
3.1841 	EXP 	eyetracker.setRecordingState(False)
3.2015 	EXP 	eyetracker.setRecordingState(False)
3.2195 	EXP 	eyetracker.setRecordingState(False)
3.2381 	EXP 	eyetracker.setRecordingState(False)
3.2503 	EXP 	eyetracker.setRecordingState(False)
3.2580 	DATA 	Mouse:  Left button up, pos=(577,492)
3.2664 	EXP 	eyetracker.setRecordingState(False)
3.2781 	EXP 	eyetracker.setRecordingState(False)
3.2964 	EXP 	eyetracker.setRecordingState(False)
3.3025 	EXP 	eyetracker.setRecordingState(False)
3.3143 	EXP 	eyetracker.setRecordingState(False)
3.3212 	EXP 	eyetracker.setRecordingState(False)
3.3297 	EXP 	eyetracker.setRecordingState(False)
3.3384 	EXP 	eyetracker.setRecordingState(False)
3.3479 	EXP 	eyetracker.setRecordingState(False)
3.3586 	EXP 	eyetracker.setRecordingState(False)
3.3663 	EXP 	eyetracker.setRecordingState(False)
3.3736 	EXP 	eyetracker.setRecordingState(False)
3.3829 	EXP 	eyetracker.setRecordingState(False)
3.3891 	EXP 	eyetracker.setRecordingState(False)
3.3988 	EXP 	eyetracker.setRecordingState(False)
3.4092 	EXP 	eyetracker.setRecordingState(False)
3.4194 	EXP 	eyetracker.setRecordingState(False)
3.4286 	EXP 	eyetracker.setRecordingState(False)
3.4357 	EXP 	eyetracker.setRecordingState(False)
3.4408 	EXP 	eyetracker.setRecordingState(False)
3.4462 	EXP 	eyetracker.setRecordingState(False)
3.4512 	EXP 	eyetracker.setRecordingState(False)
3.4581 	EXP 	eyetracker.setRecordingState(False)
3.4652 	EXP 	eyetracker.setRecordingState(False)
3.4719 	EXP 	eyetracker.setRecordingState(False)
3.4791 	EXP 	eyetracker.setRecordingState(False)
3.4862 	EXP 	eyetracker.setRecordingState(False)
3.4930 	EXP 	eyetracker.setRecordingState(False)
3.4999 	EXP 	eyetracker.setRecordingState(False)
3.5069 	EXP 	eyetracker.setRecordingState(False)
3.5137 	EXP 	eyetracker.setRecordingState(False)
3.5207 	EXP 	eyetracker.setRecordingState(False)
3.5284 	EXP 	eyetracker.setRecordingState(False)
3.5360 	EXP 	eyetracker.setRecordingState(False)
3.5428 	EXP 	eyetracker.setRecordingState(False)
3.5491 	EXP 	eyetracker.setRecordingState(False)
3.5556 	EXP 	eyetracker.setRecordingState(False)
3.5623 	EXP 	eyetracker.setRecordingState(False)
3.5690 	EXP 	eyetracker.setRecordingState(False)
3.5759 	EXP 	eyetracker.setRecordingState(False)
3.5831 	EXP 	eyetracker.setRecordingState(False)
3.5903 	EXP 	eyetracker.setRecordingState(False)
3.5972 	EXP 	eyetracker.setRecordingState(False)
3.6039 	EXP 	eyetracker.setRecordingState(False)
3.6111 	EXP 	eyetracker.setRecordingState(False)
3.6182 	EXP 	eyetracker.setRecordingState(False)
3.6247 	EXP 	eyetracker.setRecordingState(False)
3.6318 	EXP 	eyetracker.setRecordingState(False)
3.6393 	EXP 	eyetracker.setRecordingState(False)
3.6455 	EXP 	eyetracker.setRecordingState(False)
3.6528 	EXP 	eyetracker.setRecordingState(False)
3.6596 	EXP 	eyetracker.setRecordingState(False)
3.6663 	EXP 	eyetracker.setRecordingState(False)
3.6750 	EXP 	eyetracker.setRecordingState(False)
3.6820 	EXP 	eyetracker.setRecordingState(False)
3.6992 	EXP 	eyetracker.setRecordingState(False)
3.7163 	EXP 	eyetracker.setRecordingState(False)
3.7439 	EXP 	eyetracker.setRecordingState(False)
3.7709 	EXP 	eyetracker.setRecordingState(False)
3.7833 	EXP 	eyetracker.setRecordingState(False)
3.8006 	EXP 	eyetracker.setRecordingState(False)
3.8078 	EXP 	eyetracker.setRecordingState(False)
3.8273 	EXP 	eyetracker.setRecordingState(False)
3.8393 	EXP 	eyetracker.setRecordingState(False)
3.8524 	EXP 	eyetracker.setRecordingState(False)
3.8686 	EXP 	eyetracker.setRecordingState(False)
3.8774 	EXP 	eyetracker.setRecordingState(False)
3.8866 	EXP 	eyetracker.setRecordingState(False)
3.8956 	EXP 	eyetracker.setRecordingState(False)
3.9011 	EXP 	eyetracker.setRecordingState(False)
3.9066 	EXP 	eyetracker.setRecordingState(False)
3.9158 	EXP 	eyetracker.setRecordingState(False)
3.9284 	EXP 	eyetracker.setRecordingState(False)
3.9477 	EXP 	eyetracker.setRecordingState(False)
3.9689 	EXP 	eyetracker.setRecordingState(False)
3.9872 	EXP 	eyetracker.setRecordingState(False)
3.9998 	EXP 	eyetracker.setRecordingState(False)
4.0052 	EXP 	eyetracker.setRecordingState(False)
4.0174 	EXP 	eyetracker.setRecordingState(False)
4.0254 	EXP 	eyetracker.setRecordingState(False)
4.0306 	EXP 	eyetracker.setRecordingState(False)
4.0416 	EXP 	eyetracker.setRecordingState(False)
4.0576 	EXP 	eyetracker.setRecordingState(False)
4.0694 	EXP 	eyetracker.setRecordingState(False)
4.0850 	EXP 	eyetracker.setRecordingState(False)
4.0901 	EXP 	eyetracker.setRecordingState(False)
4.0969 	EXP 	eyetracker.setRecordingState(False)
4.1065 	EXP 	eyetracker.setRecordingState(False)
4.1172 	EXP 	eyetracker.setRecordingState(False)
4.1237 	EXP 	eyetracker.setRecordingState(False)
4.1302 	EXP 	eyetracker.setRecordingState(False)
4.1351 	EXP 	eyetracker.setRecordingState(False)
4.1413 	EXP 	eyetracker.setRecordingState(False)
4.1509 	EXP 	eyetracker.setRecordingState(False)
4.1617 	EXP 	eyetracker.setRecordingState(False)
4.1721 	EXP 	eyetracker.setRecordingState(False)
4.1877 	EXP 	eyetracker.setRecordingState(False)
4.1940 	EXP 	eyetracker.setRecordingState(False)
4.2065 	EXP 	eyetracker.setRecordingState(False)
4.2125 	EXP 	eyetracker.setRecordingState(False)
4.2239 	EXP 	eyetracker.setRecordingState(False)
4.2368 	EXP 	eyetracker.setRecordingState(False)
4.2467 	EXP 	eyetracker.setRecordingState(False)
4.2607 	EXP 	eyetracker.setRecordingState(False)
4.2740 	EXP 	eyetracker.setRecordingState(False)
4.2877 	EXP 	eyetracker.setRecordingState(False)
4.3041 	EXP 	eyetracker.setRecordingState(False)
4.3170 	EXP 	eyetracker.setRecordingState(False)
4.3345 	EXP 	eyetracker.setRecordingState(False)
4.3524 	EXP 	eyetracker.setRecordingState(False)
4.3607 	EXP 	eyetracker.setRecordingState(False)
4.3831 	EXP 	eyetracker.setRecordingState(False)
4.4038 	EXP 	eyetracker.setRecordingState(False)
4.4177 	EXP 	eyetracker.setRecordingState(False)
4.4279 	EXP 	eyetracker.setRecordingState(False)
4.4438 	EXP 	eyetracker.setRecordingState(False)
4.4509 	EXP 	eyetracker.setRecordingState(False)
4.4691 	EXP 	eyetracker.setRecordingState(False)
4.4874 	EXP 	eyetracker.setRecordingState(False)
4.4973 	EXP 	eyetracker.setRecordingState(False)
4.5085 	EXP 	eyetracker.setRecordingState(False)
4.5161 	EXP 	eyetracker.setRecordingState(False)
4.5300 	EXP 	eyetracker.setRecordingState(False)
4.5409 	EXP 	eyetracker.setRecordingState(False)
4.5556 	EXP 	eyetracker.setRecordingState(False)
4.5684 	EXP 	eyetracker.setRecordingState(False)
4.5802 	EXP 	eyetracker.setRecordingState(False)
4.5963 	EXP 	eyetracker.setRecordingState(False)
4.6095 	EXP 	eyetracker.setRecordingState(False)
4.6229 	EXP 	eyetracker.setRecordingState(False)
4.6391 	EXP 	eyetracker.setRecordingState(False)
4.6544 	EXP 	eyetracker.setRecordingState(False)
4.6614 	EXP 	eyetracker.setRecordingState(False)
4.6721 	EXP 	eyetracker.setRecordingState(False)
4.6899 	EXP 	eyetracker.setRecordingState(False)
4.7030 	EXP 	eyetracker.setRecordingState(False)
4.7094 	EXP 	eyetracker.setRecordingState(False)
4.7168 	EXP 	eyetracker.setRecordingState(False)
4.7226 	EXP 	eyetracker.setRecordingState(False)
4.7320 	EXP 	eyetracker.setRecordingState(False)
4.7390 	DATA 	Mouse: Left button down, pos=(599,509)
4.7454 	EXP 	eyetracker.setRecordingState(False)
4.7505 	EXP 	eyetracker.setRecordingState(False)
4.7784 	INFO 	Keyboard events cleared
4.7759 	EXP 	text_7: autoDraw = False
4.7759 	EXP 	highlandYoghurt: autoDraw = False
4.7759 	EXP 	anchoryoghurt: autoDraw = False
4.7759 	EXP 	ambewelayoghurt: autoDraw = False
4.7759 	EXP 	pelawatteyoghurt: autoDraw = False
4.7759 	EXP 	text_8: autoDraw = False
4.7759 	EXP 	text_9: autoDraw = False
4.7759 	EXP 	text_10: autoDraw = False
4.7759 	EXP 	text_11: autoDraw = False
4.7759 	EXP 	text_12: autoDraw = True
4.7759 	EXP 	fortune: autoDraw = True
4.7759 	EXP 	marina: autoDraw = True
4.7759 	EXP 	Njoy: autoDraw = True
4.7759 	EXP 	text_13: autoDraw = True
4.7759 	EXP 	text_14: autoDraw = True
4.7759 	EXP 	text_15: autoDraw = True
4.7832 	EXP 	eyetracker.setRecordingState(False)
4.7968 	EXP 	eyetracker.setRecordingState(False)
4.8033 	EXP 	eyetracker.setRecordingState(False)
4.8102 	EXP 	eyetracker.setRecordingState(False)
4.8160 	EXP 	eyetracker.setRecordingState(False)
4.8299 	EXP 	eyetracker.setRecordingState(False)
4.8456 	EXP 	eyetracker.setRecordingState(False)
4.8547 	EXP 	eyetracker.setRecordingState(False)
4.8686 	EXP 	eyetracker.setRecordingState(False)
4.8777 	EXP 	eyetracker.setRecordingState(False)
4.8878 	EXP 	eyetracker.setRecordingState(False)
4.9017 	EXP 	eyetracker.setRecordingState(False)
4.9151 	EXP 	eyetracker.setRecordingState(False)
4.9256 	EXP 	eyetracker.setRecordingState(False)
4.9353 	EXP 	eyetracker.setRecordingState(False)
4.9513 	EXP 	eyetracker.setRecordingState(False)
4.9632 	DATA 	Mouse:  Left button up, pos=(599,509)
4.9701 	EXP 	eyetracker.setRecordingState(False)
4.9833 	EXP 	eyetracker.setRecordingState(False)
5.0019 	EXP 	eyetracker.setRecordingState(False)
5.0137 	EXP 	eyetracker.setRecordingState(False)
5.0240 	EXP 	eyetracker.setRecordingState(False)
5.0381 	EXP 	eyetracker.setRecordingState(False)
5.0501 	EXP 	eyetracker.setRecordingState(False)
5.0642 	EXP 	eyetracker.setRecordingState(False)
5.0786 	EXP 	eyetracker.setRecordingState(False)
5.0923 	EXP 	eyetracker.setRecordingState(False)
5.1078 	EXP 	eyetracker.setRecordingState(False)
5.1227 	EXP 	eyetracker.setRecordingState(False)
5.1438 	EXP 	eyetracker.setRecordingState(False)
5.1595 	EXP 	eyetracker.setRecordingState(False)
5.1758 	EXP 	eyetracker.setRecordingState(False)
5.1918 	EXP 	eyetracker.setRecordingState(False)
5.2199 	EXP 	eyetracker.setRecordingState(False)
5.2390 	EXP 	eyetracker.setRecordingState(False)
5.2503 	EXP 	eyetracker.setRecordingState(False)
5.2679 	EXP 	eyetracker.setRecordingState(False)
5.2872 	EXP 	eyetracker.setRecordingState(False)
5.2965 	EXP 	eyetracker.setRecordingState(False)
5.3047 	EXP 	eyetracker.setRecordingState(False)
5.3173 	EXP 	eyetracker.setRecordingState(False)
5.3282 	EXP 	eyetracker.setRecordingState(False)
5.3382 	EXP 	eyetracker.setRecordingState(False)
5.3479 	EXP 	eyetracker.setRecordingState(False)
5.3575 	EXP 	eyetracker.setRecordingState(False)
5.3689 	EXP 	eyetracker.setRecordingState(False)
5.3804 	EXP 	eyetracker.setRecordingState(False)
5.3874 	EXP 	eyetracker.setRecordingState(False)
5.3950 	EXP 	eyetracker.setRecordingState(False)
5.4095 	EXP 	eyetracker.setRecordingState(False)
5.4180 	EXP 	eyetracker.setRecordingState(False)
5.4313 	EXP 	eyetracker.setRecordingState(False)
5.4493 	EXP 	eyetracker.setRecordingState(False)
5.4764 	EXP 	eyetracker.setRecordingState(False)
5.4911 	EXP 	eyetracker.setRecordingState(False)
5.5072 	EXP 	eyetracker.setRecordingState(False)
5.5273 	EXP 	eyetracker.setRecordingState(False)
5.5417 	EXP 	eyetracker.setRecordingState(False)
5.5604 	EXP 	eyetracker.setRecordingState(False)
5.5821 	EXP 	eyetracker.setRecordingState(False)
5.6108 	EXP 	eyetracker.setRecordingState(False)
5.6304 	EXP 	eyetracker.setRecordingState(False)
5.6478 	EXP 	eyetracker.setRecordingState(False)
5.6627 	EXP 	eyetracker.setRecordingState(False)
5.6794 	EXP 	eyetracker.setRecordingState(False)
5.6980 	EXP 	eyetracker.setRecordingState(False)
5.7126 	EXP 	eyetracker.setRecordingState(False)
5.7314 	EXP 	eyetracker.setRecordingState(False)
5.7444 	EXP 	eyetracker.setRecordingState(False)
5.7537 	EXP 	eyetracker.setRecordingState(False)
5.7616 	EXP 	eyetracker.setRecordingState(False)
5.7711 	EXP 	eyetracker.setRecordingState(False)
5.7860 	EXP 	eyetracker.setRecordingState(False)
5.8009 	EXP 	eyetracker.setRecordingState(False)
5.8140 	EXP 	eyetracker.setRecordingState(False)
5.8232 	EXP 	eyetracker.setRecordingState(False)
5.8360 	EXP 	eyetracker.setRecordingState(False)
5.8461 	EXP 	eyetracker.setRecordingState(False)
5.8599 	EXP 	eyetracker.setRecordingState(False)
5.8690 	EXP 	eyetracker.setRecordingState(False)
5.8812 	EXP 	eyetracker.setRecordingState(False)
5.8941 	EXP 	eyetracker.setRecordingState(False)
5.9111 	EXP 	eyetracker.setRecordingState(False)
5.9275 	EXP 	eyetracker.setRecordingState(False)
5.9424 	EXP 	eyetracker.setRecordingState(False)
5.9590 	EXP 	eyetracker.setRecordingState(False)
5.9730 	EXP 	eyetracker.setRecordingState(False)
5.9873 	EXP 	eyetracker.setRecordingState(False)
6.0035 	EXP 	eyetracker.setRecordingState(False)
6.0219 	EXP 	eyetracker.setRecordingState(False)
6.0380 	EXP 	eyetracker.setRecordingState(False)
6.0527 	EXP 	eyetracker.setRecordingState(False)
6.0629 	DATA 	Mouse: Left button down, pos=(1526,532)
6.0715 	EXP 	eyetracker.setRecordingState(False)
6.0759 	EXP 	eyetracker.setRecordingState(False)
6.1180 	INFO 	Keyboard events cleared
6.1157 	EXP 	text_12: autoDraw = False
6.1157 	EXP 	fortune: autoDraw = False
6.1157 	EXP 	marina: autoDraw = False
6.1157 	EXP 	Njoy: autoDraw = False
6.1157 	EXP 	text_13: autoDraw = False
6.1157 	EXP 	text_14: autoDraw = False
6.1157 	EXP 	text_15: autoDraw = False
6.1157 	EXP 	text_instr: autoDraw = True
6.1157 	EXP 	kandos: autoDraw = True
6.1157 	EXP 	ritzbury: autoDraw = True
6.1157 	EXP 	revello: autoDraw = True
6.1157 	EXP 	cadbury: autoDraw = True
6.1157 	EXP 	text_20: autoDraw = True
6.1157 	EXP 	text_21: autoDraw = True
6.1157 	EXP 	text_22: autoDraw = True
6.1157 	EXP 	text_23: autoDraw = True
6.1226 	EXP 	eyetracker.setRecordingState(False)
6.1381 	EXP 	eyetracker.setRecordingState(False)
6.1503 	EXP 	eyetracker.setRecordingState(False)
6.1672 	EXP 	eyetracker.setRecordingState(False)
6.1827 	EXP 	eyetracker.setRecordingState(False)
6.1976 	EXP 	eyetracker.setRecordingState(False)
6.2124 	EXP 	eyetracker.setRecordingState(False)
6.2286 	EXP 	eyetracker.setRecordingState(False)
6.2434 	EXP 	eyetracker.setRecordingState(False)
6.2538 	EXP 	eyetracker.setRecordingState(False)
6.2621 	EXP 	eyetracker.setRecordingState(False)
6.2719 	EXP 	eyetracker.setRecordingState(False)
6.2805 	DATA 	Mouse:  Left button up, pos=(1526,532)
6.2825 	EXP 	eyetracker.setRecordingState(False)
6.2952 	EXP 	eyetracker.setRecordingState(False)
6.3017 	EXP 	eyetracker.setRecordingState(False)
6.3075 	EXP 	eyetracker.setRecordingState(False)
6.3131 	EXP 	eyetracker.setRecordingState(False)
6.3208 	EXP 	eyetracker.setRecordingState(False)
6.3264 	EXP 	eyetracker.setRecordingState(False)
6.3327 	EXP 	eyetracker.setRecordingState(False)
6.3419 	EXP 	eyetracker.setRecordingState(False)
6.3517 	EXP 	eyetracker.setRecordingState(False)
6.3581 	EXP 	eyetracker.setRecordingState(False)
6.3638 	EXP 	eyetracker.setRecordingState(False)
6.3719 	EXP 	eyetracker.setRecordingState(False)
6.3802 	EXP 	eyetracker.setRecordingState(False)
6.3914 	EXP 	eyetracker.setRecordingState(False)
6.3985 	EXP 	eyetracker.setRecordingState(False)
6.4046 	EXP 	eyetracker.setRecordingState(False)
6.4117 	EXP 	eyetracker.setRecordingState(False)
6.4178 	EXP 	eyetracker.setRecordingState(False)
6.4235 	EXP 	eyetracker.setRecordingState(False)
6.4288 	EXP 	eyetracker.setRecordingState(False)
6.4386 	EXP 	eyetracker.setRecordingState(False)
6.4477 	EXP 	eyetracker.setRecordingState(False)
6.4563 	EXP 	eyetracker.setRecordingState(False)
6.4653 	EXP 	eyetracker.setRecordingState(False)
6.4739 	EXP 	eyetracker.setRecordingState(False)
6.4895 	EXP 	eyetracker.setRecordingState(False)
6.4998 	EXP 	eyetracker.setRecordingState(False)
6.5140 	EXP 	eyetracker.setRecordingState(False)
6.5242 	EXP 	eyetracker.setRecordingState(False)
6.5398 	EXP 	eyetracker.setRecordingState(False)
6.5512 	EXP 	eyetracker.setRecordingState(False)
6.5616 	EXP 	eyetracker.setRecordingState(False)
6.5690 	EXP 	eyetracker.setRecordingState(False)
6.5791 	EXP 	eyetracker.setRecordingState(False)
6.5865 	EXP 	eyetracker.setRecordingState(False)
6.5938 	EXP 	eyetracker.setRecordingState(False)
6.6013 	EXP 	eyetracker.setRecordingState(False)
6.6088 	EXP 	eyetracker.setRecordingState(False)
6.6170 	EXP 	eyetracker.setRecordingState(False)
6.6249 	EXP 	eyetracker.setRecordingState(False)
6.6370 	EXP 	eyetracker.setRecordingState(False)
6.6526 	EXP 	eyetracker.setRecordingState(False)
6.6695 	EXP 	eyetracker.setRecordingState(False)
6.6842 	EXP 	eyetracker.setRecordingState(False)
6.6997 	EXP 	eyetracker.setRecordingState(False)
6.7156 	EXP 	eyetracker.setRecordingState(False)
6.7306 	EXP 	eyetracker.setRecordingState(False)
6.7467 	EXP 	eyetracker.setRecordingState(False)
6.7654 	EXP 	eyetracker.setRecordingState(False)
6.7809 	EXP 	eyetracker.setRecordingState(False)
6.7963 	EXP 	eyetracker.setRecordingState(False)
6.8126 	EXP 	eyetracker.setRecordingState(False)
6.8347 	EXP 	eyetracker.setRecordingState(False)
6.8567 	EXP 	eyetracker.setRecordingState(False)
6.8748 	EXP 	eyetracker.setRecordingState(False)
6.9113 	EXP 	eyetracker.setRecordingState(False)
6.9276 	EXP 	eyetracker.setRecordingState(False)
6.9525 	EXP 	eyetracker.setRecordingState(False)
6.9722 	EXP 	eyetracker.setRecordingState(False)
6.9961 	EXP 	eyetracker.setRecordingState(False)
7.0147 	EXP 	eyetracker.setRecordingState(False)
7.0277 	EXP 	eyetracker.setRecordingState(False)
7.0328 	EXP 	eyetracker.setRecordingState(False)
7.0420 	EXP 	eyetracker.setRecordingState(False)
7.0561 	EXP 	eyetracker.setRecordingState(False)
7.0716 	EXP 	eyetracker.setRecordingState(False)
7.0824 	EXP 	eyetracker.setRecordingState(False)
7.0887 	EXP 	eyetracker.setRecordingState(False)
7.0954 	EXP 	eyetracker.setRecordingState(False)
7.1001 	EXP 	eyetracker.setRecordingState(False)
7.1051 	EXP 	eyetracker.setRecordingState(False)
7.1113 	EXP 	eyetracker.setRecordingState(False)
7.1204 	EXP 	eyetracker.setRecordingState(False)
7.1310 	EXP 	eyetracker.setRecordingState(False)
7.1377 	EXP 	eyetracker.setRecordingState(False)
7.1450 	EXP 	eyetracker.setRecordingState(False)
7.1513 	EXP 	eyetracker.setRecordingState(False)
7.1583 	EXP 	eyetracker.setRecordingState(False)
7.1681 	EXP 	eyetracker.setRecordingState(False)
7.1743 	EXP 	eyetracker.setRecordingState(False)
7.1796 	EXP 	eyetracker.setRecordingState(False)
7.1861 	EXP 	eyetracker.setRecordingState(False)
7.1932 	EXP 	eyetracker.setRecordingState(False)
7.2002 	EXP 	eyetracker.setRecordingState(False)
7.2080 	EXP 	eyetracker.setRecordingState(False)
7.2160 	EXP 	eyetracker.setRecordingState(False)
7.2226 	EXP 	eyetracker.setRecordingState(False)
7.2317 	EXP 	eyetracker.setRecordingState(False)
7.2479 	EXP 	eyetracker.setRecordingState(False)
7.2690 	EXP 	eyetracker.setRecordingState(False)
7.2859 	EXP 	eyetracker.setRecordingState(False)
7.2991 	EXP 	eyetracker.setRecordingState(False)
7.3095 	EXP 	eyetracker.setRecordingState(False)
7.3232 	EXP 	eyetracker.setRecordingState(False)
7.3364 	EXP 	eyetracker.setRecordingState(False)
7.3514 	EXP 	eyetracker.setRecordingState(False)
7.3690 	EXP 	eyetracker.setRecordingState(False)
7.3823 	EXP 	eyetracker.setRecordingState(False)
7.3929 	EXP 	eyetracker.setRecordingState(False)
7.4032 	EXP 	eyetracker.setRecordingState(False)
7.4106 	EXP 	eyetracker.setRecordingState(False)
7.4211 	EXP 	eyetracker.setRecordingState(False)
7.4287 	EXP 	eyetracker.setRecordingState(False)
7.4348 	EXP 	eyetracker.setRecordingState(False)
7.4417 	EXP 	eyetracker.setRecordingState(False)
7.4486 	EXP 	eyetracker.setRecordingState(False)
7.4561 	EXP 	eyetracker.setRecordingState(False)
7.4640 	EXP 	eyetracker.setRecordingState(False)
7.4719 	EXP 	eyetracker.setRecordingState(False)
7.4791 	EXP 	eyetracker.setRecordingState(False)
7.4851 	EXP 	eyetracker.setRecordingState(False)
7.4918 	EXP 	eyetracker.setRecordingState(False)
7.4995 	EXP 	eyetracker.setRecordingState(False)
7.5106 	EXP 	eyetracker.setRecordingState(False)
7.5221 	EXP 	eyetracker.setRecordingState(False)
7.5316 	EXP 	eyetracker.setRecordingState(False)
7.5397 	EXP 	eyetracker.setRecordingState(False)
7.5520 	EXP 	eyetracker.setRecordingState(False)
7.5603 	EXP 	eyetracker.setRecordingState(False)
7.5705 	EXP 	eyetracker.setRecordingState(False)
7.5921 	EXP 	eyetracker.setRecordingState(False)
7.6034 	EXP 	eyetracker.setRecordingState(False)
7.6175 	EXP 	eyetracker.setRecordingState(False)
7.6328 	EXP 	eyetracker.setRecordingState(False)
7.6456 	EXP 	eyetracker.setRecordingState(False)
7.6764 	EXP 	eyetracker.setRecordingState(False)
7.6951 	EXP 	eyetracker.setRecordingState(False)
7.7177 	EXP 	eyetracker.setRecordingState(False)
7.7383 	EXP 	eyetracker.setRecordingState(False)
7.7573 	EXP 	eyetracker.setRecordingState(False)
7.7738 	EXP 	eyetracker.setRecordingState(False)
7.7899 	EXP 	eyetracker.setRecordingState(False)
7.8086 	EXP 	eyetracker.setRecordingState(False)
7.8258 	EXP 	eyetracker.setRecordingState(False)
7.8414 	EXP 	eyetracker.setRecordingState(False)
7.8553 	EXP 	eyetracker.setRecordingState(False)
7.8647 	EXP 	eyetracker.setRecordingState(False)
7.8808 	EXP 	eyetracker.setRecordingState(False)
7.8920 	EXP 	eyetracker.setRecordingState(False)
7.9040 	EXP 	eyetracker.setRecordingState(False)
7.9137 	EXP 	eyetracker.setRecordingState(False)
7.9225 	EXP 	eyetracker.setRecordingState(False)
7.9308 	EXP 	eyetracker.setRecordingState(False)
7.9412 	EXP 	eyetracker.setRecordingState(False)
7.9530 	EXP 	eyetracker.setRecordingState(False)
7.9616 	EXP 	eyetracker.setRecordingState(False)
7.9707 	EXP 	eyetracker.setRecordingState(False)
7.9765 	EXP 	eyetracker.setRecordingState(False)
7.9885 	EXP 	eyetracker.setRecordingState(False)
7.9964 	EXP 	eyetracker.setRecordingState(False)
8.0041 	EXP 	eyetracker.setRecordingState(False)
8.0102 	EXP 	eyetracker.setRecordingState(False)
8.0201 	EXP 	eyetracker.setRecordingState(False)
8.0282 	EXP 	eyetracker.setRecordingState(False)
8.0392 	EXP 	eyetracker.setRecordingState(False)
8.0498 	EXP 	eyetracker.setRecordingState(False)
8.0602 	EXP 	eyetracker.setRecordingState(False)
8.0736 	EXP 	eyetracker.setRecordingState(False)
8.0863 	EXP 	eyetracker.setRecordingState(False)
8.0997 	EXP 	eyetracker.setRecordingState(False)
8.1111 	EXP 	eyetracker.setRecordingState(False)
8.1213 	EXP 	eyetracker.setRecordingState(False)
8.1341 	EXP 	eyetracker.setRecordingState(False)
8.1473 	EXP 	eyetracker.setRecordingState(False)
8.1595 	EXP 	eyetracker.setRecordingState(False)
8.1725 	EXP 	eyetracker.setRecordingState(False)
8.1842 	EXP 	eyetracker.setRecordingState(False)
8.1969 	EXP 	eyetracker.setRecordingState(False)
8.2111 	EXP 	eyetracker.setRecordingState(False)
8.2302 	EXP 	eyetracker.setRecordingState(False)
8.2445 	EXP 	eyetracker.setRecordingState(False)
8.2579 	EXP 	eyetracker.setRecordingState(False)
8.2739 	EXP 	eyetracker.setRecordingState(False)
8.2897 	EXP 	eyetracker.setRecordingState(False)
8.3042 	EXP 	eyetracker.setRecordingState(False)
8.3156 	EXP 	eyetracker.setRecordingState(False)
8.3325 	EXP 	eyetracker.setRecordingState(False)
8.3415 	EXP 	eyetracker.setRecordingState(False)
8.3499 	EXP 	eyetracker.setRecordingState(False)
8.3674 	EXP 	eyetracker.setRecordingState(False)
8.3779 	EXP 	eyetracker.setRecordingState(False)
8.3886 	EXP 	eyetracker.setRecordingState(False)
8.3976 	EXP 	eyetracker.setRecordingState(False)
8.4051 	EXP 	eyetracker.setRecordingState(False)
8.4133 	EXP 	eyetracker.setRecordingState(False)
8.4189 	EXP 	eyetracker.setRecordingState(False)
8.4239 	EXP 	eyetracker.setRecordingState(False)
8.4292 	EXP 	eyetracker.setRecordingState(False)
8.4342 	EXP 	eyetracker.setRecordingState(False)
8.4439 	EXP 	eyetracker.setRecordingState(False)
8.4515 	EXP 	eyetracker.setRecordingState(False)
8.4621 	EXP 	eyetracker.setRecordingState(False)
8.4719 	EXP 	eyetracker.setRecordingState(False)
8.4894 	EXP 	eyetracker.setRecordingState(False)
8.5020 	EXP 	eyetracker.setRecordingState(False)
8.5148 	EXP 	eyetracker.setRecordingState(False)
8.5299 	EXP 	eyetracker.setRecordingState(False)
8.5423 	EXP 	eyetracker.setRecordingState(False)
8.5474 	EXP 	eyetracker.setRecordingState(False)
8.5519 	EXP 	eyetracker.setRecordingState(False)
8.5574 	EXP 	eyetracker.setRecordingState(False)
8.5622 	EXP 	eyetracker.setRecordingState(False)
8.5693 	EXP 	eyetracker.setRecordingState(False)
8.5764 	EXP 	eyetracker.setRecordingState(False)
8.5834 	EXP 	eyetracker.setRecordingState(False)
8.5903 	EXP 	eyetracker.setRecordingState(False)
8.5975 	EXP 	eyetracker.setRecordingState(False)
8.6040 	EXP 	eyetracker.setRecordingState(False)
8.6111 	EXP 	eyetracker.setRecordingState(False)
8.6180 	EXP 	eyetracker.setRecordingState(False)
8.6251 	EXP 	eyetracker.setRecordingState(False)
8.6320 	EXP 	eyetracker.setRecordingState(False)
8.6388 	EXP 	eyetracker.setRecordingState(False)
8.6459 	EXP 	eyetracker.setRecordingState(False)
8.6528 	EXP 	eyetracker.setRecordingState(False)
8.6597 	EXP 	eyetracker.setRecordingState(False)
8.6667 	EXP 	eyetracker.setRecordingState(False)
8.6757 	EXP 	eyetracker.setRecordingState(False)
8.6825 	EXP 	eyetracker.setRecordingState(False)
8.6944 	EXP 	eyetracker.setRecordingState(False)
8.7030 	EXP 	eyetracker.setRecordingState(False)
8.7096 	EXP 	eyetracker.setRecordingState(False)
8.7172 	EXP 	eyetracker.setRecordingState(False)
8.7265 	EXP 	eyetracker.setRecordingState(False)
8.7339 	EXP 	eyetracker.setRecordingState(False)
8.7474 	EXP 	eyetracker.setRecordingState(False)
8.7605 	EXP 	eyetracker.setRecordingState(False)
8.7783 	EXP 	eyetracker.setRecordingState(False)
8.7850 	EXP 	eyetracker.setRecordingState(False)
8.7910 	EXP 	eyetracker.setRecordingState(False)
8.7962 	EXP 	eyetracker.setRecordingState(False)
8.8017 	EXP 	eyetracker.setRecordingState(False)
8.8079 	EXP 	eyetracker.setRecordingState(False)
8.8166 	EXP 	eyetracker.setRecordingState(False)
8.8223 	EXP 	eyetracker.setRecordingState(False)
8.8296 	EXP 	eyetracker.setRecordingState(False)
8.8359 	EXP 	eyetracker.setRecordingState(False)
8.8422 	EXP 	eyetracker.setRecordingState(False)
8.8492 	EXP 	eyetracker.setRecordingState(False)
8.8542 	EXP 	eyetracker.setRecordingState(False)
8.8640 	EXP 	eyetracker.setRecordingState(False)
8.8705 	EXP 	eyetracker.setRecordingState(False)
8.8762 	EXP 	eyetracker.setRecordingState(False)
8.8823 	EXP 	eyetracker.setRecordingState(False)
8.8895 	EXP 	eyetracker.setRecordingState(False)
8.8966 	EXP 	eyetracker.setRecordingState(False)
8.9033 	EXP 	eyetracker.setRecordingState(False)
8.9103 	EXP 	eyetracker.setRecordingState(False)
8.9173 	EXP 	eyetracker.setRecordingState(False)
8.9262 	EXP 	eyetracker.setRecordingState(False)
8.9331 	EXP 	eyetracker.setRecordingState(False)
8.9400 	EXP 	eyetracker.setRecordingState(False)
8.9481 	EXP 	eyetracker.setRecordingState(False)
8.9562 	EXP 	eyetracker.setRecordingState(False)
8.9617 	EXP 	eyetracker.setRecordingState(False)
8.9676 	EXP 	eyetracker.setRecordingState(False)
8.9726 	EXP 	eyetracker.setRecordingState(False)
8.9788 	EXP 	eyetracker.setRecordingState(False)
8.9863 	EXP 	eyetracker.setRecordingState(False)
8.9934 	EXP 	eyetracker.setRecordingState(False)
9.0061 	EXP 	eyetracker.setRecordingState(False)
9.0112 	EXP 	eyetracker.setRecordingState(False)
9.0162 	EXP 	eyetracker.setRecordingState(False)
9.0227 	EXP 	eyetracker.setRecordingState(False)
9.0277 	EXP 	eyetracker.setRecordingState(False)
9.0354 	EXP 	eyetracker.setRecordingState(False)
9.0412 	EXP 	eyetracker.setRecordingState(False)
9.0482 	EXP 	eyetracker.setRecordingState(False)
9.0552 	EXP 	eyetracker.setRecordingState(False)
9.0621 	EXP 	eyetracker.setRecordingState(False)
9.0695 	EXP 	eyetracker.setRecordingState(False)
9.0801 	EXP 	eyetracker.setRecordingState(False)
9.0858 	EXP 	eyetracker.setRecordingState(False)
9.0905 	EXP 	eyetracker.setRecordingState(False)
9.0972 	EXP 	eyetracker.setRecordingState(False)
9.1043 	EXP 	eyetracker.setRecordingState(False)
9.1117 	EXP 	eyetracker.setRecordingState(False)
9.1182 	EXP 	eyetracker.setRecordingState(False)
9.1252 	EXP 	eyetracker.setRecordingState(False)
9.1322 	EXP 	eyetracker.setRecordingState(False)
9.1391 	EXP 	eyetracker.setRecordingState(False)
9.1462 	EXP 	eyetracker.setRecordingState(False)
9.1528 	EXP 	eyetracker.setRecordingState(False)
9.1630 	EXP 	eyetracker.setRecordingState(False)
9.1722 	EXP 	eyetracker.setRecordingState(False)
9.1820 	EXP 	eyetracker.setRecordingState(False)
9.1886 	EXP 	eyetracker.setRecordingState(False)
9.2011 	EXP 	eyetracker.setRecordingState(False)
9.2122 	EXP 	eyetracker.setRecordingState(False)
9.2311 	EXP 	eyetracker.setRecordingState(False)
9.2459 	EXP 	eyetracker.setRecordingState(False)
9.2579 	EXP 	eyetracker.setRecordingState(False)
9.2749 	EXP 	eyetracker.setRecordingState(False)
9.2898 	EXP 	eyetracker.setRecordingState(False)
9.3034 	EXP 	eyetracker.setRecordingState(False)
9.3173 	EXP 	eyetracker.setRecordingState(False)
9.3333 	EXP 	eyetracker.setRecordingState(False)
9.3450 	EXP 	eyetracker.setRecordingState(False)
9.3548 	EXP 	eyetracker.setRecordingState(False)
9.3648 	EXP 	eyetracker.setRecordingState(False)
9.3715 	EXP 	eyetracker.setRecordingState(False)
9.3774 	EXP 	eyetracker.setRecordingState(False)
9.3834 	EXP 	eyetracker.setRecordingState(False)
9.3899 	EXP 	eyetracker.setRecordingState(False)
9.3976 	EXP 	eyetracker.setRecordingState(False)
9.4130 	DATA 	Mouse: Left button down, pos=(1220,508)
9.4184 	EXP 	eyetracker.setRecordingState(False)
9.4226 	EXP 	eyetracker.setRecordingState(False)
9.4585 	INFO 	Keyboard events cleared
9.4570 	EXP 	text_instr: autoDraw = False
9.4570 	EXP 	kandos: autoDraw = False
9.4570 	EXP 	ritzbury: autoDraw = False
9.4570 	EXP 	revello: autoDraw = False
9.4570 	EXP 	cadbury: autoDraw = False
9.4570 	EXP 	text_20: autoDraw = False
9.4570 	EXP 	text_21: autoDraw = False
9.4570 	EXP 	text_22: autoDraw = False
9.4570 	EXP 	text_23: autoDraw = False
9.4570 	EXP 	text_instr_2: autoDraw = True
9.4570 	EXP 	goldi: autoDraw = True
9.4570 	EXP 	elephanthouse: autoDraw = True
9.4570 	EXP 	krest: autoDraw = True
9.4570 	EXP 	pussalla: autoDraw = True
9.4570 	EXP 	text_16: autoDraw = True
9.4570 	EXP 	text_17: autoDraw = True
9.4570 	EXP 	text_18: autoDraw = True
9.4570 	EXP 	text_19: autoDraw = True
9.4612 	EXP 	eyetracker.setRecordingState(False)
9.4726 	EXP 	eyetracker.setRecordingState(False)
9.4861 	EXP 	eyetracker.setRecordingState(False)
9.4978 	EXP 	eyetracker.setRecordingState(False)
9.5076 	EXP 	eyetracker.setRecordingState(False)
9.5176 	EXP 	eyetracker.setRecordingState(False)
9.5285 	EXP 	eyetracker.setRecordingState(False)
9.5432 	EXP 	eyetracker.setRecordingState(False)
9.5618 	EXP 	eyetracker.setRecordingState(False)
9.5796 	EXP 	eyetracker.setRecordingState(False)
9.5977 	EXP 	eyetracker.setRecordingState(False)
9.6111 	EXP 	eyetracker.setRecordingState(False)
9.6259 	EXP 	eyetracker.setRecordingState(False)
9.6368 	DATA 	Mouse:  Left button up, pos=(1220,508)
9.6438 	EXP 	eyetracker.setRecordingState(False)
9.6551 	EXP 	eyetracker.setRecordingState(False)
9.6970 	EXP 	eyetracker.setRecordingState(False)
9.7098 	EXP 	eyetracker.setRecordingState(False)
9.7257 	EXP 	eyetracker.setRecordingState(False)
9.7421 	EXP 	eyetracker.setRecordingState(False)
9.7605 	EXP 	eyetracker.setRecordingState(False)
9.7793 	EXP 	eyetracker.setRecordingState(False)
9.7958 	EXP 	eyetracker.setRecordingState(False)
9.8061 	EXP 	eyetracker.setRecordingState(False)
9.8155 	EXP 	eyetracker.setRecordingState(False)
9.8281 	EXP 	eyetracker.setRecordingState(False)
9.8392 	EXP 	eyetracker.setRecordingState(False)
9.8493 	EXP 	eyetracker.setRecordingState(False)
9.8599 	EXP 	eyetracker.setRecordingState(False)
9.8698 	EXP 	eyetracker.setRecordingState(False)
9.8793 	EXP 	eyetracker.setRecordingState(False)
9.8863 	EXP 	eyetracker.setRecordingState(False)
9.8961 	EXP 	eyetracker.setRecordingState(False)
9.9069 	EXP 	eyetracker.setRecordingState(False)
9.9217 	EXP 	eyetracker.setRecordingState(False)
9.9355 	EXP 	eyetracker.setRecordingState(False)
9.9511 	EXP 	eyetracker.setRecordingState(False)
9.9687 	EXP 	eyetracker.setRecordingState(False)
9.9848 	EXP 	eyetracker.setRecordingState(False)
10.0018 	EXP 	eyetracker.setRecordingState(False)
10.0183 	EXP 	eyetracker.setRecordingState(False)
10.0314 	EXP 	eyetracker.setRecordingState(False)
10.0473 	EXP 	eyetracker.setRecordingState(False)
10.0613 	EXP 	eyetracker.setRecordingState(False)
10.0778 	EXP 	eyetracker.setRecordingState(False)
10.0964 	EXP 	eyetracker.setRecordingState(False)
10.1130 	EXP 	eyetracker.setRecordingState(False)
10.1286 	EXP 	eyetracker.setRecordingState(False)
10.1429 	EXP 	eyetracker.setRecordingState(False)
10.1593 	EXP 	eyetracker.setRecordingState(False)
10.1766 	EXP 	eyetracker.setRecordingState(False)
10.1912 	EXP 	eyetracker.setRecordingState(False)
10.2192 	EXP 	eyetracker.setRecordingState(False)
10.2344 	EXP 	eyetracker.setRecordingState(False)
10.2522 	EXP 	eyetracker.setRecordingState(False)
10.2683 	EXP 	eyetracker.setRecordingState(False)
10.2877 	EXP 	eyetracker.setRecordingState(False)
10.3108 	EXP 	eyetracker.setRecordingState(False)
10.3292 	EXP 	eyetracker.setRecordingState(False)
10.3460 	EXP 	eyetracker.setRecordingState(False)
10.3631 	EXP 	eyetracker.setRecordingState(False)
10.3793 	EXP 	eyetracker.setRecordingState(False)
10.3936 	EXP 	eyetracker.setRecordingState(False)
10.4096 	EXP 	eyetracker.setRecordingState(False)
10.4185 	EXP 	eyetracker.setRecordingState(False)
10.4325 	EXP 	eyetracker.setRecordingState(False)
10.4461 	EXP 	eyetracker.setRecordingState(False)
10.4635 	EXP 	eyetracker.setRecordingState(False)
10.4806 	EXP 	eyetracker.setRecordingState(False)
10.4948 	EXP 	eyetracker.setRecordingState(False)
10.5082 	EXP 	eyetracker.setRecordingState(False)
10.5227 	EXP 	eyetracker.setRecordingState(False)
10.5363 	EXP 	eyetracker.setRecordingState(False)
10.5511 	EXP 	eyetracker.setRecordingState(False)
10.5674 	EXP 	eyetracker.setRecordingState(False)
10.5876 	EXP 	eyetracker.setRecordingState(False)
10.6027 	EXP 	eyetracker.setRecordingState(False)
10.6159 	EXP 	eyetracker.setRecordingState(False)
10.6319 	EXP 	eyetracker.setRecordingState(False)
10.6482 	EXP 	eyetracker.setRecordingState(False)
10.6670 	DATA 	Mouse: Left button down, pos=(1220,508)
10.6733 	EXP 	eyetracker.setRecordingState(False)
10.6814 	EXP 	text_instr_2: autoDraw = False
10.6814 	EXP 	goldi: autoDraw = False
10.6814 	EXP 	elephanthouse: autoDraw = False
10.6814 	EXP 	krest: autoDraw = False
10.6814 	EXP 	pussalla: autoDraw = False
10.6814 	EXP 	text_16: autoDraw = False
10.6814 	EXP 	text_17: autoDraw = False
10.6814 	EXP 	text_18: autoDraw = False
10.6814 	EXP 	text_19: autoDraw = False
10.6821 	EXP 	Cheese: status = STOPPED
10.7517 	INFO 	saved data to 'C:\\Users\\M S I\\OneDrive\\Documents\\GitHub\\Research-Project\\data\\102855_Cheese_2026-04-22_17h33.15.582.csv'
10.7570 	INFO 	saved data to C:\Users\M S I\OneDrive\Documents\GitHub\Research-Project\data\102855_Cheese_2026-04-22_17h33.15.582.psydat
