133.9921 	INFO 	Loaded monitor calibration from ['2025_12_23 12:18']
134.0573 	WARNING 	User requested fullscreen with size [1024  768], but screen is actually [1920, 1080]. Using actual size
134.5665 	INFO 	Using renderer 'Intel(R) UHD Graphics' for graphics
134.5666 	INFO 	OpenGL version supported by driver is 4..
134.5841 	EXP 	Created window1 = Window(allowGUI=True, allowStencil=False, autoLog=True, backendConf=UNKNOWN, backgroundFit=<method-wrapper '__getattribute__' of attributeSetter object at 0x000002015E21DE10>, backgroundImage=<method-wrapper '__getattribute__' of attributeSetter object at 0x000002015E21D570>, bitsMode=UNKNOWN, blendMode='avg', bpc=(8, 8, 8), color=array([-1., -1., -1.]), colorSpace='rgb', depthBits=8, fullscr=True, gamma=None, gammaErrorPolicy='raise', infoMsg=UNKNOWN, lms=UNKNOWN, monitor=<psychopy.monitors.calibTools.Monitor object at 0x0000020169D80580>, multiSample=False, name='window1', numSamples=2, pos=[np.float64(0.0), np.float64(0.0)], screen=0, size=array([1920, 1080]), stencilBits=0, stereo=False, title='PsychoPy', units='height', useFBO=True, useRetina=False, viewOri=0.0, viewPos=None, viewScale=None, waitBlanking=True, winType='pyglet')
134.5842 	EXP 	window1: backgroundImage = ''
134.5842 	EXP 	window1: backgroundFit = 'none'
135.1269 	EXP 	window1: Attempting to measure frame rate of screen (0) ...
135.1269 	EXP 	window1: recordFrameIntervals = False
135.1887 	EXP 	window1: recordFrameIntervals = True
135.2659 	EXP 	Screen (0) actual frame rate measured at 143.83Hz
135.2660 	EXP 	window1: recordFrameIntervals = False
144.5866 	INFO 	keyboard.Keyboard is using iohub backend.
144.5866 	EXP 	Cheese: status = STARTED
144.6396 	EXP 	Created text = TextStim(__class__=<class 'psychopy.visual.text.TextStim'>, alignHoriz=method-wrapper(...), alignText='center', alignVert=method-wrapper(...), anchorHoriz='center', anchorVert='center', antialias=True, autoDraw=False, autoLog=True, bold=False, color=array([1., 1., 1.]), colorSpace='rgb', contrast=1.0, depth=0.0, draggable=False, flipHoriz=False, flipVert=False, font='Arial', fontFiles=[], height=0.05, italic=False, languageStyle='LTR', name='text', opacity=1, ori=0.0, pos=array([0. , 0.3]), rgb=UNKNOWN, text='', units='height', win=Window(...), wrapWidth=1)
144.6920 	EXP 	Created ambewela = ImageStim(__class__=<class 'psychopy.visual.image.ImageStim'>, anchor=('center', 'center'), autoLog=True, color=array([1., 1., 1.]), colorSpace='rgb', contrast=1.0, depth=-1.0, draggable=False, flipHoriz=np.False_, flipVert=np.False_, image='default.png', interpolate=True, mask=None, maskParams=None, name='ambewela', opacity=1.0, ori=0.0, pos=array([-0.6,  0. ]), size=array([0.2, 0.2]), texRes=128.0, units='height', win=Window(...))
144.7008 	EXP 	Created kothmale = ImageStim(__class__=<class 'psychopy.visual.image.ImageStim'>, anchor=('center', 'center'), autoLog=True, color=array([1., 1., 1.]), colorSpace='rgb', contrast=1.0, depth=-2.0, draggable=False, flipHoriz=np.False_, flipVert=np.False_, image='default.png', interpolate=True, mask=None, maskParams=None, name='kothmale', opacity=1.0, ori=0.0, pos=array([-0.3,  0. ]), size=array([0.2, 0.2]), texRes=128.0, units='height', win=Window(...))
144.7051 	EXP 	Created happycow = ImageStim(__class__=<class 'psychopy.visual.image.ImageStim'>, anchor=('center', 'center'), autoLog=True, color=array([1., 1., 1.]), colorSpace='rgb', contrast=1.0, depth=-3.0, draggable=False, flipHoriz=np.False_, flipVert=np.False_, image='default.png', interpolate=True, mask=None, maskParams=None, name='happycow', opacity=1.0, ori=0.0, pos=array([0., 0.]), size=array([0.2, 0.2]), texRes=128.0, units='height', win=Window(...))
144.7088 	EXP 	Created kraft = ImageStim(__class__=<class 'psychopy.visual.image.ImageStim'>, anchor=('center', 'center'), autoLog=True, color=array([1., 1., 1.]), colorSpace='rgb', contrast=1.0, depth=-4.0, draggable=False, flipHoriz=np.False_, flipVert=np.False_, image='default.png', interpolate=True, mask=None, maskParams=None, name='kraft', opacity=1.0, ori=0.0, pos=array([0.3, 0. ]), size=array([0.2, 0.2]), texRes=128.0, units='height', win=Window(...))
144.7142 	EXP 	Created richlife = ImageStim(__class__=<class 'psychopy.visual.image.ImageStim'>, anchor=('center', 'center'), autoLog=True, color=array([1., 1., 1.]), colorSpace='rgb', contrast=1.0, depth=-5.0, draggable=False, flipHoriz=np.False_, flipVert=np.False_, image='default.png', interpolate=True, mask=None, maskParams=None, name='richlife', opacity=1.0, ori=0.0, pos=array([0.6, 0. ]), size=array([0.2, 0.2]), texRes=128.0, units='height', win=Window(...))
144.8208 	EXP 	Created text_2 = TextStim(__class__=<class 'psychopy.visual.text.TextStim'>, alignHoriz=method-wrapper(...), alignText='center', alignVert=method-wrapper(...), anchorHoriz='center', anchorVert='center', antialias=True, autoDraw=False, autoLog=True, bold=False, color=array([1., 1., 1.]), colorSpace='rgb', contrast=1.0, depth=-6.0, draggable=False, flipHoriz=False, flipVert=False, font='Arial', fontFiles=[], height=np.float64(0.02), italic=False, languageStyle='LTR', name='text_2', opacity=1, ori=0.0, pos=array([-0.6, -0.3]), rgb=UNKNOWN, text=str(...), units='height', win=Window(...), wrapWidth=1)
144.8297 	EXP 	Created text_3 = TextStim(__class__=<class 'psychopy.visual.text.TextStim'>, alignHoriz=method-wrapper(...), alignText='center', alignVert=method-wrapper(...), anchorHoriz='center', anchorVert='center', antialias=True, autoDraw=False, autoLog=True, bold=False, color=array([1., 1., 1.]), colorSpace='rgb', contrast=1.0, depth=-7.0, draggable=False, flipHoriz=False, flipVert=False, font='Arial', fontFiles=[], height=np.float64(0.02), italic=False, languageStyle='LTR', name='text_3', opacity=1, ori=0.0, pos=array([-0.3, -0.3]), rgb=UNKNOWN, text='Kothmale Cheddar\n250 g \nRs 1300', units='height', win=Window(...), wrapWidth=1)
144.8516 	EXP 	Created text_4 = TextStim(__class__=<class 'psychopy.visual.text.TextStim'>, alignHoriz=method-wrapper(...), alignText='center', alignVert=method-wrapper(...), anchorHoriz='center', anchorVert='center', antialias=True, autoDraw=False, autoLog=True, bold=False, color=array([1., 1., 1.]), colorSpace='rgb', contrast=1.0, depth=-8.0, draggable=False, flipHoriz=False, flipVert=False, font='Arial', fontFiles=[], height=np.float64(0.02), italic=False, languageStyle='LTR', name='text_4', opacity=1, ori=0.0, pos=array([ 0. , -0.3]), rgb=UNKNOWN, text='HappyCow Cheese\n340 g\nRs 1200', units='height', win=Window(...), wrapWidth=1)
144.9587 	EXP 	Created text_5 = TextStim(__class__=<class 'psychopy.visual.text.TextStim'>, alignHoriz=method-wrapper(...), alignText='center', alignVert=method-wrapper(...), anchorHoriz='center', anchorVert='center', antialias=True, autoDraw=False, autoLog=True, bold=False, color=array([1., 1., 1.]), colorSpace='rgb', contrast=1.0, depth=-9.0, draggable=False, flipHoriz=False, flipVert=False, font='Arial', fontFiles=[], height=np.float64(0.02), italic=False, languageStyle='LTR', name='text_5', opacity=1, ori=0.0, pos=array([ 0.3, -0.3]), rgb=UNKNOWN, text='Kraft Cheddar Cheese\n250 g\nRs 2590', units='height', win=Window(...), wrapWidth=1)
145.0126 	EXP 	Created text_6 = TextStim(__class__=<class 'psychopy.visual.text.TextStim'>, alignHoriz=method-wrapper(...), alignText='center', alignVert=method-wrapper(...), anchorHoriz='center', anchorVert='center', antialias=True, autoDraw=False, autoLog=True, bold=False, color=array([1., 1., 1.]), colorSpace='rgb', contrast=1.0, depth=-10.0, draggable=False, flipHoriz=False, flipVert=False, font='Arial', fontFiles=[], height=np.float64(0.02), italic=False, languageStyle='LTR', name='text_6', opacity=1, ori=0.0, pos=array([ 0.6, -0.3]), rgb=UNKNOWN, text='Rich Life Cheddar Cheese\n100 g\nRs 625', units='height', win=Window(...), wrapWidth=1)
145.0661 	EXP 	Created text_7 = TextStim(__class__=<class 'psychopy.visual.text.TextStim'>, alignHoriz=method-wrapper(...), alignText='center', alignVert=method-wrapper(...), anchorHoriz='center', anchorVert='center', antialias=True, autoDraw=False, autoLog=True, bold=False, color=array([1., 1., 1.]), colorSpace='rgb', contrast=1.0, depth=0.0, draggable=False, flipHoriz=False, flipVert=False, font='Arial', fontFiles=[], height=np.float64(0.05), italic=False, languageStyle='LTR', name='text_7', opacity=1, ori=0.0, pos=array([0. , 0.3]), rgb=UNKNOWN, text='Which one are you going to buy ?', units='height', win=Window(...), wrapWidth=1)
145.0872 	EXP 	Created highlandYoghurt = ImageStim(__class__=<class 'psychopy.visual.image.ImageStim'>, anchor=('center', 'center'), autoLog=True, color=array([1., 1., 1.]), colorSpace='rgb', contrast=1.0, depth=-1.0, draggable=False, flipHoriz=np.False_, flipVert=np.False_, image='Highland yp.jpg', interpolate=True, mask=None, maskParams=None, name='highlandYoghurt', opacity=1, ori=0.0, pos=array([-0.4,  0. ]), size=array([0.2, 0.2]), texRes=128.0, units='height', win=Window(...))
145.1120 	EXP 	Created anchoryoghurt = ImageStim(__class__=<class 'psychopy.visual.image.ImageStim'>, anchor=('center', 'center'), autoLog=True, color=array([1., 1., 1.]), colorSpace='rgb', contrast=1.0, depth=-2.0, draggable=False, flipHoriz=np.False_, flipVert=np.False_, image='anchor youghurt.jpg', interpolate=True, mask=None, maskParams=None, name='anchoryoghurt', opacity=1, ori=0.0, pos=array([-0.1,  0. ]), size=array([0.2, 0.2]), texRes=128.0, units='height', win=Window(...))
145.1316 	EXP 	Created ambewelayoghurt = ImageStim(__class__=<class 'psychopy.visual.image.ImageStim'>, anchor=('center', 'center'), autoLog=True, color=array([1., 1., 1.]), colorSpace='rgb', contrast=1.0, depth=-3.0, draggable=False, flipHoriz=np.False_, flipVert=np.False_, image='ambewela yoghurt.jpg', interpolate=True, mask=None, maskParams=None, name='ambewelayoghurt', opacity=1, ori=0.0, pos=array([0.2, 0. ]), size=array([0.2, 0.2]), texRes=128.0, units='height', win=Window(...))
145.1462 	EXP 	Created pelawatteyoghurt = ImageStim(__class__=<class 'psychopy.visual.image.ImageStim'>, anchor=('center', 'center'), autoLog=True, color=array([1., 1., 1.]), colorSpace='rgb', contrast=1.0, depth=-4.0, draggable=False, flipHoriz=np.False_, flipVert=np.False_, image='pelawatteypughurt.jpeg', interpolate=True, mask=None, maskParams=None, name='pelawatteyoghurt', opacity=1, ori=0.0, pos=array([0.5, 0. ]), size=array([0.2, 0.2]), texRes=128.0, units='height', win=Window(...))
145.1646 	EXP 	Created text_8 = TextStim(__class__=<class 'psychopy.visual.text.TextStim'>, alignHoriz=method-wrapper(...), alignText='center', alignVert=method-wrapper(...), anchorHoriz='center', anchorVert='center', antialias=True, autoDraw=False, autoLog=True, bold=False, color=array([1., 1., 1.]), colorSpace='rgb', contrast=1.0, depth=-5.0, draggable=False, flipHoriz=False, flipVert=False, font='Arial', fontFiles=[], height=np.float64(0.02), italic=False, languageStyle='LTR', name='text_8', opacity=1, ori=0.0, pos=array([-0.4, -0.3]), rgb=UNKNOWN, text=str(...), units='height', win=Window(...), wrapWidth=1)
145.1767 	EXP 	Created text_9 = TextStim(__class__=<class 'psychopy.visual.text.TextStim'>, alignHoriz=method-wrapper(...), alignText='center', alignVert=method-wrapper(...), anchorHoriz='center', anchorVert='center', antialias=True, autoDraw=False, autoLog=True, bold=False, color=array([1., 1., 1.]), colorSpace='rgb', contrast=1.0, depth=-6.0, draggable=False, flipHoriz=False, flipVert=False, font='Arial', fontFiles=[], height=np.float64(0.02), italic=False, languageStyle='LTR', name='text_9', opacity=1, ori=0.0, pos=array([-0.1, -0.3]), rgb=UNKNOWN, text='Anchor Yoghurt\n     80 g\n   Rs 70', units='height', win=Window(...), wrapWidth=1)
145.1973 	EXP 	Created text_10 = TextStim(__class__=<class 'psychopy.visual.text.TextStim'>, alignHoriz=method-wrapper(...), alignText='center', alignVert=method-wrapper(...), anchorHoriz='center', anchorVert='center', antialias=True, autoDraw=False, autoLog=True, bold=False, color=array([1., 1., 1.]), colorSpace='rgb', contrast=1.0, depth=-7.0, draggable=False, flipHoriz=False, flipVert=False, font='Arial', fontFiles=[], height=np.float64(0.02), italic=False, languageStyle='LTR', name='text_10', opacity=1, ori=0.0, pos=array([ 0.2, -0.3]), rgb=UNKNOWN, text='Ambewela Yoghurt\n      80 g\n     Rs 70', units='height', win=Window(...), wrapWidth=1)
145.2098 	EXP 	Created text_11 = TextStim(__class__=<class 'psychopy.visual.text.TextStim'>, alignHoriz=method-wrapper(...), alignText='center', alignVert=method-wrapper(...), anchorHoriz='center', anchorVert='center', antialias=True, autoDraw=False, autoLog=True, bold=False, color=array([1., 1., 1.]), colorSpace='rgb', contrast=1.0, depth=-8.0, draggable=False, flipHoriz=False, flipVert=False, font='Arial', fontFiles=[], height=np.float64(0.02), italic=False, languageStyle='LTR', name='text_11', opacity=1, ori=0.0, pos=array([ 0.5, -0.3]), rgb=UNKNOWN, text='Pelawatte Yoghurt\n       80 g\n      Rs  50', units='height', win=Window(...), wrapWidth=1)
145.2199 	EXP 	Created text_12 = TextStim(__class__=<class 'psychopy.visual.text.TextStim'>, alignHoriz=method-wrapper(...), alignText='center', alignVert=method-wrapper(...), anchorHoriz='center', anchorVert='center', antialias=True, autoDraw=False, autoLog=True, bold=False, color=array([1., 1., 1.]), colorSpace='rgb', contrast=1.0, depth=0.0, draggable=False, flipHoriz=False, flipVert=False, font='Arial', fontFiles=[], height=np.float64(0.05), italic=False, languageStyle='LTR', name='text_12', opacity=1, ori=0.0, pos=array([0. , 0.3]), rgb=UNKNOWN, text='Which one are you going to buy?', units='height', win=Window(...), wrapWidth=1)
145.2723 	EXP 	Created fortune = ImageStim(__class__=<class 'psychopy.visual.image.ImageStim'>, anchor=('center', 'center'), autoLog=True, color=array([1., 1., 1.]), colorSpace='rgb', contrast=1.0, depth=-1.0, draggable=False, flipHoriz=np.False_, flipVert=np.False_, image='fortune.jpg', interpolate=True, mask=None, maskParams=None, name='fortune', opacity=1, ori=0.0, pos=array([-0.5,  0. ]), size=array([0.2, 0.2]), texRes=128.0, units='height', win=Window(...))
145.2898 	EXP 	Created marina = ImageStim(__class__=<class 'psychopy.visual.image.ImageStim'>, anchor=('center', 'center'), autoLog=True, color=array([1., 1., 1.]), colorSpace='rgb', contrast=1.0, depth=-2.0, draggable=False, flipHoriz=np.False_, flipVert=np.False_, image='marina.jpeg', interpolate=True, mask=None, maskParams=None, name='marina', opacity=1, ori=0.0, pos=array([0., 0.]), size=array([0.2, 0.2]), texRes=128.0, units='height', win=Window(...))
145.3365 	EXP 	Created Njoy = ImageStim(__class__=<class 'psychopy.visual.image.ImageStim'>, anchor=('center', 'center'), autoLog=True, color=array([1., 1., 1.]), colorSpace='rgb', contrast=1.0, depth=-3.0, draggable=False, flipHoriz=np.False_, flipVert=np.False_, image='Njoy.jpg', interpolate=True, mask=None, maskParams=None, name='Njoy', opacity=1, ori=0.0, pos=array([0.5, 0. ]), size=array([0.2, 0.2]), texRes=128.0, units='height', win=Window(...))
145.3451 	EXP 	Created text_13 = TextStim(__class__=<class 'psychopy.visual.text.TextStim'>, alignHoriz=method-wrapper(...), alignText='center', alignVert=method-wrapper(...), anchorHoriz='center', anchorVert='center', antialias=True, autoDraw=False, autoLog=True, bold=False, color=array([1., 1., 1.]), colorSpace='rgb', contrast=1.0, depth=-4.0, draggable=False, flipHoriz=False, flipVert=False, font='Arial', fontFiles=[], height=np.float64(0.02), italic=False, languageStyle='LTR', name='text_13', opacity=1, ori=0.0, pos=array([-0.5, -0.3]), rgb=UNKNOWN, text=str(...), units='height', win=Window(...), wrapWidth=1)
145.3555 	EXP 	Created text_14 = TextStim(__class__=<class 'psychopy.visual.text.TextStim'>, alignHoriz=method-wrapper(...), alignText='center', alignVert=method-wrapper(...), anchorHoriz='center', anchorVert='center', antialias=True, autoDraw=False, autoLog=True, bold=False, color=array([1., 1., 1.]), colorSpace='rgb', contrast=1.0, depth=-5.0, draggable=False, flipHoriz=False, flipVert=False, font='Arial', fontFiles=[], height=np.float64(0.02), italic=False, languageStyle='LTR', name='text_14', opacity=1, ori=0.0, pos=array([ 0. , -0.3]), rgb=UNKNOWN, text=str(...), units='height', win=Window(...), wrapWidth=1)
145.3628 	EXP 	Created text_15 = TextStim(__class__=<class 'psychopy.visual.text.TextStim'>, alignHoriz=method-wrapper(...), alignText='center', alignVert=method-wrapper(...), anchorHoriz='center', anchorVert='center', antialias=True, autoDraw=False, autoLog=True, bold=False, color=array([1., 1., 1.]), colorSpace='rgb', contrast=1.0, depth=-6.0, draggable=False, flipHoriz=False, flipVert=False, font='Arial', fontFiles=[], height=np.float64(0.02), italic=False, languageStyle='LTR', name='text_15', opacity=1, ori=0.0, pos=array([ 0.5, -0.3]), rgb=UNKNOWN, text=str(...), units='height', win=Window(...), wrapWidth=1)
145.3788 	EXP 	Created text_instr = TextStim(__class__=<class 'psychopy.visual.text.TextStim'>, alignHoriz=method-wrapper(...), alignText='center', alignVert=method-wrapper(...), anchorHoriz='center', anchorVert='center', antialias=True, autoDraw=False, autoLog=True, bold=False, color=array([1., 1., 1.]), colorSpace='rgb', contrast=1.0, depth=0.0, draggable=False, flipHoriz=False, flipVert=False, font='Arial', fontFiles=[], height=np.float64(0.04), italic=False, languageStyle='LTR', name='text_instr', opacity=1, ori=0.0, pos=array([0. , 0.3]), rgb=UNKNOWN, text='Which one are you going to buy?', units='height', win=Window(...), wrapWidth=1)
145.4019 	EXP 	Created kandos = ImageStim(__class__=<class 'psychopy.visual.image.ImageStim'>, anchor=('center', 'center'), autoLog=True, color=array([1., 1., 1.]), colorSpace='rgb', contrast=1.0, depth=-1.0, draggable=False, flipHoriz=np.False_, flipVert=np.False_, image='Kandos.jpeg', interpolate=True, mask=None, maskParams=None, name='kandos', opacity=1, ori=0.0, pos=array([-0.4,  0. ]), size=array([0.2, 0.2]), texRes=128.0, units='height', win=Window(...))
145.4089 	EXP 	Created ritzbury = ImageStim(__class__=<class 'psychopy.visual.image.ImageStim'>, anchor=('center', 'center'), autoLog=True, color=array([1., 1., 1.]), colorSpace='rgb', contrast=1.0, depth=-2.0, draggable=False, flipHoriz=np.False_, flipVert=np.False_, image='ritzbury.jpg', interpolate=True, mask=None, maskParams=None, name='ritzbury', opacity=1.0, ori=0.0, pos=array([-0.1,  0. ]), size=array([0.2, 0.2]), texRes=128.0, units='height', win=Window(...))
145.4187 	EXP 	Created revello = ImageStim(__class__=<class 'psychopy.visual.image.ImageStim'>, anchor=('center', 'center'), autoLog=True, color=array([1., 1., 1.]), colorSpace='rgb', contrast=1.0, depth=-3.0, draggable=False, flipHoriz=np.False_, flipVert=np.False_, image='revello.jpg', interpolate=True, mask=None, maskParams=None, name='revello', opacity=1, ori=0.0, pos=array([0.2, 0. ]), size=array([0.2, 0.2]), texRes=128.0, units='height', win=Window(...))
145.4553 	EXP 	Created cadbury = ImageStim(__class__=<class 'psychopy.visual.image.ImageStim'>, anchor=('center', 'center'), autoLog=True, color=array([1., 1., 1.]), colorSpace='rgb', contrast=1.0, depth=-4.0, draggable=False, flipHoriz=np.False_, flipVert=np.False_, image='cadbury.jpg', interpolate=True, mask=None, maskParams=None, name='cadbury', opacity=1, ori=0.0, pos=array([0.5, 0. ]), size=array([0.2, 0.2]), texRes=128.0, units='height', win=Window(...))
145.4921 	EXP 	Created text_20 = TextStim(__class__=<class 'psychopy.visual.text.TextStim'>, alignHoriz=method-wrapper(...), alignText='center', alignVert=method-wrapper(...), anchorHoriz='center', anchorVert='center', antialias=True, autoDraw=False, autoLog=True, bold=False, color=array([1., 1., 1.]), colorSpace='rgb', contrast=1.0, depth=-8.0, draggable=False, flipHoriz=False, flipVert=False, font='Arial', fontFiles=[], height=np.float64(0.02), italic=False, languageStyle='LTR', name='text_20', opacity=1, ori=0.0, pos=array([-0.4, -0.3]), rgb=UNKNOWN, text='Kandos Chocolate\n        90 g\n    Rs  600', units='height', win=Window(...), wrapWidth=1)
145.5084 	EXP 	Created text_21 = TextStim(__class__=<class 'psychopy.visual.text.TextStim'>, alignHoriz=method-wrapper(...), alignText='center', alignVert=method-wrapper(...), anchorHoriz='center', anchorVert='center', antialias=True, autoDraw=False, autoLog=True, bold=False, color=array([1., 1., 1.]), colorSpace='rgb', contrast=1.0, depth=-9.0, draggable=False, flipHoriz=False, flipVert=False, font='Arial', fontFiles=[], height=np.float64(0.02), italic=False, languageStyle='LTR', name='text_21', opacity=1, ori=0.0, pos=array([-0.1, -0.3]), rgb=UNKNOWN, text=str(...), units='height', win=Window(...), wrapWidth=1)
145.5220 	EXP 	Created text_22 = TextStim(__class__=<class 'psychopy.visual.text.TextStim'>, alignHoriz=method-wrapper(...), alignText='center', alignVert=method-wrapper(...), anchorHoriz='center', anchorVert='center', antialias=True, autoDraw=False, autoLog=True, bold=False, color=array([1., 1., 1.]), colorSpace='rgb', contrast=1.0, depth=-10.0, draggable=False, flipHoriz=False, flipVert=False, font='Arial', fontFiles=[], height=np.float64(0.02), italic=False, languageStyle='LTR', name='text_22', opacity=1, ori=0.0, pos=array([ 0.2, -0.3]), rgb=UNKNOWN, text=str(...), units='height', win=Window(...), wrapWidth=1)
145.5343 	EXP 	Created text_23 = TextStim(__class__=<class 'psychopy.visual.text.TextStim'>, alignHoriz=method-wrapper(...), alignText='center', alignVert=method-wrapper(...), anchorHoriz='center', anchorVert='center', antialias=True, autoDraw=False, autoLog=True, bold=False, color=array([1., 1., 1.]), colorSpace='rgb', contrast=1.0, depth=-11.0, draggable=False, flipHoriz=False, flipVert=False, font='Arial', fontFiles=[], height=np.float64(0.02), italic=False, languageStyle='LTR', name='text_23', opacity=1, ori=0.0, pos=array([ 0.5, -0.3]), rgb=UNKNOWN, text=str(...), units='height', win=Window(...), wrapWidth=1)
145.5407 	EXP 	Created text_instr_2 = TextStim(__class__=<class 'psychopy.visual.text.TextStim'>, alignHoriz=method-wrapper(...), alignText='center', alignVert=method-wrapper(...), anchorHoriz='center', anchorVert='center', antialias=True, autoDraw=False, autoLog=True, bold=False, color=array([1., 1., 1.]), colorSpace='rgb', contrast=1.0, depth=0.0, draggable=False, flipHoriz=False, flipVert=False, font='Arial', fontFiles=[], height=np.float64(0.04), italic=False, languageStyle='LTR', name='text_instr_2', opacity=1, ori=0.0, pos=array([0. , 0.3]), rgb=UNKNOWN, text='Which one are going to buy', units='height', win=Window(...), wrapWidth=1)
145.5464 	EXP 	Created goldi = ImageStim(__class__=<class 'psychopy.visual.image.ImageStim'>, anchor=('center', 'center'), autoLog=True, color=array([1., 1., 1.]), colorSpace='rgb', contrast=1.0, depth=-1.0, draggable=False, flipHoriz=np.False_, flipVert=np.False_, image='goldi.jpg', interpolate=True, mask=None, maskParams=None, name='goldi', opacity=1, ori=0.0, pos=array([-0.4,  0. ]), size=array([0.2, 0.2]), texRes=128.0, units='height', win=Window(...))
145.5957 	EXP 	Created elephanthouse = ImageStim(__class__=<class 'psychopy.visual.image.ImageStim'>, anchor=('center', 'center'), autoLog=True, color=array([1., 1., 1.]), colorSpace='rgb', contrast=1.0, depth=-2.0, draggable=False, flipHoriz=np.False_, flipVert=np.False_, image='elephanthousre.jpg', interpolate=True, mask=None, maskParams=None, name='elephanthouse', opacity=1, ori=0.0, pos=array([-0.1,  0. ]), size=array([0.2, 0.2]), texRes=128.0, units='height', win=Window(...))
145.6003 	EXP 	Created krest = ImageStim(__class__=<class 'psychopy.visual.image.ImageStim'>, anchor=('center', 'center'), autoLog=True, color=array([1., 1., 1.]), colorSpace='rgb', contrast=1.0, depth=-3.0, draggable=False, flipHoriz=np.False_, flipVert=np.False_, image='krest.jpg', interpolate=True, mask=None, maskParams=None, name='krest', opacity=1, ori=0.0, pos=array([0.2, 0. ]), size=array([0.2, 0.2]), texRes=128.0, units='height', win=Window(...))
145.6155 	EXP 	Created pussalla = ImageStim(__class__=<class 'psychopy.visual.image.ImageStim'>, anchor=('center', 'center'), autoLog=True, color=array([1., 1., 1.]), colorSpace='rgb', contrast=1.0, depth=-4.0, draggable=False, flipHoriz=np.False_, flipVert=np.False_, image='pussalla.jpeg', interpolate=True, mask=None, maskParams=None, name='pussalla', opacity=1, ori=0.0, pos=array([0.5, 0. ]), size=array([0.2, 0.2]), texRes=128.0, units='height', win=Window(...))
145.6310 	EXP 	Created text_16 = TextStim(__class__=<class 'psychopy.visual.text.TextStim'>, alignHoriz=method-wrapper(...), alignText='center', alignVert=method-wrapper(...), anchorHoriz='center', anchorVert='center', antialias=True, autoDraw=False, autoLog=True, bold=False, color=array([1., 1., 1.]), colorSpace='rgb', contrast=1.0, depth=-6.0, draggable=False, flipHoriz=False, flipVert=False, font='Arial', fontFiles=[], height=np.float64(0.02), italic=False, languageStyle='LTR', name='text_16', opacity=1, ori=0.0, pos=array([-0.4, -0.3]), rgb=UNKNOWN, text=str(...), units='height', win=Window(...), wrapWidth=1)
145.6449 	EXP 	Created text_17 = TextStim(__class__=<class 'psychopy.visual.text.TextStim'>, alignHoriz=method-wrapper(...), alignText='center', alignVert=method-wrapper(...), anchorHoriz='center', anchorVert='center', antialias=True, autoDraw=False, autoLog=True, bold=False, color=array([1., 1., 1.]), colorSpace='rgb', contrast=1.0, depth=-7.0, draggable=False, flipHoriz=False, flipVert=False, font='Arial', fontFiles=[], height=np.float64(0.02), italic=False, languageStyle='LTR', name='text_17', opacity=1, ori=0.0, pos=array([-0.1, -0.3]), rgb=UNKNOWN, text=str(...), units='height', win=Window(...), wrapWidth=1)
145.6554 	EXP 	Created text_18 = TextStim(__class__=<class 'psychopy.visual.text.TextStim'>, alignHoriz=method-wrapper(...), alignText='center', alignVert=method-wrapper(...), anchorHoriz='center', anchorVert='center', antialias=True, autoDraw=False, autoLog=True, bold=False, color=array([1., 1., 1.]), colorSpace='rgb', contrast=1.0, depth=-8.0, draggable=False, flipHoriz=False, flipVert=False, font='Arial', fontFiles=[], height=np.float64(0.02), italic=False, languageStyle='LTR', name='text_18', opacity=1, ori=0.0, pos=array([ 0.2, -0.3]), rgb=UNKNOWN, text=str(...), units='height', win=Window(...), wrapWidth=1)
145.6711 	EXP 	Created text_19 = TextStim(__class__=<class 'psychopy.visual.text.TextStim'>, alignHoriz=method-wrapper(...), alignText='center', alignVert=method-wrapper(...), anchorHoriz='center', anchorVert='center', antialias=True, autoDraw=False, autoLog=True, bold=False, color=array([1., 1., 1.]), colorSpace='rgb', contrast=1.0, depth=-9.0, draggable=False, flipHoriz=False, flipVert=False, font='Arial', fontFiles=[], height=np.float64(0.02), italic=False, languageStyle='LTR', name='text_19', opacity=1, ori=0.0, pos=array([ 0.5, -0.3]), rgb=UNKNOWN, text=str(...), units='height', win=Window(...), wrapWidth=1)
0.6454 	EXP 	eyetracker.setRecordingState(True)
0.6465 	EXP 	eyetracker.setRecordingState(False)
0.6786 	INFO 	Keyboard events cleared
0.6766 	EXP 	ambewela: image = 'ambewelacheese.jpg'
0.6766 	EXP 	kothmale: image = 'kothmale cheese.jpg'
0.6766 	EXP 	happycow: image = 'happycow.jpeg'
0.6766 	EXP 	kraft: image = 'Kraft cheese.jpeg'
0.6766 	EXP 	richlife: image = 'richlifecheese.jpg'
0.6766 	EXP 	text: autoDraw = True
0.6766 	EXP 	ambewela: autoDraw = True
0.6766 	EXP 	kothmale: autoDraw = True
0.6766 	EXP 	happycow: autoDraw = True
0.6766 	EXP 	kraft: autoDraw = True
0.6766 	EXP 	richlife: autoDraw = True
0.6766 	EXP 	text_2: autoDraw = True
0.6766 	EXP 	text_3: autoDraw = True
0.6766 	EXP 	text_4: autoDraw = True
0.6766 	EXP 	text_5: autoDraw = True
0.6766 	EXP 	text_6: autoDraw = True
0.6766 	EXP 	text: height = np.float64(0.05)
0.6766 	EXP 	text: height = np.float64(0.05)
0.6766 	EXP 	text: height = np.float64(0.05)
0.6766 	EXP 	text: text = 'Which one are you going to buy?'
0.6795 	EXP 	eyetracker.setRecordingState(False)
0.6977 	EXP 	text: height = np.float64(0.05)
0.6977 	EXP 	text: height = np.float64(0.05)
0.6977 	EXP 	text: height = np.float64(0.05)
0.6977 	EXP 	text: text = 'Which one are you going to buy?'
0.6991 	EXP 	eyetracker.setRecordingState(False)
0.7179 	EXP 	text: height = np.float64(0.05)
0.7179 	EXP 	text: height = np.float64(0.05)
0.7179 	EXP 	text: height = np.float64(0.05)
0.7179 	EXP 	text: text = 'Which one are you going to buy?'
0.7192 	EXP 	eyetracker.setRecordingState(False)
0.7365 	EXP 	text: height = np.float64(0.05)
0.7365 	EXP 	text: height = np.float64(0.05)
0.7365 	EXP 	text: height = np.float64(0.05)
0.7365 	EXP 	text: text = 'Which one are you going to buy?'
0.7387 	EXP 	eyetracker.setRecordingState(False)
0.9717 	EXP 	text: height = np.float64(0.05)
0.9717 	EXP 	text: height = np.float64(0.05)
0.9717 	EXP 	text: height = np.float64(0.05)
0.9717 	EXP 	text: text = 'Which one are you going to buy?'
0.9745 	EXP 	eyetracker.setRecordingState(False)
0.9923 	EXP 	text: height = np.float64(0.05)
0.9923 	EXP 	text: height = np.float64(0.05)
0.9923 	EXP 	text: height = np.float64(0.05)
0.9923 	EXP 	text: text = 'Which one are you going to buy?'
0.9943 	EXP 	eyetracker.setRecordingState(False)
1.0110 	EXP 	text: height = np.float64(0.05)
1.0110 	EXP 	text: height = np.float64(0.05)
1.0110 	EXP 	text: height = np.float64(0.05)
1.0110 	EXP 	text: text = 'Which one are you going to buy?'
1.0119 	EXP 	eyetracker.setRecordingState(False)
1.0256 	EXP 	text: height = np.float64(0.05)
1.0256 	EXP 	text: height = np.float64(0.05)
1.0256 	EXP 	text: height = np.float64(0.05)
1.0256 	EXP 	text: text = 'Which one are you going to buy?'
1.0268 	EXP 	eyetracker.setRecordingState(False)
1.0394 	EXP 	text: height = np.float64(0.05)
1.0394 	EXP 	text: height = np.float64(0.05)
1.0394 	EXP 	text: height = np.float64(0.05)
1.0394 	EXP 	text: text = 'Which one are you going to buy?'
1.0401 	EXP 	eyetracker.setRecordingState(False)
1.0469 	EXP 	text: height = np.float64(0.05)
1.0469 	EXP 	text: height = np.float64(0.05)
1.0469 	EXP 	text: height = np.float64(0.05)
1.0469 	EXP 	text: text = 'Which one are you going to buy?'
1.0475 	EXP 	eyetracker.setRecordingState(False)
1.0563 	EXP 	text: height = np.float64(0.05)
1.0563 	EXP 	text: height = np.float64(0.05)
1.0563 	EXP 	text: height = np.float64(0.05)
1.0563 	EXP 	text: text = 'Which one are you going to buy?'
1.0581 	EXP 	eyetracker.setRecordingState(False)
1.0694 	EXP 	text: height = np.float64(0.05)
1.0694 	EXP 	text: height = np.float64(0.05)
1.0694 	EXP 	text: height = np.float64(0.05)
1.0694 	EXP 	text: text = 'Which one are you going to buy?'
1.0700 	EXP 	eyetracker.setRecordingState(False)
1.0792 	EXP 	text: height = np.float64(0.05)
1.0792 	EXP 	text: height = np.float64(0.05)
1.0792 	EXP 	text: height = np.float64(0.05)
1.0792 	EXP 	text: text = 'Which one are you going to buy?'
1.0801 	EXP 	eyetracker.setRecordingState(False)
1.0901 	EXP 	text: height = np.float64(0.05)
1.0901 	EXP 	text: height = np.float64(0.05)
1.0901 	EXP 	text: height = np.float64(0.05)
1.0901 	EXP 	text: text = 'Which one are you going to buy?'
1.0911 	EXP 	eyetracker.setRecordingState(False)
1.0981 	EXP 	text: height = np.float64(0.05)
1.0981 	EXP 	text: height = np.float64(0.05)
1.0981 	EXP 	text: height = np.float64(0.05)
1.0981 	EXP 	text: text = 'Which one are you going to buy?'
1.0990 	EXP 	eyetracker.setRecordingState(False)
1.1094 	EXP 	text: height = np.float64(0.05)
1.1094 	EXP 	text: height = np.float64(0.05)
1.1094 	EXP 	text: height = np.float64(0.05)
1.1094 	EXP 	text: text = 'Which one are you going to buy?'
1.1125 	EXP 	eyetracker.setRecordingState(False)
1.1262 	EXP 	text: height = np.float64(0.05)
1.1262 	EXP 	text: height = np.float64(0.05)
1.1262 	EXP 	text: height = np.float64(0.05)
1.1262 	EXP 	text: text = 'Which one are you going to buy?'
1.1270 	EXP 	eyetracker.setRecordingState(False)
1.1349 	EXP 	text: height = np.float64(0.05)
1.1349 	EXP 	text: height = np.float64(0.05)
1.1349 	EXP 	text: height = np.float64(0.05)
1.1349 	EXP 	text: text = 'Which one are you going to buy?'
1.1360 	EXP 	eyetracker.setRecordingState(False)
1.1434 	EXP 	text: height = np.float64(0.05)
1.1434 	EXP 	text: height = np.float64(0.05)
1.1434 	EXP 	text: height = np.float64(0.05)
1.1434 	EXP 	text: text = 'Which one are you going to buy?'
1.1440 	EXP 	eyetracker.setRecordingState(False)
1.1539 	EXP 	text: height = np.float64(0.05)
1.1539 	EXP 	text: height = np.float64(0.05)
1.1539 	EXP 	text: height = np.float64(0.05)
1.1539 	EXP 	text: text = 'Which one are you going to buy?'
1.1549 	EXP 	eyetracker.setRecordingState(False)
1.1638 	EXP 	text: height = np.float64(0.05)
1.1638 	EXP 	text: height = np.float64(0.05)
1.1638 	EXP 	text: height = np.float64(0.05)
1.1638 	EXP 	text: text = 'Which one are you going to buy?'
1.1648 	EXP 	eyetracker.setRecordingState(False)
1.1777 	EXP 	text: height = np.float64(0.05)
1.1777 	EXP 	text: height = np.float64(0.05)
1.1777 	EXP 	text: height = np.float64(0.05)
1.1777 	EXP 	text: text = 'Which one are you going to buy?'
1.1790 	EXP 	eyetracker.setRecordingState(False)
1.1969 	EXP 	text: height = np.float64(0.05)
1.1969 	EXP 	text: height = np.float64(0.05)
1.1969 	EXP 	text: height = np.float64(0.05)
1.1969 	EXP 	text: text = 'Which one are you going to buy?'
1.1980 	EXP 	eyetracker.setRecordingState(False)
1.2136 	EXP 	text: height = np.float64(0.05)
1.2136 	EXP 	text: height = np.float64(0.05)
1.2136 	EXP 	text: height = np.float64(0.05)
1.2136 	EXP 	text: text = 'Which one are you going to buy?'
1.2141 	EXP 	eyetracker.setRecordingState(False)
1.2291 	EXP 	text: height = np.float64(0.05)
1.2291 	EXP 	text: height = np.float64(0.05)
1.2291 	EXP 	text: height = np.float64(0.05)
1.2291 	EXP 	text: text = 'Which one are you going to buy?'
1.2316 	EXP 	eyetracker.setRecordingState(False)
1.2459 	EXP 	text: height = np.float64(0.05)
1.2459 	EXP 	text: height = np.float64(0.05)
1.2459 	EXP 	text: height = np.float64(0.05)
1.2459 	EXP 	text: text = 'Which one are you going to buy?'
1.2485 	EXP 	eyetracker.setRecordingState(False)
1.2666 	EXP 	text: height = np.float64(0.05)
1.2666 	EXP 	text: height = np.float64(0.05)
1.2666 	EXP 	text: height = np.float64(0.05)
1.2666 	EXP 	text: text = 'Which one are you going to buy?'
1.2680 	EXP 	eyetracker.setRecordingState(False)
1.2774 	EXP 	text: height = np.float64(0.05)
1.2774 	EXP 	text: height = np.float64(0.05)
1.2774 	EXP 	text: height = np.float64(0.05)
1.2774 	EXP 	text: text = 'Which one are you going to buy?'
1.2787 	EXP 	eyetracker.setRecordingState(False)
1.2981 	EXP 	text: height = np.float64(0.05)
1.2981 	EXP 	text: height = np.float64(0.05)
1.2981 	EXP 	text: height = np.float64(0.05)
1.2981 	EXP 	text: text = 'Which one are you going to buy?'
1.2993 	EXP 	eyetracker.setRecordingState(False)
1.3218 	EXP 	text: height = np.float64(0.05)
1.3218 	EXP 	text: height = np.float64(0.05)
1.3218 	EXP 	text: height = np.float64(0.05)
1.3218 	EXP 	text: text = 'Which one are you going to buy?'
1.3227 	EXP 	eyetracker.setRecordingState(False)
1.3376 	EXP 	text: height = np.float64(0.05)
1.3376 	EXP 	text: height = np.float64(0.05)
1.3376 	EXP 	text: height = np.float64(0.05)
1.3376 	EXP 	text: text = 'Which one are you going to buy?'
1.3381 	EXP 	eyetracker.setRecordingState(False)
1.3559 	EXP 	text: height = np.float64(0.05)
1.3559 	EXP 	text: height = np.float64(0.05)
1.3559 	EXP 	text: height = np.float64(0.05)
1.3559 	EXP 	text: text = 'Which one are you going to buy?'
1.3570 	EXP 	eyetracker.setRecordingState(False)
1.3706 	EXP 	text: height = np.float64(0.05)
1.3706 	EXP 	text: height = np.float64(0.05)
1.3706 	EXP 	text: height = np.float64(0.05)
1.3706 	EXP 	text: text = 'Which one are you going to buy?'
1.3712 	EXP 	eyetracker.setRecordingState(False)
1.3859 	EXP 	text: height = np.float64(0.05)
1.3859 	EXP 	text: height = np.float64(0.05)
1.3859 	EXP 	text: height = np.float64(0.05)
1.3859 	EXP 	text: text = 'Which one are you going to buy?'
1.3868 	EXP 	eyetracker.setRecordingState(False)
1.4025 	EXP 	text: height = np.float64(0.05)
1.4025 	EXP 	text: height = np.float64(0.05)
1.4025 	EXP 	text: height = np.float64(0.05)
1.4025 	EXP 	text: text = 'Which one are you going to buy?'
1.4045 	EXP 	eyetracker.setRecordingState(False)
1.4270 	EXP 	text: height = np.float64(0.05)
1.4270 	EXP 	text: height = np.float64(0.05)
1.4270 	EXP 	text: height = np.float64(0.05)
1.4270 	EXP 	text: text = 'Which one are you going to buy?'
1.4287 	EXP 	eyetracker.setRecordingState(False)
1.4472 	EXP 	text: height = np.float64(0.05)
1.4472 	EXP 	text: height = np.float64(0.05)
1.4472 	EXP 	text: height = np.float64(0.05)
1.4472 	EXP 	text: text = 'Which one are you going to buy?'
1.4480 	EXP 	eyetracker.setRecordingState(False)
1.4581 	EXP 	text: height = np.float64(0.05)
1.4581 	EXP 	text: height = np.float64(0.05)
1.4581 	EXP 	text: height = np.float64(0.05)
1.4581 	EXP 	text: text = 'Which one are you going to buy?'
1.4613 	EXP 	eyetracker.setRecordingState(False)
1.4784 	EXP 	text: height = np.float64(0.05)
1.4784 	EXP 	text: height = np.float64(0.05)
1.4784 	EXP 	text: height = np.float64(0.05)
1.4784 	EXP 	text: text = 'Which one are you going to buy?'
1.4798 	EXP 	eyetracker.setRecordingState(False)
1.4938 	EXP 	text: height = np.float64(0.05)
1.4938 	EXP 	text: height = np.float64(0.05)
1.4938 	EXP 	text: height = np.float64(0.05)
1.4938 	EXP 	text: text = 'Which one are you going to buy?'
1.4949 	EXP 	eyetracker.setRecordingState(False)
1.5062 	EXP 	text: height = np.float64(0.05)
1.5062 	EXP 	text: height = np.float64(0.05)
1.5062 	EXP 	text: height = np.float64(0.05)
1.5062 	EXP 	text: text = 'Which one are you going to buy?'
1.5085 	EXP 	eyetracker.setRecordingState(False)
1.5198 	EXP 	text: height = np.float64(0.05)
1.5198 	EXP 	text: height = np.float64(0.05)
1.5198 	EXP 	text: height = np.float64(0.05)
1.5198 	EXP 	text: text = 'Which one are you going to buy?'
1.5214 	EXP 	eyetracker.setRecordingState(False)
1.5360 	EXP 	text: height = np.float64(0.05)
1.5360 	EXP 	text: height = np.float64(0.05)
1.5360 	EXP 	text: height = np.float64(0.05)
1.5360 	EXP 	text: text = 'Which one are you going to buy?'
1.5372 	EXP 	eyetracker.setRecordingState(False)
1.5503 	EXP 	text: height = np.float64(0.05)
1.5503 	EXP 	text: height = np.float64(0.05)
1.5503 	EXP 	text: height = np.float64(0.05)
1.5503 	EXP 	text: text = 'Which one are you going to buy?'
1.5516 	EXP 	eyetracker.setRecordingState(False)
1.5618 	EXP 	text: height = np.float64(0.05)
1.5618 	EXP 	text: height = np.float64(0.05)
1.5618 	EXP 	text: height = np.float64(0.05)
1.5618 	EXP 	text: text = 'Which one are you going to buy?'
1.5629 	EXP 	eyetracker.setRecordingState(False)
1.5713 	EXP 	text: height = np.float64(0.05)
1.5713 	EXP 	text: height = np.float64(0.05)
1.5713 	EXP 	text: height = np.float64(0.05)
1.5713 	EXP 	text: text = 'Which one are you going to buy?'
1.5728 	EXP 	eyetracker.setRecordingState(False)
1.5880 	EXP 	text: height = np.float64(0.05)
1.5880 	EXP 	text: height = np.float64(0.05)
1.5880 	EXP 	text: height = np.float64(0.05)
1.5880 	EXP 	text: text = 'Which one are you going to buy?'
1.5891 	EXP 	eyetracker.setRecordingState(False)
1.6070 	EXP 	text: height = np.float64(0.05)
1.6070 	EXP 	text: height = np.float64(0.05)
1.6070 	EXP 	text: height = np.float64(0.05)
1.6070 	EXP 	text: text = 'Which one are you going to buy?'
1.6079 	EXP 	eyetracker.setRecordingState(False)
1.6237 	EXP 	text: height = np.float64(0.05)
1.6237 	EXP 	text: height = np.float64(0.05)
1.6237 	EXP 	text: height = np.float64(0.05)
1.6237 	EXP 	text: text = 'Which one are you going to buy?'
1.6272 	EXP 	eyetracker.setRecordingState(False)
1.6382 	EXP 	text: height = np.float64(0.05)
1.6382 	EXP 	text: height = np.float64(0.05)
1.6382 	EXP 	text: height = np.float64(0.05)
1.6382 	EXP 	text: text = 'Which one are you going to buy?'
1.6388 	EXP 	eyetracker.setRecordingState(False)
1.6467 	EXP 	text: height = np.float64(0.05)
1.6467 	EXP 	text: height = np.float64(0.05)
1.6467 	EXP 	text: height = np.float64(0.05)
1.6467 	EXP 	text: text = 'Which one are you going to buy?'
1.6472 	EXP 	eyetracker.setRecordingState(False)
1.6541 	EXP 	text: height = np.float64(0.05)
1.6541 	EXP 	text: height = np.float64(0.05)
1.6541 	EXP 	text: height = np.float64(0.05)
1.6541 	EXP 	text: text = 'Which one are you going to buy?'
1.6553 	EXP 	eyetracker.setRecordingState(False)
1.6690 	EXP 	text: height = np.float64(0.05)
1.6690 	EXP 	text: height = np.float64(0.05)
1.6690 	EXP 	text: height = np.float64(0.05)
1.6690 	EXP 	text: text = 'Which one are you going to buy?'
1.6706 	EXP 	eyetracker.setRecordingState(False)
1.6847 	EXP 	text: height = np.float64(0.05)
1.6847 	EXP 	text: height = np.float64(0.05)
1.6847 	EXP 	text: height = np.float64(0.05)
1.6847 	EXP 	text: text = 'Which one are you going to buy?'
1.6878 	EXP 	eyetracker.setRecordingState(False)
1.6995 	EXP 	text: height = np.float64(0.05)
1.6995 	EXP 	text: height = np.float64(0.05)
1.6995 	EXP 	text: height = np.float64(0.05)
1.6995 	EXP 	text: text = 'Which one are you going to buy?'
1.7016 	EXP 	eyetracker.setRecordingState(False)
1.7157 	EXP 	text: height = np.float64(0.05)
1.7157 	EXP 	text: height = np.float64(0.05)
1.7157 	EXP 	text: height = np.float64(0.05)
1.7157 	EXP 	text: text = 'Which one are you going to buy?'
1.7173 	EXP 	eyetracker.setRecordingState(False)
1.7327 	EXP 	text: height = np.float64(0.05)
1.7327 	EXP 	text: height = np.float64(0.05)
1.7327 	EXP 	text: height = np.float64(0.05)
1.7327 	EXP 	text: text = 'Which one are you going to buy?'
1.7360 	EXP 	eyetracker.setRecordingState(False)
1.7465 	EXP 	text: height = np.float64(0.05)
1.7465 	EXP 	text: height = np.float64(0.05)
1.7465 	EXP 	text: height = np.float64(0.05)
1.7465 	EXP 	text: text = 'Which one are you going to buy?'
1.7472 	EXP 	eyetracker.setRecordingState(False)
1.7605 	EXP 	text: height = np.float64(0.05)
1.7605 	EXP 	text: height = np.float64(0.05)
1.7605 	EXP 	text: height = np.float64(0.05)
1.7605 	EXP 	text: text = 'Which one are you going to buy?'
1.7612 	EXP 	eyetracker.setRecordingState(False)
1.7714 	EXP 	text: height = np.float64(0.05)
1.7714 	EXP 	text: height = np.float64(0.05)
1.7714 	EXP 	text: height = np.float64(0.05)
1.7714 	EXP 	text: text = 'Which one are you going to buy?'
1.7733 	EXP 	eyetracker.setRecordingState(False)
1.7811 	EXP 	text: height = np.float64(0.05)
1.7811 	EXP 	text: height = np.float64(0.05)
1.7811 	EXP 	text: height = np.float64(0.05)
1.7811 	EXP 	text: text = 'Which one are you going to buy?'
1.7825 	EXP 	eyetracker.setRecordingState(False)
1.7910 	EXP 	text: height = np.float64(0.05)
1.7910 	EXP 	text: height = np.float64(0.05)
1.7910 	EXP 	text: height = np.float64(0.05)
1.7910 	EXP 	text: text = 'Which one are you going to buy?'
1.7928 	EXP 	eyetracker.setRecordingState(False)
1.8003 	EXP 	text: height = np.float64(0.05)
1.8003 	EXP 	text: height = np.float64(0.05)
1.8003 	EXP 	text: height = np.float64(0.05)
1.8003 	EXP 	text: text = 'Which one are you going to buy?'
1.8012 	EXP 	eyetracker.setRecordingState(False)
1.8075 	EXP 	text: height = np.float64(0.05)
1.8075 	EXP 	text: height = np.float64(0.05)
1.8075 	EXP 	text: height = np.float64(0.05)
1.8075 	EXP 	text: text = 'Which one are you going to buy?'
1.8083 	EXP 	eyetracker.setRecordingState(False)
1.8162 	EXP 	text: height = np.float64(0.05)
1.8162 	EXP 	text: height = np.float64(0.05)
1.8162 	EXP 	text: height = np.float64(0.05)
1.8162 	EXP 	text: text = 'Which one are you going to buy?'
1.8168 	EXP 	eyetracker.setRecordingState(False)
1.8250 	EXP 	text: height = np.float64(0.05)
1.8250 	EXP 	text: height = np.float64(0.05)
1.8250 	EXP 	text: height = np.float64(0.05)
1.8250 	EXP 	text: text = 'Which one are you going to buy?'
1.8259 	EXP 	eyetracker.setRecordingState(False)
1.8332 	EXP 	text: height = np.float64(0.05)
1.8332 	EXP 	text: height = np.float64(0.05)
1.8332 	EXP 	text: height = np.float64(0.05)
1.8332 	EXP 	text: text = 'Which one are you going to buy?'
1.8343 	EXP 	eyetracker.setRecordingState(False)
1.8409 	EXP 	text: height = np.float64(0.05)
1.8409 	EXP 	text: height = np.float64(0.05)
1.8409 	EXP 	text: height = np.float64(0.05)
1.8409 	EXP 	text: text = 'Which one are you going to buy?'
1.8420 	EXP 	eyetracker.setRecordingState(False)
1.8509 	EXP 	text: height = np.float64(0.05)
1.8509 	EXP 	text: height = np.float64(0.05)
1.8509 	EXP 	text: height = np.float64(0.05)
1.8509 	EXP 	text: text = 'Which one are you going to buy?'
1.8517 	EXP 	eyetracker.setRecordingState(False)
1.8588 	EXP 	text: height = np.float64(0.05)
1.8588 	EXP 	text: height = np.float64(0.05)
1.8588 	EXP 	text: height = np.float64(0.05)
1.8588 	EXP 	text: text = 'Which one are you going to buy?'
1.8594 	EXP 	eyetracker.setRecordingState(False)
1.8667 	EXP 	text: height = np.float64(0.05)
1.8667 	EXP 	text: height = np.float64(0.05)
1.8667 	EXP 	text: height = np.float64(0.05)
1.8667 	EXP 	text: text = 'Which one are you going to buy?'
1.8674 	EXP 	eyetracker.setRecordingState(False)
1.8746 	EXP 	text: height = np.float64(0.05)
1.8746 	EXP 	text: height = np.float64(0.05)
1.8746 	EXP 	text: height = np.float64(0.05)
1.8746 	EXP 	text: text = 'Which one are you going to buy?'
1.8758 	EXP 	eyetracker.setRecordingState(False)
1.8832 	EXP 	text: height = np.float64(0.05)
1.8832 	EXP 	text: height = np.float64(0.05)
1.8832 	EXP 	text: height = np.float64(0.05)
1.8832 	EXP 	text: text = 'Which one are you going to buy?'
1.8843 	EXP 	eyetracker.setRecordingState(False)
1.8916 	EXP 	text: height = np.float64(0.05)
1.8916 	EXP 	text: height = np.float64(0.05)
1.8916 	EXP 	text: height = np.float64(0.05)
1.8916 	EXP 	text: text = 'Which one are you going to buy?'
1.8923 	EXP 	eyetracker.setRecordingState(False)
1.9028 	EXP 	text: height = np.float64(0.05)
1.9028 	EXP 	text: height = np.float64(0.05)
1.9028 	EXP 	text: height = np.float64(0.05)
1.9028 	EXP 	text: text = 'Which one are you going to buy?'
1.9035 	EXP 	eyetracker.setRecordingState(False)
1.9096 	EXP 	text: height = np.float64(0.05)
1.9096 	EXP 	text: height = np.float64(0.05)
1.9096 	EXP 	text: height = np.float64(0.05)
1.9096 	EXP 	text: text = 'Which one are you going to buy?'
1.9104 	EXP 	eyetracker.setRecordingState(False)
1.9175 	EXP 	text: height = np.float64(0.05)
1.9175 	EXP 	text: height = np.float64(0.05)
1.9175 	EXP 	text: height = np.float64(0.05)
1.9175 	EXP 	text: text = 'Which one are you going to buy?'
1.9180 	EXP 	eyetracker.setRecordingState(False)
1.9254 	EXP 	text: height = np.float64(0.05)
1.9254 	EXP 	text: height = np.float64(0.05)
1.9254 	EXP 	text: height = np.float64(0.05)
1.9254 	EXP 	text: text = 'Which one are you going to buy?'
1.9260 	EXP 	eyetracker.setRecordingState(False)
1.9332 	EXP 	text: height = np.float64(0.05)
1.9332 	EXP 	text: height = np.float64(0.05)
1.9332 	EXP 	text: height = np.float64(0.05)
1.9332 	EXP 	text: text = 'Which one are you going to buy?'
1.9339 	EXP 	eyetracker.setRecordingState(False)
1.9410 	EXP 	text: height = np.float64(0.05)
1.9410 	EXP 	text: height = np.float64(0.05)
1.9410 	EXP 	text: height = np.float64(0.05)
1.9410 	EXP 	text: text = 'Which one are you going to buy?'
1.9421 	EXP 	eyetracker.setRecordingState(False)
1.9532 	EXP 	text: height = np.float64(0.05)
1.9532 	EXP 	text: height = np.float64(0.05)
1.9532 	EXP 	text: height = np.float64(0.05)
1.9532 	EXP 	text: text = 'Which one are you going to buy?'
1.9538 	EXP 	eyetracker.setRecordingState(False)
1.9658 	EXP 	text: height = np.float64(0.05)
1.9658 	EXP 	text: height = np.float64(0.05)
1.9658 	EXP 	text: height = np.float64(0.05)
1.9658 	EXP 	text: text = 'Which one are you going to buy?'
1.9667 	EXP 	eyetracker.setRecordingState(False)
1.9763 	EXP 	text: height = np.float64(0.05)
1.9763 	EXP 	text: height = np.float64(0.05)
1.9763 	EXP 	text: height = np.float64(0.05)
1.9763 	EXP 	text: text = 'Which one are you going to buy?'
1.9782 	EXP 	eyetracker.setRecordingState(False)
1.9900 	EXP 	text: height = np.float64(0.05)
1.9900 	EXP 	text: height = np.float64(0.05)
1.9900 	EXP 	text: height = np.float64(0.05)
1.9900 	EXP 	text: text = 'Which one are you going to buy?'
1.9909 	EXP 	eyetracker.setRecordingState(False)
2.0022 	EXP 	text: height = np.float64(0.05)
2.0022 	EXP 	text: height = np.float64(0.05)
2.0022 	EXP 	text: height = np.float64(0.05)
2.0022 	EXP 	text: text = 'Which one are you going to buy?'
2.0042 	EXP 	eyetracker.setRecordingState(False)
2.0164 	EXP 	text: height = np.float64(0.05)
2.0164 	EXP 	text: height = np.float64(0.05)
2.0164 	EXP 	text: height = np.float64(0.05)
2.0164 	EXP 	text: text = 'Which one are you going to buy?'
2.0177 	EXP 	eyetracker.setRecordingState(False)
2.0276 	EXP 	text: height = np.float64(0.05)
2.0276 	EXP 	text: height = np.float64(0.05)
2.0276 	EXP 	text: height = np.float64(0.05)
2.0276 	EXP 	text: text = 'Which one are you going to buy?'
2.0284 	EXP 	eyetracker.setRecordingState(False)
2.0396 	EXP 	text: height = np.float64(0.05)
2.0396 	EXP 	text: height = np.float64(0.05)
2.0396 	EXP 	text: height = np.float64(0.05)
2.0396 	EXP 	text: text = 'Which one are you going to buy?'
2.0426 	EXP 	eyetracker.setRecordingState(False)
2.0515 	EXP 	text: height = np.float64(0.05)
2.0515 	EXP 	text: height = np.float64(0.05)
2.0515 	EXP 	text: height = np.float64(0.05)
2.0515 	EXP 	text: text = 'Which one are you going to buy?'
2.0527 	EXP 	eyetracker.setRecordingState(False)
2.0679 	EXP 	text: height = np.float64(0.05)
2.0679 	EXP 	text: height = np.float64(0.05)
2.0679 	EXP 	text: height = np.float64(0.05)
2.0679 	EXP 	text: text = 'Which one are you going to buy?'
2.0708 	EXP 	eyetracker.setRecordingState(False)
2.0784 	EXP 	text: height = np.float64(0.05)
2.0784 	EXP 	text: height = np.float64(0.05)
2.0784 	EXP 	text: height = np.float64(0.05)
2.0784 	EXP 	text: text = 'Which one are you going to buy?'
2.0798 	EXP 	eyetracker.setRecordingState(False)
2.0940 	EXP 	text: height = np.float64(0.05)
2.0940 	EXP 	text: height = np.float64(0.05)
2.0940 	EXP 	text: height = np.float64(0.05)
2.0940 	EXP 	text: text = 'Which one are you going to buy?'
2.0963 	EXP 	eyetracker.setRecordingState(False)
2.1072 	EXP 	text: height = np.float64(0.05)
2.1072 	EXP 	text: height = np.float64(0.05)
2.1072 	EXP 	text: height = np.float64(0.05)
2.1072 	EXP 	text: text = 'Which one are you going to buy?'
2.1097 	EXP 	eyetracker.setRecordingState(False)
2.1264 	EXP 	text: height = np.float64(0.05)
2.1264 	EXP 	text: height = np.float64(0.05)
2.1264 	EXP 	text: height = np.float64(0.05)
2.1264 	EXP 	text: text = 'Which one are you going to buy?'
2.1278 	EXP 	eyetracker.setRecordingState(False)
2.1417 	EXP 	text: height = np.float64(0.05)
2.1417 	EXP 	text: height = np.float64(0.05)
2.1417 	EXP 	text: height = np.float64(0.05)
2.1417 	EXP 	text: text = 'Which one are you going to buy?'
2.1424 	EXP 	eyetracker.setRecordingState(False)
2.1504 	EXP 	text: height = np.float64(0.05)
2.1504 	EXP 	text: height = np.float64(0.05)
2.1504 	EXP 	text: height = np.float64(0.05)
2.1504 	EXP 	text: text = 'Which one are you going to buy?'
2.1527 	EXP 	eyetracker.setRecordingState(False)
2.1619 	EXP 	text: height = np.float64(0.05)
2.1619 	EXP 	text: height = np.float64(0.05)
2.1619 	EXP 	text: height = np.float64(0.05)
2.1619 	EXP 	text: text = 'Which one are you going to buy?'
2.1625 	EXP 	eyetracker.setRecordingState(False)
2.1696 	EXP 	text: height = np.float64(0.05)
2.1696 	EXP 	text: height = np.float64(0.05)
2.1696 	EXP 	text: height = np.float64(0.05)
2.1696 	EXP 	text: text = 'Which one are you going to buy?'
2.1706 	EXP 	eyetracker.setRecordingState(False)
2.1795 	EXP 	text: height = np.float64(0.05)
2.1795 	EXP 	text: height = np.float64(0.05)
2.1795 	EXP 	text: height = np.float64(0.05)
2.1795 	EXP 	text: text = 'Which one are you going to buy?'
2.1801 	EXP 	eyetracker.setRecordingState(False)
2.1897 	EXP 	text: height = np.float64(0.05)
2.1897 	EXP 	text: height = np.float64(0.05)
2.1897 	EXP 	text: height = np.float64(0.05)
2.1897 	EXP 	text: text = 'Which one are you going to buy?'
2.1908 	EXP 	eyetracker.setRecordingState(False)
2.2010 	EXP 	text: height = np.float64(0.05)
2.2010 	EXP 	text: height = np.float64(0.05)
2.2010 	EXP 	text: height = np.float64(0.05)
2.2010 	EXP 	text: text = 'Which one are you going to buy?'
2.2019 	EXP 	eyetracker.setRecordingState(False)
2.2124 	EXP 	text: height = np.float64(0.05)
2.2124 	EXP 	text: height = np.float64(0.05)
2.2124 	EXP 	text: height = np.float64(0.05)
2.2124 	EXP 	text: text = 'Which one are you going to buy?'
2.2165 	EXP 	eyetracker.setRecordingState(False)
2.2285 	EXP 	text: height = np.float64(0.05)
2.2285 	EXP 	text: height = np.float64(0.05)
2.2285 	EXP 	text: height = np.float64(0.05)
2.2285 	EXP 	text: text = 'Which one are you going to buy?'
2.2295 	EXP 	eyetracker.setRecordingState(False)
2.2411 	EXP 	text: height = np.float64(0.05)
2.2411 	EXP 	text: height = np.float64(0.05)
2.2411 	EXP 	text: height = np.float64(0.05)
2.2411 	EXP 	text: text = 'Which one are you going to buy?'
2.2426 	EXP 	eyetracker.setRecordingState(False)
2.2530 	EXP 	text: height = np.float64(0.05)
2.2530 	EXP 	text: height = np.float64(0.05)
2.2530 	EXP 	text: height = np.float64(0.05)
2.2530 	EXP 	text: text = 'Which one are you going to buy?'
2.2545 	EXP 	eyetracker.setRecordingState(False)
2.2673 	EXP 	text: height = np.float64(0.05)
2.2673 	EXP 	text: height = np.float64(0.05)
2.2673 	EXP 	text: height = np.float64(0.05)
2.2673 	EXP 	text: text = 'Which one are you going to buy?'
2.2683 	EXP 	eyetracker.setRecordingState(False)
2.2843 	EXP 	text: height = np.float64(0.05)
2.2843 	EXP 	text: height = np.float64(0.05)
2.2843 	EXP 	text: height = np.float64(0.05)
2.2843 	EXP 	text: text = 'Which one are you going to buy?'
2.2856 	EXP 	eyetracker.setRecordingState(False)
2.2981 	EXP 	text: height = np.float64(0.05)
2.2981 	EXP 	text: height = np.float64(0.05)
2.2981 	EXP 	text: height = np.float64(0.05)
2.2981 	EXP 	text: text = 'Which one are you going to buy?'
2.2995 	EXP 	eyetracker.setRecordingState(False)
2.3109 	EXP 	text: height = np.float64(0.05)
2.3109 	EXP 	text: height = np.float64(0.05)
2.3109 	EXP 	text: height = np.float64(0.05)
2.3109 	EXP 	text: text = 'Which one are you going to buy?'
2.3118 	EXP 	eyetracker.setRecordingState(False)
2.3228 	EXP 	text: height = np.float64(0.05)
2.3228 	EXP 	text: height = np.float64(0.05)
2.3228 	EXP 	text: height = np.float64(0.05)
2.3228 	EXP 	text: text = 'Which one are you going to buy?'
2.3241 	EXP 	eyetracker.setRecordingState(False)
2.3366 	EXP 	text: height = np.float64(0.05)
2.3366 	EXP 	text: height = np.float64(0.05)
2.3366 	EXP 	text: height = np.float64(0.05)
2.3366 	EXP 	text: text = 'Which one are you going to buy?'
2.3386 	EXP 	eyetracker.setRecordingState(False)
2.3518 	EXP 	text: height = np.float64(0.05)
2.3518 	EXP 	text: height = np.float64(0.05)
2.3518 	EXP 	text: height = np.float64(0.05)
2.3518 	EXP 	text: text = 'Which one are you going to buy?'
2.3525 	EXP 	eyetracker.setRecordingState(False)
2.3618 	EXP 	text: height = np.float64(0.05)
2.3618 	EXP 	text: height = np.float64(0.05)
2.3618 	EXP 	text: height = np.float64(0.05)
2.3618 	EXP 	text: text = 'Which one are you going to buy?'
2.3639 	EXP 	eyetracker.setRecordingState(False)
2.3757 	EXP 	text: height = np.float64(0.05)
2.3757 	EXP 	text: height = np.float64(0.05)
2.3757 	EXP 	text: height = np.float64(0.05)
2.3757 	EXP 	text: text = 'Which one are you going to buy?'
2.3773 	EXP 	eyetracker.setRecordingState(False)
2.3914 	EXP 	text: height = np.float64(0.05)
2.3914 	EXP 	text: height = np.float64(0.05)
2.3914 	EXP 	text: height = np.float64(0.05)
2.3914 	EXP 	text: text = 'Which one are you going to buy?'
2.3920 	EXP 	eyetracker.setRecordingState(False)
2.4063 	EXP 	text: height = np.float64(0.05)
2.4063 	EXP 	text: height = np.float64(0.05)
2.4063 	EXP 	text: height = np.float64(0.05)
2.4063 	EXP 	text: text = 'Which one are you going to buy?'
2.4068 	EXP 	eyetracker.setRecordingState(False)
2.4222 	EXP 	text: height = np.float64(0.05)
2.4222 	EXP 	text: height = np.float64(0.05)
2.4222 	EXP 	text: height = np.float64(0.05)
2.4222 	EXP 	text: text = 'Which one are you going to buy?'
2.4227 	EXP 	eyetracker.setRecordingState(False)
2.4383 	EXP 	text: height = np.float64(0.05)
2.4383 	EXP 	text: height = np.float64(0.05)
2.4383 	EXP 	text: height = np.float64(0.05)
2.4383 	EXP 	text: text = 'Which one are you going to buy?'
2.4396 	EXP 	eyetracker.setRecordingState(False)
2.4588 	EXP 	text: height = np.float64(0.05)
2.4588 	EXP 	text: height = np.float64(0.05)
2.4588 	EXP 	text: height = np.float64(0.05)
2.4588 	EXP 	text: text = 'Which one are you going to buy?'
2.4602 	EXP 	eyetracker.setRecordingState(False)
2.4731 	EXP 	text: height = np.float64(0.05)
2.4731 	EXP 	text: height = np.float64(0.05)
2.4731 	EXP 	text: height = np.float64(0.05)
2.4731 	EXP 	text: text = 'Which one are you going to buy?'
2.4749 	EXP 	eyetracker.setRecordingState(False)
2.4869 	EXP 	text: height = np.float64(0.05)
2.4869 	EXP 	text: height = np.float64(0.05)
2.4869 	EXP 	text: height = np.float64(0.05)
2.4869 	EXP 	text: text = 'Which one are you going to buy?'
2.4886 	EXP 	eyetracker.setRecordingState(False)
2.5011 	EXP 	text: height = np.float64(0.05)
2.5011 	EXP 	text: height = np.float64(0.05)
2.5011 	EXP 	text: height = np.float64(0.05)
2.5011 	EXP 	text: text = 'Which one are you going to buy?'
2.5026 	EXP 	eyetracker.setRecordingState(False)
2.5191 	EXP 	text: height = np.float64(0.05)
2.5191 	EXP 	text: height = np.float64(0.05)
2.5191 	EXP 	text: height = np.float64(0.05)
2.5191 	EXP 	text: text = 'Which one are you going to buy?'
2.5206 	EXP 	eyetracker.setRecordingState(False)
2.5309 	EXP 	text: height = np.float64(0.05)
2.5309 	EXP 	text: height = np.float64(0.05)
2.5309 	EXP 	text: height = np.float64(0.05)
2.5309 	EXP 	text: text = 'Which one are you going to buy?'
2.5316 	EXP 	eyetracker.setRecordingState(False)
2.5431 	EXP 	text: height = np.float64(0.05)
2.5431 	EXP 	text: height = np.float64(0.05)
2.5431 	EXP 	text: height = np.float64(0.05)
2.5431 	EXP 	text: text = 'Which one are you going to buy?'
2.5445 	EXP 	eyetracker.setRecordingState(False)
2.5600 	EXP 	text: height = np.float64(0.05)
2.5600 	EXP 	text: height = np.float64(0.05)
2.5600 	EXP 	text: height = np.float64(0.05)
2.5600 	EXP 	text: text = 'Which one are you going to buy?'
2.5606 	EXP 	eyetracker.setRecordingState(False)
2.5697 	EXP 	text: height = np.float64(0.05)
2.5697 	EXP 	text: height = np.float64(0.05)
2.5697 	EXP 	text: height = np.float64(0.05)
2.5697 	EXP 	text: text = 'Which one are you going to buy?'
2.5712 	EXP 	eyetracker.setRecordingState(False)
2.5790 	EXP 	text: height = np.float64(0.05)
2.5790 	EXP 	text: height = np.float64(0.05)
2.5790 	EXP 	text: height = np.float64(0.05)
2.5790 	EXP 	text: text = 'Which one are you going to buy?'
2.5797 	DATA 	Mouse: Left button down, pos=(912,622)
2.5808 	EXP 	eyetracker.setRecordingState(False)
2.5824 	EXP 	eyetracker.setRecordingState(False)
2.5931 	INFO 	Keyboard events cleared
2.5926 	EXP 	text: autoDraw = False
2.5926 	EXP 	ambewela: autoDraw = False
2.5926 	EXP 	kothmale: autoDraw = False
2.5926 	EXP 	happycow: autoDraw = False
2.5926 	EXP 	kraft: autoDraw = False
2.5926 	EXP 	richlife: autoDraw = False
2.5926 	EXP 	text_2: autoDraw = False
2.5926 	EXP 	text_3: autoDraw = False
2.5926 	EXP 	text_4: autoDraw = False
2.5926 	EXP 	text_5: autoDraw = False
2.5926 	EXP 	text_6: autoDraw = False
2.5926 	EXP 	text_7: autoDraw = True
2.5926 	EXP 	highlandYoghurt: autoDraw = True
2.5926 	EXP 	anchoryoghurt: autoDraw = True
2.5926 	EXP 	ambewelayoghurt: autoDraw = True
2.5926 	EXP 	pelawatteyoghurt: autoDraw = True
2.5926 	EXP 	text_8: autoDraw = True
2.5926 	EXP 	text_9: autoDraw = True
2.5926 	EXP 	text_10: autoDraw = True
2.5926 	EXP 	text_11: autoDraw = True
2.5940 	EXP 	eyetracker.setRecordingState(False)
2.5993 	EXP 	eyetracker.setRecordingState(False)
2.6032 	EXP 	eyetracker.setRecordingState(False)
2.6100 	EXP 	eyetracker.setRecordingState(False)
2.6169 	EXP 	eyetracker.setRecordingState(False)
2.6230 	EXP 	eyetracker.setRecordingState(False)
2.6301 	EXP 	eyetracker.setRecordingState(False)
2.6382 	EXP 	eyetracker.setRecordingState(False)
2.6459 	EXP 	eyetracker.setRecordingState(False)
2.6511 	EXP 	eyetracker.setRecordingState(False)
2.6592 	EXP 	eyetracker.setRecordingState(False)
2.6672 	EXP 	eyetracker.setRecordingState(False)
2.6752 	EXP 	eyetracker.setRecordingState(False)
2.6854 	EXP 	eyetracker.setRecordingState(False)
2.6912 	EXP 	eyetracker.setRecordingState(False)
2.6961 	EXP 	eyetracker.setRecordingState(False)
2.7045 	EXP 	eyetracker.setRecordingState(False)
2.7132 	EXP 	eyetracker.setRecordingState(False)
2.7251 	EXP 	eyetracker.setRecordingState(False)
2.7404 	EXP 	eyetracker.setRecordingState(False)
2.7480 	EXP 	eyetracker.setRecordingState(False)
2.7533 	EXP 	eyetracker.setRecordingState(False)
2.7618 	EXP 	eyetracker.setRecordingState(False)
2.7674 	EXP 	eyetracker.setRecordingState(False)
2.7740 	EXP 	eyetracker.setRecordingState(False)
2.7820 	EXP 	eyetracker.setRecordingState(False)
2.7878 	EXP 	eyetracker.setRecordingState(False)
2.7965 	EXP 	eyetracker.setRecordingState(False)
2.7987 	DATA 	Mouse:  Left button up, pos=(912,622)
2.8039 	EXP 	eyetracker.setRecordingState(False)
2.8142 	EXP 	eyetracker.setRecordingState(False)
2.8258 	EXP 	eyetracker.setRecordingState(False)
2.8361 	EXP 	eyetracker.setRecordingState(False)
2.8454 	EXP 	eyetracker.setRecordingState(False)
2.8537 	EXP 	eyetracker.setRecordingState(False)
2.8608 	EXP 	eyetracker.setRecordingState(False)
2.8692 	EXP 	eyetracker.setRecordingState(False)
2.8765 	EXP 	eyetracker.setRecordingState(False)
2.8845 	EXP 	eyetracker.setRecordingState(False)
2.8931 	EXP 	eyetracker.setRecordingState(False)
2.9066 	EXP 	eyetracker.setRecordingState(False)
2.9135 	EXP 	eyetracker.setRecordingState(False)
2.9202 	EXP 	eyetracker.setRecordingState(False)
2.9290 	EXP 	eyetracker.setRecordingState(False)
2.9348 	EXP 	eyetracker.setRecordingState(False)
2.9414 	EXP 	eyetracker.setRecordingState(False)
2.9497 	EXP 	eyetracker.setRecordingState(False)
2.9560 	EXP 	eyetracker.setRecordingState(False)
2.9658 	EXP 	eyetracker.setRecordingState(False)
2.9720 	EXP 	eyetracker.setRecordingState(False)
2.9770 	EXP 	eyetracker.setRecordingState(False)
2.9864 	EXP 	eyetracker.setRecordingState(False)
2.9965 	EXP 	eyetracker.setRecordingState(False)
3.0033 	EXP 	eyetracker.setRecordingState(False)
3.0110 	EXP 	eyetracker.setRecordingState(False)
3.0233 	EXP 	eyetracker.setRecordingState(False)
3.0301 	EXP 	eyetracker.setRecordingState(False)
3.0359 	EXP 	eyetracker.setRecordingState(False)
3.0419 	EXP 	eyetracker.setRecordingState(False)
3.0489 	EXP 	eyetracker.setRecordingState(False)
3.0536 	EXP 	eyetracker.setRecordingState(False)
3.0591 	EXP 	eyetracker.setRecordingState(False)
3.0667 	EXP 	eyetracker.setRecordingState(False)
3.0744 	EXP 	eyetracker.setRecordingState(False)
3.0829 	EXP 	eyetracker.setRecordingState(False)
3.0943 	EXP 	eyetracker.setRecordingState(False)
3.1052 	EXP 	eyetracker.setRecordingState(False)
3.1122 	EXP 	eyetracker.setRecordingState(False)
3.1179 	EXP 	eyetracker.setRecordingState(False)
3.1277 	EXP 	eyetracker.setRecordingState(False)
3.1365 	EXP 	eyetracker.setRecordingState(False)
3.1443 	EXP 	eyetracker.setRecordingState(False)
3.1502 	EXP 	eyetracker.setRecordingState(False)
3.1577 	EXP 	eyetracker.setRecordingState(False)
3.1630 	EXP 	eyetracker.setRecordingState(False)
3.1699 	EXP 	eyetracker.setRecordingState(False)
3.1763 	EXP 	eyetracker.setRecordingState(False)
3.1820 	EXP 	eyetracker.setRecordingState(False)
3.1915 	EXP 	eyetracker.setRecordingState(False)
3.1975 	EXP 	eyetracker.setRecordingState(False)
3.2046 	EXP 	eyetracker.setRecordingState(False)
3.2119 	EXP 	eyetracker.setRecordingState(False)
3.2218 	EXP 	eyetracker.setRecordingState(False)
3.2274 	EXP 	eyetracker.setRecordingState(False)
3.2374 	EXP 	eyetracker.setRecordingState(False)
3.2453 	EXP 	eyetracker.setRecordingState(False)
3.2554 	EXP 	eyetracker.setRecordingState(False)
3.2679 	EXP 	eyetracker.setRecordingState(False)
3.2790 	EXP 	eyetracker.setRecordingState(False)
3.2855 	EXP 	eyetracker.setRecordingState(False)
3.2963 	EXP 	eyetracker.setRecordingState(False)
3.3081 	EXP 	eyetracker.setRecordingState(False)
3.3167 	EXP 	eyetracker.setRecordingState(False)
3.3228 	EXP 	eyetracker.setRecordingState(False)
3.3291 	EXP 	eyetracker.setRecordingState(False)
3.3357 	EXP 	eyetracker.setRecordingState(False)
3.3435 	EXP 	eyetracker.setRecordingState(False)
3.3577 	EXP 	eyetracker.setRecordingState(False)
3.3705 	EXP 	eyetracker.setRecordingState(False)
3.3804 	EXP 	eyetracker.setRecordingState(False)
3.3871 	EXP 	eyetracker.setRecordingState(False)
3.3965 	EXP 	eyetracker.setRecordingState(False)
3.4046 	EXP 	eyetracker.setRecordingState(False)
3.4113 	EXP 	eyetracker.setRecordingState(False)
3.4192 	EXP 	eyetracker.setRecordingState(False)
3.4273 	EXP 	eyetracker.setRecordingState(False)
3.4320 	EXP 	eyetracker.setRecordingState(False)
3.4411 	EXP 	eyetracker.setRecordingState(False)
3.4482 	EXP 	eyetracker.setRecordingState(False)
3.4548 	EXP 	eyetracker.setRecordingState(False)
3.4596 	EXP 	eyetracker.setRecordingState(False)
3.4644 	EXP 	eyetracker.setRecordingState(False)
3.4743 	EXP 	eyetracker.setRecordingState(False)
3.4819 	EXP 	eyetracker.setRecordingState(False)
3.4890 	EXP 	eyetracker.setRecordingState(False)
3.4969 	EXP 	eyetracker.setRecordingState(False)
3.5033 	EXP 	eyetracker.setRecordingState(False)
3.5093 	EXP 	eyetracker.setRecordingState(False)
3.5157 	EXP 	eyetracker.setRecordingState(False)
3.5202 	EXP 	eyetracker.setRecordingState(False)
3.5279 	EXP 	eyetracker.setRecordingState(False)
3.5344 	EXP 	eyetracker.setRecordingState(False)
3.5391 	EXP 	eyetracker.setRecordingState(False)
3.5465 	EXP 	eyetracker.setRecordingState(False)
3.5542 	EXP 	eyetracker.setRecordingState(False)
3.5603 	EXP 	eyetracker.setRecordingState(False)
3.5670 	EXP 	eyetracker.setRecordingState(False)
3.5742 	EXP 	eyetracker.setRecordingState(False)
3.5821 	EXP 	eyetracker.setRecordingState(False)
3.5925 	EXP 	eyetracker.setRecordingState(False)
3.6023 	EXP 	eyetracker.setRecordingState(False)
3.6098 	EXP 	eyetracker.setRecordingState(False)
3.6192 	EXP 	eyetracker.setRecordingState(False)
3.6317 	EXP 	eyetracker.setRecordingState(False)
3.6360 	EXP 	eyetracker.setRecordingState(False)
3.6451 	EXP 	eyetracker.setRecordingState(False)
3.6559 	EXP 	eyetracker.setRecordingState(False)
3.6639 	EXP 	eyetracker.setRecordingState(False)
3.6695 	EXP 	eyetracker.setRecordingState(False)
3.6754 	EXP 	eyetracker.setRecordingState(False)
3.6852 	EXP 	eyetracker.setRecordingState(False)
3.6899 	EXP 	eyetracker.setRecordingState(False)
3.6952 	EXP 	eyetracker.setRecordingState(False)
3.6993 	EXP 	eyetracker.setRecordingState(False)
3.7068 	EXP 	eyetracker.setRecordingState(False)
3.7133 	EXP 	eyetracker.setRecordingState(False)
3.7209 	EXP 	eyetracker.setRecordingState(False)
3.7277 	EXP 	eyetracker.setRecordingState(False)
3.7352 	EXP 	eyetracker.setRecordingState(False)
3.7412 	EXP 	eyetracker.setRecordingState(False)
3.7475 	EXP 	eyetracker.setRecordingState(False)
3.7570 	EXP 	eyetracker.setRecordingState(False)
3.7614 	EXP 	eyetracker.setRecordingState(False)
3.7693 	EXP 	eyetracker.setRecordingState(False)
3.7767 	EXP 	eyetracker.setRecordingState(False)
3.7841 	EXP 	eyetracker.setRecordingState(False)
3.7906 	EXP 	eyetracker.setRecordingState(False)
3.7965 	EXP 	eyetracker.setRecordingState(False)
3.8041 	EXP 	eyetracker.setRecordingState(False)
3.8105 	EXP 	eyetracker.setRecordingState(False)
3.8175 	EXP 	eyetracker.setRecordingState(False)
3.8252 	EXP 	eyetracker.setRecordingState(False)
3.8321 	EXP 	eyetracker.setRecordingState(False)
3.8390 	EXP 	eyetracker.setRecordingState(False)
3.8467 	EXP 	eyetracker.setRecordingState(False)
3.8549 	DATA 	Mouse: Left button down, pos=(1175,547)
3.8560 	EXP 	eyetracker.setRecordingState(False)
3.8591 	EXP 	eyetracker.setRecordingState(False)
3.8722 	INFO 	Keyboard events cleared
3.8717 	EXP 	text_7: autoDraw = False
3.8717 	EXP 	highlandYoghurt: autoDraw = False
3.8717 	EXP 	anchoryoghurt: autoDraw = False
3.8717 	EXP 	ambewelayoghurt: autoDraw = False
3.8717 	EXP 	pelawatteyoghurt: autoDraw = False
3.8717 	EXP 	text_8: autoDraw = False
3.8717 	EXP 	text_9: autoDraw = False
3.8717 	EXP 	text_10: autoDraw = False
3.8717 	EXP 	text_11: autoDraw = False
3.8717 	EXP 	text_12: autoDraw = True
3.8717 	EXP 	fortune: autoDraw = True
3.8717 	EXP 	marina: autoDraw = True
3.8717 	EXP 	Njoy: autoDraw = True
3.8717 	EXP 	text_13: autoDraw = True
3.8717 	EXP 	text_14: autoDraw = True
3.8717 	EXP 	text_15: autoDraw = True
3.8731 	EXP 	eyetracker.setRecordingState(False)
3.8798 	EXP 	eyetracker.setRecordingState(False)
3.8863 	EXP 	eyetracker.setRecordingState(False)
3.8927 	EXP 	eyetracker.setRecordingState(False)
3.9004 	EXP 	eyetracker.setRecordingState(False)
3.9064 	EXP 	eyetracker.setRecordingState(False)
3.9118 	EXP 	eyetracker.setRecordingState(False)
3.9170 	EXP 	eyetracker.setRecordingState(False)
3.9224 	EXP 	eyetracker.setRecordingState(False)
3.9298 	EXP 	eyetracker.setRecordingState(False)
3.9353 	EXP 	eyetracker.setRecordingState(False)
3.9432 	EXP 	eyetracker.setRecordingState(False)
3.9494 	EXP 	eyetracker.setRecordingState(False)
3.9572 	EXP 	eyetracker.setRecordingState(False)
3.9641 	EXP 	eyetracker.setRecordingState(False)
3.9712 	EXP 	eyetracker.setRecordingState(False)
3.9777 	EXP 	eyetracker.setRecordingState(False)
3.9848 	EXP 	eyetracker.setRecordingState(False)
3.9921 	EXP 	eyetracker.setRecordingState(False)
3.9986 	EXP 	eyetracker.setRecordingState(False)
4.0053 	EXP 	eyetracker.setRecordingState(False)
4.0124 	EXP 	eyetracker.setRecordingState(False)
4.0199 	EXP 	eyetracker.setRecordingState(False)
4.0262 	EXP 	eyetracker.setRecordingState(False)
4.0332 	EXP 	eyetracker.setRecordingState(False)
4.0401 	EXP 	eyetracker.setRecordingState(False)
4.0463 	EXP 	eyetracker.setRecordingState(False)
4.0542 	EXP 	eyetracker.setRecordingState(False)
4.0599 	EXP 	eyetracker.setRecordingState(False)
4.0686 	EXP 	eyetracker.setRecordingState(False)
4.0753 	EXP 	eyetracker.setRecordingState(False)
4.0773 	DATA 	Mouse:  Left button up, pos=(1175,547)
4.0818 	EXP 	eyetracker.setRecordingState(False)
4.0888 	EXP 	eyetracker.setRecordingState(False)
4.0952 	EXP 	eyetracker.setRecordingState(False)
4.1032 	EXP 	eyetracker.setRecordingState(False)
4.1087 	EXP 	eyetracker.setRecordingState(False)
4.1165 	EXP 	eyetracker.setRecordingState(False)
4.1255 	EXP 	eyetracker.setRecordingState(False)
4.1352 	EXP 	eyetracker.setRecordingState(False)
4.1418 	EXP 	eyetracker.setRecordingState(False)
4.1529 	EXP 	eyetracker.setRecordingState(False)
4.1592 	EXP 	eyetracker.setRecordingState(False)
4.1656 	EXP 	eyetracker.setRecordingState(False)
4.1736 	EXP 	eyetracker.setRecordingState(False)
4.1817 	EXP 	eyetracker.setRecordingState(False)
4.1883 	EXP 	eyetracker.setRecordingState(False)
4.1954 	EXP 	eyetracker.setRecordingState(False)
4.2000 	EXP 	eyetracker.setRecordingState(False)
4.2049 	EXP 	eyetracker.setRecordingState(False)
4.2109 	EXP 	eyetracker.setRecordingState(False)
4.2154 	EXP 	eyetracker.setRecordingState(False)
4.2232 	EXP 	eyetracker.setRecordingState(False)
4.2276 	EXP 	eyetracker.setRecordingState(False)
4.2336 	EXP 	eyetracker.setRecordingState(False)
4.2409 	EXP 	eyetracker.setRecordingState(False)
4.2476 	EXP 	eyetracker.setRecordingState(False)
4.2544 	EXP 	eyetracker.setRecordingState(False)
4.2625 	EXP 	eyetracker.setRecordingState(False)
4.2695 	EXP 	eyetracker.setRecordingState(False)
4.2757 	EXP 	eyetracker.setRecordingState(False)
4.2831 	EXP 	eyetracker.setRecordingState(False)
4.2901 	EXP 	eyetracker.setRecordingState(False)
4.2966 	EXP 	eyetracker.setRecordingState(False)
4.3042 	EXP 	eyetracker.setRecordingState(False)
4.3112 	EXP 	eyetracker.setRecordingState(False)
4.3190 	EXP 	eyetracker.setRecordingState(False)
4.3272 	EXP 	eyetracker.setRecordingState(False)
4.3353 	EXP 	eyetracker.setRecordingState(False)
4.3397 	EXP 	eyetracker.setRecordingState(False)
4.3470 	EXP 	eyetracker.setRecordingState(False)
4.3539 	EXP 	eyetracker.setRecordingState(False)
4.3597 	EXP 	eyetracker.setRecordingState(False)
4.3672 	EXP 	eyetracker.setRecordingState(False)
4.3734 	EXP 	eyetracker.setRecordingState(False)
4.3807 	EXP 	eyetracker.setRecordingState(False)
4.3867 	EXP 	eyetracker.setRecordingState(False)
4.3940 	EXP 	eyetracker.setRecordingState(False)
4.4014 	EXP 	eyetracker.setRecordingState(False)
4.4086 	EXP 	eyetracker.setRecordingState(False)
4.4159 	EXP 	eyetracker.setRecordingState(False)
4.4224 	EXP 	eyetracker.setRecordingState(False)
4.4293 	EXP 	eyetracker.setRecordingState(False)
4.4364 	EXP 	eyetracker.setRecordingState(False)
4.4440 	EXP 	eyetracker.setRecordingState(False)
4.4509 	EXP 	eyetracker.setRecordingState(False)
4.4572 	EXP 	eyetracker.setRecordingState(False)
4.4640 	EXP 	eyetracker.setRecordingState(False)
4.4722 	EXP 	eyetracker.setRecordingState(False)
4.4856 	EXP 	eyetracker.setRecordingState(False)
4.4921 	EXP 	eyetracker.setRecordingState(False)
4.4974 	EXP 	eyetracker.setRecordingState(False)
4.5082 	EXP 	eyetracker.setRecordingState(False)
4.5197 	EXP 	eyetracker.setRecordingState(False)
4.5296 	EXP 	eyetracker.setRecordingState(False)
4.5372 	EXP 	eyetracker.setRecordingState(False)
4.5475 	EXP 	eyetracker.setRecordingState(False)
4.5549 	EXP 	eyetracker.setRecordingState(False)
4.5625 	EXP 	eyetracker.setRecordingState(False)
4.5727 	EXP 	eyetracker.setRecordingState(False)
4.5800 	EXP 	eyetracker.setRecordingState(False)
4.5868 	EXP 	eyetracker.setRecordingState(False)
4.5923 	EXP 	eyetracker.setRecordingState(False)
4.5993 	EXP 	eyetracker.setRecordingState(False)
4.6062 	EXP 	eyetracker.setRecordingState(False)
4.6113 	EXP 	eyetracker.setRecordingState(False)
4.6187 	EXP 	eyetracker.setRecordingState(False)
4.6258 	EXP 	eyetracker.setRecordingState(False)
4.6313 	EXP 	eyetracker.setRecordingState(False)
4.6392 	EXP 	eyetracker.setRecordingState(False)
4.6485 	EXP 	eyetracker.setRecordingState(False)
4.6592 	EXP 	eyetracker.setRecordingState(False)
4.6673 	EXP 	eyetracker.setRecordingState(False)
4.6727 	EXP 	eyetracker.setRecordingState(False)
4.6805 	EXP 	eyetracker.setRecordingState(False)
4.6848 	EXP 	eyetracker.setRecordingState(False)
4.6906 	EXP 	eyetracker.setRecordingState(False)
4.6952 	EXP 	eyetracker.setRecordingState(False)
4.6996 	EXP 	eyetracker.setRecordingState(False)
4.7061 	EXP 	eyetracker.setRecordingState(False)
4.7131 	EXP 	eyetracker.setRecordingState(False)
4.7203 	EXP 	eyetracker.setRecordingState(False)
4.7269 	EXP 	eyetracker.setRecordingState(False)
4.7338 	EXP 	eyetracker.setRecordingState(False)
4.7418 	EXP 	eyetracker.setRecordingState(False)
4.7479 	EXP 	eyetracker.setRecordingState(False)
4.7552 	EXP 	eyetracker.setRecordingState(False)
4.7629 	EXP 	eyetracker.setRecordingState(False)
4.7695 	EXP 	eyetracker.setRecordingState(False)
4.7780 	EXP 	eyetracker.setRecordingState(False)
4.7875 	EXP 	eyetracker.setRecordingState(False)
4.7950 	EXP 	eyetracker.setRecordingState(False)
4.8044 	EXP 	eyetracker.setRecordingState(False)
4.8108 	EXP 	eyetracker.setRecordingState(False)
4.8158 	EXP 	eyetracker.setRecordingState(False)
4.8214 	EXP 	eyetracker.setRecordingState(False)
4.8298 	EXP 	eyetracker.setRecordingState(False)
4.8364 	EXP 	eyetracker.setRecordingState(False)
4.8420 	EXP 	eyetracker.setRecordingState(False)
4.8486 	EXP 	eyetracker.setRecordingState(False)
4.8580 	EXP 	eyetracker.setRecordingState(False)
4.8641 	EXP 	eyetracker.setRecordingState(False)
4.8666 	DATA 	Mouse: Left button down, pos=(987,546)
4.8716 	EXP 	eyetracker.setRecordingState(False)
4.8734 	EXP 	eyetracker.setRecordingState(False)
4.8927 	INFO 	Keyboard events cleared
4.8923 	EXP 	text_12: autoDraw = False
4.8923 	EXP 	fortune: autoDraw = False
4.8923 	EXP 	marina: autoDraw = False
4.8923 	EXP 	Njoy: autoDraw = False
4.8923 	EXP 	text_13: autoDraw = False
4.8923 	EXP 	text_14: autoDraw = False
4.8923 	EXP 	text_15: autoDraw = False
4.8923 	EXP 	text_instr: autoDraw = True
4.8923 	EXP 	kandos: autoDraw = True
4.8923 	EXP 	ritzbury: autoDraw = True
4.8923 	EXP 	revello: autoDraw = True
4.8923 	EXP 	cadbury: autoDraw = True
4.8923 	EXP 	text_20: autoDraw = True
4.8923 	EXP 	text_21: autoDraw = True
4.8923 	EXP 	text_22: autoDraw = True
4.8923 	EXP 	text_23: autoDraw = True
4.8933 	EXP 	eyetracker.setRecordingState(False)
4.9061 	EXP 	eyetracker.setRecordingState(False)
4.9122 	EXP 	eyetracker.setRecordingState(False)
4.9198 	EXP 	eyetracker.setRecordingState(False)
4.9264 	EXP 	eyetracker.setRecordingState(False)
4.9324 	EXP 	eyetracker.setRecordingState(False)
4.9399 	EXP 	eyetracker.setRecordingState(False)
4.9475 	EXP 	eyetracker.setRecordingState(False)
4.9547 	EXP 	eyetracker.setRecordingState(False)
4.9621 	EXP 	eyetracker.setRecordingState(False)
4.9687 	EXP 	eyetracker.setRecordingState(False)
4.9749 	EXP 	eyetracker.setRecordingState(False)
4.9791 	EXP 	eyetracker.setRecordingState(False)
4.9848 	EXP 	eyetracker.setRecordingState(False)
4.9918 	EXP 	eyetracker.setRecordingState(False)
4.9987 	EXP 	eyetracker.setRecordingState(False)
5.0049 	EXP 	eyetracker.setRecordingState(False)
5.0128 	EXP 	eyetracker.setRecordingState(False)
5.0194 	EXP 	eyetracker.setRecordingState(False)
5.0259 	EXP 	eyetracker.setRecordingState(False)
5.0330 	EXP 	eyetracker.setRecordingState(False)
5.0392 	EXP 	eyetracker.setRecordingState(False)
5.0471 	EXP 	eyetracker.setRecordingState(False)
5.0535 	EXP 	eyetracker.setRecordingState(False)
5.0612 	EXP 	eyetracker.setRecordingState(False)
5.0672 	EXP 	eyetracker.setRecordingState(False)
5.0740 	EXP 	eyetracker.setRecordingState(False)
5.0808 	EXP 	eyetracker.setRecordingState(False)
5.0822 	DATA 	Mouse:  Left button up, pos=(987,546)
5.0888 	EXP 	eyetracker.setRecordingState(False)
5.0953 	EXP 	eyetracker.setRecordingState(False)
5.1031 	EXP 	eyetracker.setRecordingState(False)
5.1088 	EXP 	eyetracker.setRecordingState(False)
5.1158 	EXP 	eyetracker.setRecordingState(False)
5.1237 	EXP 	eyetracker.setRecordingState(False)
5.1300 	EXP 	eyetracker.setRecordingState(False)
5.1379 	EXP 	eyetracker.setRecordingState(False)
5.1452 	EXP 	eyetracker.setRecordingState(False)
5.1507 	EXP 	eyetracker.setRecordingState(False)
5.1576 	EXP 	eyetracker.setRecordingState(False)
5.1650 	EXP 	eyetracker.setRecordingState(False)
5.1721 	EXP 	eyetracker.setRecordingState(False)
5.1785 	EXP 	eyetracker.setRecordingState(False)
5.1880 	EXP 	eyetracker.setRecordingState(False)
5.1933 	EXP 	eyetracker.setRecordingState(False)
5.1998 	EXP 	eyetracker.setRecordingState(False)
5.2067 	EXP 	eyetracker.setRecordingState(False)
5.2140 	EXP 	eyetracker.setRecordingState(False)
5.2221 	EXP 	eyetracker.setRecordingState(False)
5.2269 	EXP 	eyetracker.setRecordingState(False)
5.2350 	EXP 	eyetracker.setRecordingState(False)
5.2404 	EXP 	eyetracker.setRecordingState(False)
5.2511 	EXP 	eyetracker.setRecordingState(False)
5.2580 	EXP 	eyetracker.setRecordingState(False)
5.2640 	EXP 	eyetracker.setRecordingState(False)
5.2698 	EXP 	eyetracker.setRecordingState(False)
5.2773 	EXP 	eyetracker.setRecordingState(False)
5.2834 	EXP 	eyetracker.setRecordingState(False)
5.2906 	EXP 	eyetracker.setRecordingState(False)
5.2986 	EXP 	eyetracker.setRecordingState(False)
5.3046 	EXP 	eyetracker.setRecordingState(False)
5.3128 	EXP 	eyetracker.setRecordingState(False)
5.3193 	EXP 	eyetracker.setRecordingState(False)
5.3267 	EXP 	eyetracker.setRecordingState(False)
5.3330 	EXP 	eyetracker.setRecordingState(False)
5.3382 	EXP 	eyetracker.setRecordingState(False)
5.3461 	EXP 	eyetracker.setRecordingState(False)
5.3529 	EXP 	eyetracker.setRecordingState(False)
5.3597 	EXP 	eyetracker.setRecordingState(False)
5.3663 	EXP 	eyetracker.setRecordingState(False)
5.3733 	EXP 	eyetracker.setRecordingState(False)
5.3802 	EXP 	eyetracker.setRecordingState(False)
5.3880 	EXP 	eyetracker.setRecordingState(False)
5.3950 	EXP 	eyetracker.setRecordingState(False)
5.4014 	EXP 	eyetracker.setRecordingState(False)
5.4100 	EXP 	eyetracker.setRecordingState(False)
5.4162 	EXP 	eyetracker.setRecordingState(False)
5.4230 	EXP 	eyetracker.setRecordingState(False)
5.4292 	EXP 	eyetracker.setRecordingState(False)
5.4363 	EXP 	eyetracker.setRecordingState(False)
5.4430 	EXP 	eyetracker.setRecordingState(False)
5.4495 	EXP 	eyetracker.setRecordingState(False)
5.4571 	EXP 	eyetracker.setRecordingState(False)
5.4633 	EXP 	eyetracker.setRecordingState(False)
5.4720 	EXP 	eyetracker.setRecordingState(False)
5.4769 	EXP 	eyetracker.setRecordingState(False)
5.4844 	EXP 	eyetracker.setRecordingState(False)
5.4915 	EXP 	eyetracker.setRecordingState(False)
5.4988 	EXP 	eyetracker.setRecordingState(False)
5.5078 	EXP 	eyetracker.setRecordingState(False)
5.5136 	EXP 	eyetracker.setRecordingState(False)
5.5207 	EXP 	eyetracker.setRecordingState(False)
5.5281 	EXP 	eyetracker.setRecordingState(False)
5.5340 	EXP 	eyetracker.setRecordingState(False)
5.5398 	EXP 	eyetracker.setRecordingState(False)
5.5473 	EXP 	eyetracker.setRecordingState(False)
5.5549 	EXP 	eyetracker.setRecordingState(False)
5.5618 	EXP 	eyetracker.setRecordingState(False)
5.5688 	EXP 	eyetracker.setRecordingState(False)
5.5741 	EXP 	eyetracker.setRecordingState(False)
5.5826 	EXP 	eyetracker.setRecordingState(False)
5.5895 	EXP 	eyetracker.setRecordingState(False)
5.5955 	EXP 	eyetracker.setRecordingState(False)
5.6036 	EXP 	eyetracker.setRecordingState(False)
5.6089 	EXP 	eyetracker.setRecordingState(False)
5.6162 	EXP 	eyetracker.setRecordingState(False)
5.6245 	EXP 	eyetracker.setRecordingState(False)
5.6321 	EXP 	eyetracker.setRecordingState(False)
5.6380 	EXP 	eyetracker.setRecordingState(False)
5.6456 	EXP 	eyetracker.setRecordingState(False)
5.6516 	EXP 	eyetracker.setRecordingState(False)
5.6594 	EXP 	eyetracker.setRecordingState(False)
5.6679 	EXP 	eyetracker.setRecordingState(False)
5.6740 	EXP 	eyetracker.setRecordingState(False)
5.6784 	EXP 	eyetracker.setRecordingState(False)
5.6856 	EXP 	eyetracker.setRecordingState(False)
5.6941 	EXP 	eyetracker.setRecordingState(False)
5.6992 	EXP 	eyetracker.setRecordingState(False)
5.7087 	EXP 	eyetracker.setRecordingState(False)
5.7152 	EXP 	eyetracker.setRecordingState(False)
5.7212 	EXP 	eyetracker.setRecordingState(False)
5.7325 	EXP 	eyetracker.setRecordingState(False)
5.7395 	EXP 	eyetracker.setRecordingState(False)
5.7449 	EXP 	eyetracker.setRecordingState(False)
5.7503 	EXP 	eyetracker.setRecordingState(False)
5.7583 	EXP 	eyetracker.setRecordingState(False)
5.7644 	EXP 	eyetracker.setRecordingState(False)
5.7751 	EXP 	eyetracker.setRecordingState(False)
5.7827 	EXP 	eyetracker.setRecordingState(False)
5.7915 	EXP 	eyetracker.setRecordingState(False)
5.7977 	EXP 	eyetracker.setRecordingState(False)
5.8046 	EXP 	eyetracker.setRecordingState(False)
5.8102 	EXP 	eyetracker.setRecordingState(False)
5.8151 	EXP 	eyetracker.setRecordingState(False)
5.8222 	EXP 	eyetracker.setRecordingState(False)
5.8270 	EXP 	eyetracker.setRecordingState(False)
5.8340 	EXP 	eyetracker.setRecordingState(False)
5.8390 	EXP 	eyetracker.setRecordingState(False)
5.8461 	EXP 	eyetracker.setRecordingState(False)
5.8534 	EXP 	eyetracker.setRecordingState(False)
5.8617 	EXP 	eyetracker.setRecordingState(False)
5.8674 	EXP 	eyetracker.setRecordingState(False)
5.8743 	EXP 	eyetracker.setRecordingState(False)
5.8830 	EXP 	eyetracker.setRecordingState(False)
5.8913 	EXP 	eyetracker.setRecordingState(False)
5.8968 	EXP 	eyetracker.setRecordingState(False)
5.9037 	EXP 	eyetracker.setRecordingState(False)
5.9114 	EXP 	eyetracker.setRecordingState(False)
5.9174 	EXP 	eyetracker.setRecordingState(False)
5.9254 	EXP 	eyetracker.setRecordingState(False)
5.9349 	EXP 	eyetracker.setRecordingState(False)
5.9429 	EXP 	eyetracker.setRecordingState(False)
5.9482 	EXP 	eyetracker.setRecordingState(False)
5.9497 	DATA 	Mouse: Left button down, pos=(1505,522)
5.9541 	EXP 	eyetracker.setRecordingState(False)
5.9552 	EXP 	eyetracker.setRecordingState(False)
5.9714 	INFO 	Keyboard events cleared
5.9693 	EXP 	text_instr: autoDraw = False
5.9693 	EXP 	kandos: autoDraw = False
5.9693 	EXP 	ritzbury: autoDraw = False
5.9693 	EXP 	revello: autoDraw = False
5.9693 	EXP 	cadbury: autoDraw = False
5.9693 	EXP 	text_20: autoDraw = False
5.9693 	EXP 	text_21: autoDraw = False
5.9693 	EXP 	text_22: autoDraw = False
5.9693 	EXP 	text_23: autoDraw = False
5.9693 	EXP 	text_instr_2: autoDraw = True
5.9693 	EXP 	goldi: autoDraw = True
5.9693 	EXP 	elephanthouse: autoDraw = True
5.9693 	EXP 	krest: autoDraw = True
5.9693 	EXP 	pussalla: autoDraw = True
5.9693 	EXP 	text_16: autoDraw = True
5.9693 	EXP 	text_17: autoDraw = True
5.9693 	EXP 	text_18: autoDraw = True
5.9693 	EXP 	text_19: autoDraw = True
5.9738 	EXP 	eyetracker.setRecordingState(False)
5.9791 	EXP 	eyetracker.setRecordingState(False)
5.9848 	EXP 	eyetracker.setRecordingState(False)
5.9902 	EXP 	eyetracker.setRecordingState(False)
5.9986 	EXP 	eyetracker.setRecordingState(False)
6.0073 	EXP 	eyetracker.setRecordingState(False)
6.0148 	EXP 	eyetracker.setRecordingState(False)
6.0255 	EXP 	eyetracker.setRecordingState(False)
6.0324 	EXP 	eyetracker.setRecordingState(False)
6.0371 	EXP 	eyetracker.setRecordingState(False)
6.0423 	EXP 	eyetracker.setRecordingState(False)
6.0489 	EXP 	eyetracker.setRecordingState(False)
6.0539 	EXP 	eyetracker.setRecordingState(False)
6.0614 	EXP 	eyetracker.setRecordingState(False)
6.0714 	EXP 	eyetracker.setRecordingState(False)
6.0783 	EXP 	eyetracker.setRecordingState(False)
6.0848 	EXP 	eyetracker.setRecordingState(False)
6.0940 	EXP 	eyetracker.setRecordingState(False)
6.1024 	EXP 	eyetracker.setRecordingState(False)
6.1127 	EXP 	eyetracker.setRecordingState(False)
6.1191 	EXP 	eyetracker.setRecordingState(False)
6.1236 	EXP 	eyetracker.setRecordingState(False)
6.1341 	EXP 	eyetracker.setRecordingState(False)
6.1416 	EXP 	eyetracker.setRecordingState(False)
6.1490 	EXP 	eyetracker.setRecordingState(False)
6.1551 	EXP 	eyetracker.setRecordingState(False)
6.1601 	EXP 	eyetracker.setRecordingState(False)
6.1654 	EXP 	eyetracker.setRecordingState(False)
6.1698 	DATA 	Mouse:  Left button up, pos=(1505,522)
6.1736 	EXP 	eyetracker.setRecordingState(False)
6.1842 	EXP 	eyetracker.setRecordingState(False)
6.1919 	EXP 	eyetracker.setRecordingState(False)
6.1992 	EXP 	eyetracker.setRecordingState(False)
6.2064 	EXP 	eyetracker.setRecordingState(False)
6.2124 	EXP 	eyetracker.setRecordingState(False)
6.2188 	EXP 	eyetracker.setRecordingState(False)
6.2250 	EXP 	eyetracker.setRecordingState(False)
6.2308 	EXP 	eyetracker.setRecordingState(False)
6.2377 	EXP 	eyetracker.setRecordingState(False)
6.2458 	EXP 	eyetracker.setRecordingState(False)
6.2524 	EXP 	eyetracker.setRecordingState(False)
6.2580 	EXP 	eyetracker.setRecordingState(False)
6.2670 	EXP 	eyetracker.setRecordingState(False)
6.2734 	EXP 	eyetracker.setRecordingState(False)
6.2798 	EXP 	eyetracker.setRecordingState(False)
6.2851 	EXP 	eyetracker.setRecordingState(False)
6.2930 	EXP 	eyetracker.setRecordingState(False)
6.2990 	EXP 	eyetracker.setRecordingState(False)
6.3123 	EXP 	eyetracker.setRecordingState(False)
6.3206 	EXP 	eyetracker.setRecordingState(False)
6.3300 	EXP 	eyetracker.setRecordingState(False)
6.3362 	EXP 	eyetracker.setRecordingState(False)
6.3429 	EXP 	eyetracker.setRecordingState(False)
6.3521 	EXP 	eyetracker.setRecordingState(False)
6.3592 	EXP 	eyetracker.setRecordingState(False)
6.3674 	EXP 	eyetracker.setRecordingState(False)
6.3736 	EXP 	eyetracker.setRecordingState(False)
6.3821 	EXP 	eyetracker.setRecordingState(False)
6.3871 	EXP 	eyetracker.setRecordingState(False)
6.3925 	EXP 	eyetracker.setRecordingState(False)
6.4009 	EXP 	eyetracker.setRecordingState(False)
6.4077 	EXP 	eyetracker.setRecordingState(False)
6.4147 	EXP 	eyetracker.setRecordingState(False)
6.4196 	EXP 	eyetracker.setRecordingState(False)
6.4264 	EXP 	eyetracker.setRecordingState(False)
6.4314 	EXP 	eyetracker.setRecordingState(False)
6.4361 	EXP 	eyetracker.setRecordingState(False)
6.4432 	EXP 	eyetracker.setRecordingState(False)
6.4499 	EXP 	eyetracker.setRecordingState(False)
6.4563 	EXP 	eyetracker.setRecordingState(False)
6.4630 	EXP 	eyetracker.setRecordingState(False)
6.4710 	EXP 	eyetracker.setRecordingState(False)
6.4783 	EXP 	eyetracker.setRecordingState(False)
6.4836 	EXP 	eyetracker.setRecordingState(False)
6.4912 	EXP 	eyetracker.setRecordingState(False)
6.4976 	EXP 	eyetracker.setRecordingState(False)
6.5064 	EXP 	eyetracker.setRecordingState(False)
6.5115 	EXP 	eyetracker.setRecordingState(False)
6.5193 	EXP 	eyetracker.setRecordingState(False)
6.5259 	EXP 	eyetracker.setRecordingState(False)
6.5335 	EXP 	eyetracker.setRecordingState(False)
6.5405 	EXP 	eyetracker.setRecordingState(False)
6.5473 	EXP 	eyetracker.setRecordingState(False)
6.5557 	EXP 	eyetracker.setRecordingState(False)
6.5617 	EXP 	eyetracker.setRecordingState(False)
6.5682 	EXP 	eyetracker.setRecordingState(False)
6.5749 	EXP 	eyetracker.setRecordingState(False)
6.5822 	EXP 	eyetracker.setRecordingState(False)
6.5910 	EXP 	eyetracker.setRecordingState(False)
6.5984 	EXP 	eyetracker.setRecordingState(False)
6.6055 	EXP 	eyetracker.setRecordingState(False)
6.6131 	EXP 	eyetracker.setRecordingState(False)
6.6216 	EXP 	eyetracker.setRecordingState(False)
6.6267 	EXP 	eyetracker.setRecordingState(False)
6.6342 	EXP 	eyetracker.setRecordingState(False)
6.6434 	EXP 	eyetracker.setRecordingState(False)
6.6494 	EXP 	eyetracker.setRecordingState(False)
6.6556 	EXP 	eyetracker.setRecordingState(False)
6.6650 	EXP 	eyetracker.setRecordingState(False)
6.6699 	EXP 	eyetracker.setRecordingState(False)
6.6756 	EXP 	eyetracker.setRecordingState(False)
6.6820 	EXP 	eyetracker.setRecordingState(False)
6.6899 	EXP 	eyetracker.setRecordingState(False)
6.6967 	EXP 	eyetracker.setRecordingState(False)
6.7032 	EXP 	eyetracker.setRecordingState(False)
6.7091 	EXP 	eyetracker.setRecordingState(False)
6.7163 	EXP 	eyetracker.setRecordingState(False)
6.7244 	EXP 	eyetracker.setRecordingState(False)
6.7328 	EXP 	eyetracker.setRecordingState(False)
6.7388 	EXP 	eyetracker.setRecordingState(False)
6.7433 	EXP 	eyetracker.setRecordingState(False)
6.7485 	EXP 	eyetracker.setRecordingState(False)
6.7559 	EXP 	eyetracker.setRecordingState(False)
6.7624 	EXP 	eyetracker.setRecordingState(False)
6.7703 	EXP 	eyetracker.setRecordingState(False)
6.7764 	EXP 	eyetracker.setRecordingState(False)
6.7842 	EXP 	eyetracker.setRecordingState(False)
6.7922 	EXP 	eyetracker.setRecordingState(False)
6.8014 	EXP 	eyetracker.setRecordingState(False)
6.8087 	EXP 	eyetracker.setRecordingState(False)
6.8200 	EXP 	eyetracker.setRecordingState(False)
6.8251 	EXP 	eyetracker.setRecordingState(False)
6.8339 	EXP 	eyetracker.setRecordingState(False)
6.8388 	EXP 	eyetracker.setRecordingState(False)
6.8472 	EXP 	eyetracker.setRecordingState(False)
6.8524 	EXP 	eyetracker.setRecordingState(False)
6.8589 	EXP 	eyetracker.setRecordingState(False)
6.8649 	EXP 	eyetracker.setRecordingState(False)
6.8689 	EXP 	eyetracker.setRecordingState(False)
6.8785 	EXP 	eyetracker.setRecordingState(False)
6.8850 	EXP 	eyetracker.setRecordingState(False)
6.8912 	EXP 	eyetracker.setRecordingState(False)
6.9028 	EXP 	eyetracker.setRecordingState(False)
6.9137 	EXP 	eyetracker.setRecordingState(False)
6.9257 	EXP 	eyetracker.setRecordingState(False)
6.9336 	EXP 	eyetracker.setRecordingState(False)
6.9438 	EXP 	eyetracker.setRecordingState(False)
6.9492 	EXP 	eyetracker.setRecordingState(False)
6.9549 	EXP 	eyetracker.setRecordingState(False)
6.9594 	EXP 	eyetracker.setRecordingState(False)
6.9644 	EXP 	eyetracker.setRecordingState(False)
6.9715 	EXP 	eyetracker.setRecordingState(False)
6.9771 	EXP 	eyetracker.setRecordingState(False)
6.9834 	DATA 	Mouse: Left button down, pos=(1226,510)
6.9843 	EXP 	eyetracker.setRecordingState(False)
6.9894 	EXP 	text_instr_2: autoDraw = False
6.9894 	EXP 	goldi: autoDraw = False
6.9894 	EXP 	elephanthouse: autoDraw = False
6.9894 	EXP 	krest: autoDraw = False
6.9894 	EXP 	pussalla: autoDraw = False
6.9894 	EXP 	text_16: autoDraw = False
6.9894 	EXP 	text_17: autoDraw = False
6.9894 	EXP 	text_18: autoDraw = False
6.9894 	EXP 	text_19: autoDraw = False
6.9895 	EXP 	Cheese: status = STOPPED
7.0318 	INFO 	saved data to 'C:\\Users\\M S I\\OneDrive\\Documents\\GitHub\\Research-Project\\data\\792439_Cheese_2026-04-16_10h28.02.229.csv'
7.0346 	INFO 	saved data to C:\Users\M S I\OneDrive\Documents\GitHub\Research-Project\data\792439_Cheese_2026-04-16_10h28.02.229.psydat
