113.9140 	INFO 	Loaded monitor calibration from ['2025_12_23 12:18']
114.1294 	WARNING 	User requested fullscreen with size [1024  768], but screen is actually [1920, 1080]. Using actual size
120.2143 	INFO 	Using renderer 'Intel(R) UHD Graphics' for graphics
120.2145 	INFO 	OpenGL version supported by driver is 4..
120.9403 	EXP 	Created window1 = Window(allowGUI=True, allowStencil=False, autoLog=True, backendConf=UNKNOWN, backgroundFit=<method-wrapper '__getattribute__' of attributeSetter object at 0x000002809A35DDB0>, backgroundImage=<method-wrapper '__getattribute__' of attributeSetter object at 0x000002809A35F940>, bitsMode=UNKNOWN, blendMode='avg', bpc=(8, 8, 8), color=array([-1., -1., -1.]), colorSpace='rgb', depthBits=8, fullscr=True, gamma=None, gammaErrorPolicy='raise', infoMsg=UNKNOWN, lms=UNKNOWN, monitor=<psychopy.monitors.calibTools.Monitor object at 0x00000280A36D2A10>, multiSample=False, name='window1', numSamples=2, pos=[np.float64(0.0), np.float64(0.0)], screen=0, size=array([1920, 1080]), stencilBits=0, stereo=False, title='PsychoPy', units='height', useFBO=True, useRetina=False, viewOri=0.0, viewPos=None, viewScale=None, waitBlanking=True, winType='pyglet')
120.9405 	EXP 	window1: backgroundImage = ''
120.9406 	EXP 	window1: backgroundFit = 'none'
122.4034 	EXP 	window1: Attempting to measure frame rate of screen (0) ...
122.4035 	EXP 	window1: recordFrameIntervals = False
124.9350 	EXP 	window1: recordFrameIntervals = True
124.9661 	WARNING 	t of last frame was 20.20ms (=1/49)
125.2304 	WARNING 	t of last frame was 22.16ms (=1/45)
125.2651 	WARNING 	t of last frame was 20.51ms (=1/48)
125.5845 	EXP 	Screen (0) actual frame rate measured at 71.96Hz
125.5848 	EXP 	window1: recordFrameIntervals = False
150.2858 	INFO 	keyboard.Keyboard is using iohub backend.
150.2859 	EXP 	Cheese: status = STARTED
150.7496 	EXP 	Created text = TextStim(__class__=<class 'psychopy.visual.text.TextStim'>, alignHoriz=method-wrapper(...), alignText='center', alignVert=method-wrapper(...), anchorHoriz='center', anchorVert='center', antialias=True, autoDraw=False, autoLog=True, bold=False, color=array([1., 1., 1.]), colorSpace='rgb', contrast=1.0, depth=0.0, draggable=False, flipHoriz=False, flipVert=False, font='Arial', fontFiles=[], height=0.05, italic=False, languageStyle='LTR', name='text', opacity=1, ori=0.0, pos=array([0. , 0.3]), rgb=UNKNOWN, text='', units='height', win=Window(...), wrapWidth=1)
150.9385 	EXP 	Created ambewela = ImageStim(__class__=<class 'psychopy.visual.image.ImageStim'>, anchor=('center', 'center'), autoLog=True, color=array([1., 1., 1.]), colorSpace='rgb', contrast=1.0, depth=-1.0, draggable=False, flipHoriz=np.False_, flipVert=np.False_, image='default.png', interpolate=True, mask=None, maskParams=None, name='ambewela', opacity=1.0, ori=0.0, pos=array([-0.6,  0. ]), size=array([0.2, 0.2]), texRes=128.0, units='height', win=Window(...))
150.9495 	EXP 	Created kothmale = ImageStim(__class__=<class 'psychopy.visual.image.ImageStim'>, anchor=('center', 'center'), autoLog=True, color=array([1., 1., 1.]), colorSpace='rgb', contrast=1.0, depth=-2.0, draggable=False, flipHoriz=np.False_, flipVert=np.False_, image='default.png', interpolate=True, mask=None, maskParams=None, name='kothmale', opacity=1.0, ori=0.0, pos=array([-0.3,  0. ]), size=array([0.2, 0.2]), texRes=128.0, units='height', win=Window(...))
150.9590 	EXP 	Created happycow = ImageStim(__class__=<class 'psychopy.visual.image.ImageStim'>, anchor=('center', 'center'), autoLog=True, color=array([1., 1., 1.]), colorSpace='rgb', contrast=1.0, depth=-3.0, draggable=False, flipHoriz=np.False_, flipVert=np.False_, image='default.png', interpolate=True, mask=None, maskParams=None, name='happycow', opacity=1.0, ori=0.0, pos=array([0., 0.]), size=array([0.2, 0.2]), texRes=128.0, units='height', win=Window(...))
150.9690 	EXP 	Created kraft = ImageStim(__class__=<class 'psychopy.visual.image.ImageStim'>, anchor=('center', 'center'), autoLog=True, color=array([1., 1., 1.]), colorSpace='rgb', contrast=1.0, depth=-4.0, draggable=False, flipHoriz=np.False_, flipVert=np.False_, image='default.png', interpolate=True, mask=None, maskParams=None, name='kraft', opacity=1.0, ori=0.0, pos=array([0.3, 0. ]), size=array([0.2, 0.2]), texRes=128.0, units='height', win=Window(...))
150.9772 	EXP 	Created richlife = ImageStim(__class__=<class 'psychopy.visual.image.ImageStim'>, anchor=('center', 'center'), autoLog=True, color=array([1., 1., 1.]), colorSpace='rgb', contrast=1.0, depth=-5.0, draggable=False, flipHoriz=np.False_, flipVert=np.False_, image='default.png', interpolate=True, mask=None, maskParams=None, name='richlife', opacity=1.0, ori=0.0, pos=array([0.6, 0. ]), size=array([0.2, 0.2]), texRes=128.0, units='height', win=Window(...))
151.9898 	EXP 	Created text_2 = TextStim(__class__=<class 'psychopy.visual.text.TextStim'>, alignHoriz=method-wrapper(...), alignText='center', alignVert=method-wrapper(...), anchorHoriz='center', anchorVert='center', antialias=True, autoDraw=False, autoLog=True, bold=False, color=array([1., 1., 1.]), colorSpace='rgb', contrast=1.0, depth=-6.0, draggable=False, flipHoriz=False, flipVert=False, font='Arial', fontFiles=[], height=np.float64(0.02), italic=False, languageStyle='LTR', name='text_2', opacity=1, ori=0.0, pos=array([-0.6, -0.3]), rgb=UNKNOWN, text=str(...), units='height', win=Window(...), wrapWidth=1)
152.0097 	EXP 	Created text_3 = TextStim(__class__=<class 'psychopy.visual.text.TextStim'>, alignHoriz=method-wrapper(...), alignText='center', alignVert=method-wrapper(...), anchorHoriz='center', anchorVert='center', antialias=True, autoDraw=False, autoLog=True, bold=False, color=array([1., 1., 1.]), colorSpace='rgb', contrast=1.0, depth=-7.0, draggable=False, flipHoriz=False, flipVert=False, font='Arial', fontFiles=[], height=np.float64(0.02), italic=False, languageStyle='LTR', name='text_3', opacity=1, ori=0.0, pos=array([-0.3, -0.3]), rgb=UNKNOWN, text='Kothmale Cheddar\n250 g \nRs 1300', units='height', win=Window(...), wrapWidth=1)
152.0256 	EXP 	Created text_4 = TextStim(__class__=<class 'psychopy.visual.text.TextStim'>, alignHoriz=method-wrapper(...), alignText='center', alignVert=method-wrapper(...), anchorHoriz='center', anchorVert='center', antialias=True, autoDraw=False, autoLog=True, bold=False, color=array([1., 1., 1.]), colorSpace='rgb', contrast=1.0, depth=-8.0, draggable=False, flipHoriz=False, flipVert=False, font='Arial', fontFiles=[], height=np.float64(0.02), italic=False, languageStyle='LTR', name='text_4', opacity=1, ori=0.0, pos=array([ 0. , -0.3]), rgb=UNKNOWN, text='HappyCow Cheese\n340 g\nRs 1200', units='height', win=Window(...), wrapWidth=1)
152.0440 	EXP 	Created text_5 = TextStim(__class__=<class 'psychopy.visual.text.TextStim'>, alignHoriz=method-wrapper(...), alignText='center', alignVert=method-wrapper(...), anchorHoriz='center', anchorVert='center', antialias=True, autoDraw=False, autoLog=True, bold=False, color=array([1., 1., 1.]), colorSpace='rgb', contrast=1.0, depth=-9.0, draggable=False, flipHoriz=False, flipVert=False, font='Arial', fontFiles=[], height=np.float64(0.02), italic=False, languageStyle='LTR', name='text_5', opacity=1, ori=0.0, pos=array([ 0.3, -0.3]), rgb=UNKNOWN, text='Kraft Cheddar Cheese\n250 g\nRs 2590', units='height', win=Window(...), wrapWidth=1)
152.0575 	EXP 	Created text_6 = TextStim(__class__=<class 'psychopy.visual.text.TextStim'>, alignHoriz=method-wrapper(...), alignText='center', alignVert=method-wrapper(...), anchorHoriz='center', anchorVert='center', antialias=True, autoDraw=False, autoLog=True, bold=False, color=array([1., 1., 1.]), colorSpace='rgb', contrast=1.0, depth=-10.0, draggable=False, flipHoriz=False, flipVert=False, font='Arial', fontFiles=[], height=np.float64(0.02), italic=False, languageStyle='LTR', name='text_6', opacity=1, ori=0.0, pos=array([ 0.6, -0.3]), rgb=UNKNOWN, text='Rich Life Cheddar Cheese\n100 g\nRs 625', units='height', win=Window(...), wrapWidth=1)
152.1158 	EXP 	Created text_7 = TextStim(__class__=<class 'psychopy.visual.text.TextStim'>, alignHoriz=method-wrapper(...), alignText='center', alignVert=method-wrapper(...), anchorHoriz='center', anchorVert='center', antialias=True, autoDraw=False, autoLog=True, bold=False, color=array([1., 1., 1.]), colorSpace='rgb', contrast=1.0, depth=0.0, draggable=False, flipHoriz=False, flipVert=False, font='Arial', fontFiles=[], height=np.float64(0.05), italic=False, languageStyle='LTR', name='text_7', opacity=1, ori=0.0, pos=array([0. , 0.3]), rgb=UNKNOWN, text='Which one are you going to buy ?', units='height', win=Window(...), wrapWidth=1)
152.1717 	EXP 	Created highlandYoghurt = ImageStim(__class__=<class 'psychopy.visual.image.ImageStim'>, anchor=('center', 'center'), autoLog=True, color=array([1., 1., 1.]), colorSpace='rgb', contrast=1.0, depth=-1.0, draggable=False, flipHoriz=np.False_, flipVert=np.False_, image='Highland yp.jpg', interpolate=True, mask=None, maskParams=None, name='highlandYoghurt', opacity=1, ori=0.0, pos=array([-0.4,  0. ]), size=array([0.2, 0.2]), texRes=128.0, units='height', win=Window(...))
152.2157 	EXP 	Created anchoryoghurt = ImageStim(__class__=<class 'psychopy.visual.image.ImageStim'>, anchor=('center', 'center'), autoLog=True, color=array([1., 1., 1.]), colorSpace='rgb', contrast=1.0, depth=-2.0, draggable=False, flipHoriz=np.False_, flipVert=np.False_, image='anchor youghurt.jpg', interpolate=True, mask=None, maskParams=None, name='anchoryoghurt', opacity=1, ori=0.0, pos=array([-0.1,  0. ]), size=array([0.2, 0.2]), texRes=128.0, units='height', win=Window(...))
152.2699 	EXP 	Created ambewelayoghurt = ImageStim(__class__=<class 'psychopy.visual.image.ImageStim'>, anchor=('center', 'center'), autoLog=True, color=array([1., 1., 1.]), colorSpace='rgb', contrast=1.0, depth=-3.0, draggable=False, flipHoriz=np.False_, flipVert=np.False_, image='ambewela yoghurt.jpg', interpolate=True, mask=None, maskParams=None, name='ambewelayoghurt', opacity=1, ori=0.0, pos=array([0.2, 0. ]), size=array([0.2, 0.2]), texRes=128.0, units='height', win=Window(...))
152.3168 	EXP 	Created pelawatteyoghurt = ImageStim(__class__=<class 'psychopy.visual.image.ImageStim'>, anchor=('center', 'center'), autoLog=True, color=array([1., 1., 1.]), colorSpace='rgb', contrast=1.0, depth=-4.0, draggable=False, flipHoriz=np.False_, flipVert=np.False_, image='pelawatteypughurt.jpeg', interpolate=True, mask=None, maskParams=None, name='pelawatteyoghurt', opacity=1, ori=0.0, pos=array([0.5, 0. ]), size=array([0.2, 0.2]), texRes=128.0, units='height', win=Window(...))
152.3388 	EXP 	Created text_8 = TextStim(__class__=<class 'psychopy.visual.text.TextStim'>, alignHoriz=method-wrapper(...), alignText='center', alignVert=method-wrapper(...), anchorHoriz='center', anchorVert='center', antialias=True, autoDraw=False, autoLog=True, bold=False, color=array([1., 1., 1.]), colorSpace='rgb', contrast=1.0, depth=-5.0, draggable=False, flipHoriz=False, flipVert=False, font='Arial', fontFiles=[], height=np.float64(0.02), italic=False, languageStyle='LTR', name='text_8', opacity=1, ori=0.0, pos=array([-0.4, -0.3]), rgb=UNKNOWN, text=str(...), units='height', win=Window(...), wrapWidth=1)
152.3511 	EXP 	Created text_9 = TextStim(__class__=<class 'psychopy.visual.text.TextStim'>, alignHoriz=method-wrapper(...), alignText='center', alignVert=method-wrapper(...), anchorHoriz='center', anchorVert='center', antialias=True, autoDraw=False, autoLog=True, bold=False, color=array([1., 1., 1.]), colorSpace='rgb', contrast=1.0, depth=-6.0, draggable=False, flipHoriz=False, flipVert=False, font='Arial', fontFiles=[], height=np.float64(0.02), italic=False, languageStyle='LTR', name='text_9', opacity=1, ori=0.0, pos=array([-0.1, -0.3]), rgb=UNKNOWN, text='Anchor Yoghurt\n     80 g\n   Rs 70', units='height', win=Window(...), wrapWidth=1)
152.3596 	EXP 	Created text_10 = TextStim(__class__=<class 'psychopy.visual.text.TextStim'>, alignHoriz=method-wrapper(...), alignText='center', alignVert=method-wrapper(...), anchorHoriz='center', anchorVert='center', antialias=True, autoDraw=False, autoLog=True, bold=False, color=array([1., 1., 1.]), colorSpace='rgb', contrast=1.0, depth=-7.0, draggable=False, flipHoriz=False, flipVert=False, font='Arial', fontFiles=[], height=np.float64(0.02), italic=False, languageStyle='LTR', name='text_10', opacity=1, ori=0.0, pos=array([ 0.2, -0.3]), rgb=UNKNOWN, text='Ambewela Yoghurt\n      80 g\n     Rs 70', units='height', win=Window(...), wrapWidth=1)
152.3696 	EXP 	Created text_11 = TextStim(__class__=<class 'psychopy.visual.text.TextStim'>, alignHoriz=method-wrapper(...), alignText='center', alignVert=method-wrapper(...), anchorHoriz='center', anchorVert='center', antialias=True, autoDraw=False, autoLog=True, bold=False, color=array([1., 1., 1.]), colorSpace='rgb', contrast=1.0, depth=-8.0, draggable=False, flipHoriz=False, flipVert=False, font='Arial', fontFiles=[], height=np.float64(0.02), italic=False, languageStyle='LTR', name='text_11', opacity=1, ori=0.0, pos=array([ 0.5, -0.3]), rgb=UNKNOWN, text='Pelawatte Yoghurt\n       80 g\n      Rs  50', units='height', win=Window(...), wrapWidth=1)
152.3772 	EXP 	Created text_12 = TextStim(__class__=<class 'psychopy.visual.text.TextStim'>, alignHoriz=method-wrapper(...), alignText='center', alignVert=method-wrapper(...), anchorHoriz='center', anchorVert='center', antialias=True, autoDraw=False, autoLog=True, bold=False, color=array([1., 1., 1.]), colorSpace='rgb', contrast=1.0, depth=0.0, draggable=False, flipHoriz=False, flipVert=False, font='Arial', fontFiles=[], height=np.float64(0.05), italic=False, languageStyle='LTR', name='text_12', opacity=1, ori=0.0, pos=array([0. , 0.3]), rgb=UNKNOWN, text='Which one are you going to buy?', units='height', win=Window(...), wrapWidth=1)
152.4557 	EXP 	Created fortune = ImageStim(__class__=<class 'psychopy.visual.image.ImageStim'>, anchor=('center', 'center'), autoLog=True, color=array([1., 1., 1.]), colorSpace='rgb', contrast=1.0, depth=-1.0, draggable=False, flipHoriz=np.False_, flipVert=np.False_, image='fortune.jpg', interpolate=True, mask=None, maskParams=None, name='fortune', opacity=1, ori=0.0, pos=array([-0.5,  0. ]), size=array([0.2, 0.2]), texRes=128.0, units='height', win=Window(...))
152.5105 	EXP 	Created marina = ImageStim(__class__=<class 'psychopy.visual.image.ImageStim'>, anchor=('center', 'center'), autoLog=True, color=array([1., 1., 1.]), colorSpace='rgb', contrast=1.0, depth=-2.0, draggable=False, flipHoriz=np.False_, flipVert=np.False_, image='marina.jpeg', interpolate=True, mask=None, maskParams=None, name='marina', opacity=1, ori=0.0, pos=array([0., 0.]), size=array([0.2, 0.2]), texRes=128.0, units='height', win=Window(...))
152.6127 	EXP 	Created Njoy = ImageStim(__class__=<class 'psychopy.visual.image.ImageStim'>, anchor=('center', 'center'), autoLog=True, color=array([1., 1., 1.]), colorSpace='rgb', contrast=1.0, depth=-3.0, draggable=False, flipHoriz=np.False_, flipVert=np.False_, image='Njoy.jpg', interpolate=True, mask=None, maskParams=None, name='Njoy', opacity=1, ori=0.0, pos=array([0.5, 0. ]), size=array([0.2, 0.2]), texRes=128.0, units='height', win=Window(...))
152.6441 	EXP 	Created text_13 = TextStim(__class__=<class 'psychopy.visual.text.TextStim'>, alignHoriz=method-wrapper(...), alignText='center', alignVert=method-wrapper(...), anchorHoriz='center', anchorVert='center', antialias=True, autoDraw=False, autoLog=True, bold=False, color=array([1., 1., 1.]), colorSpace='rgb', contrast=1.0, depth=-4.0, draggable=False, flipHoriz=False, flipVert=False, font='Arial', fontFiles=[], height=np.float64(0.02), italic=False, languageStyle='LTR', name='text_13', opacity=1, ori=0.0, pos=array([-0.5, -0.3]), rgb=UNKNOWN, text=str(...), units='height', win=Window(...), wrapWidth=1)
152.6639 	EXP 	Created text_14 = TextStim(__class__=<class 'psychopy.visual.text.TextStim'>, alignHoriz=method-wrapper(...), alignText='center', alignVert=method-wrapper(...), anchorHoriz='center', anchorVert='center', antialias=True, autoDraw=False, autoLog=True, bold=False, color=array([1., 1., 1.]), colorSpace='rgb', contrast=1.0, depth=-5.0, draggable=False, flipHoriz=False, flipVert=False, font='Arial', fontFiles=[], height=np.float64(0.02), italic=False, languageStyle='LTR', name='text_14', opacity=1, ori=0.0, pos=array([ 0. , -0.3]), rgb=UNKNOWN, text=str(...), units='height', win=Window(...), wrapWidth=1)
152.6836 	EXP 	Created text_15 = TextStim(__class__=<class 'psychopy.visual.text.TextStim'>, alignHoriz=method-wrapper(...), alignText='center', alignVert=method-wrapper(...), anchorHoriz='center', anchorVert='center', antialias=True, autoDraw=False, autoLog=True, bold=False, color=array([1., 1., 1.]), colorSpace='rgb', contrast=1.0, depth=-6.0, draggable=False, flipHoriz=False, flipVert=False, font='Arial', fontFiles=[], height=np.float64(0.02), italic=False, languageStyle='LTR', name='text_15', opacity=1, ori=0.0, pos=array([ 0.5, -0.3]), rgb=UNKNOWN, text=str(...), units='height', win=Window(...), wrapWidth=1)
152.7257 	EXP 	Created text_instr = TextStim(__class__=<class 'psychopy.visual.text.TextStim'>, alignHoriz=method-wrapper(...), alignText='center', alignVert=method-wrapper(...), anchorHoriz='center', anchorVert='center', antialias=True, autoDraw=False, autoLog=True, bold=False, color=array([1., 1., 1.]), colorSpace='rgb', contrast=1.0, depth=0.0, draggable=False, flipHoriz=False, flipVert=False, font='Arial', fontFiles=[], height=np.float64(0.04), italic=False, languageStyle='LTR', name='text_instr', opacity=1, ori=0.0, pos=array([0. , 0.3]), rgb=UNKNOWN, text='Which one are you going to buy?', units='height', win=Window(...), wrapWidth=1)
152.7901 	EXP 	Created kandos = ImageStim(__class__=<class 'psychopy.visual.image.ImageStim'>, anchor=('center', 'center'), autoLog=True, color=array([1., 1., 1.]), colorSpace='rgb', contrast=1.0, depth=-1.0, draggable=False, flipHoriz=np.False_, flipVert=np.False_, image='Kandos.jpeg', interpolate=True, mask=None, maskParams=None, name='kandos', opacity=1, ori=0.0, pos=array([-0.4,  0. ]), size=array([0.2, 0.2]), texRes=128.0, units='height', win=Window(...))
152.8448 	EXP 	Created ritzbury = ImageStim(__class__=<class 'psychopy.visual.image.ImageStim'>, anchor=('center', 'center'), autoLog=True, color=array([1., 1., 1.]), colorSpace='rgb', contrast=1.0, depth=-2.0, draggable=False, flipHoriz=np.False_, flipVert=np.False_, image='ritzbury.jpg', interpolate=True, mask=None, maskParams=None, name='ritzbury', opacity=1.0, ori=0.0, pos=array([-0.1,  0. ]), size=array([0.2, 0.2]), texRes=128.0, units='height', win=Window(...))
152.8919 	EXP 	Created revello = ImageStim(__class__=<class 'psychopy.visual.image.ImageStim'>, anchor=('center', 'center'), autoLog=True, color=array([1., 1., 1.]), colorSpace='rgb', contrast=1.0, depth=-3.0, draggable=False, flipHoriz=np.False_, flipVert=np.False_, image='revello.jpg', interpolate=True, mask=None, maskParams=None, name='revello', opacity=1, ori=0.0, pos=array([0.2, 0. ]), size=array([0.2, 0.2]), texRes=128.0, units='height', win=Window(...))
152.9497 	EXP 	Created cadbury = ImageStim(__class__=<class 'psychopy.visual.image.ImageStim'>, anchor=('center', 'center'), autoLog=True, color=array([1., 1., 1.]), colorSpace='rgb', contrast=1.0, depth=-4.0, draggable=False, flipHoriz=np.False_, flipVert=np.False_, image='cadbury.jpg', interpolate=True, mask=None, maskParams=None, name='cadbury', opacity=1, ori=0.0, pos=array([0.5, 0. ]), size=array([0.2, 0.2]), texRes=128.0, units='height', win=Window(...))
152.9853 	EXP 	Created text_20 = TextStim(__class__=<class 'psychopy.visual.text.TextStim'>, alignHoriz=method-wrapper(...), alignText='center', alignVert=method-wrapper(...), anchorHoriz='center', anchorVert='center', antialias=True, autoDraw=False, autoLog=True, bold=False, color=array([1., 1., 1.]), colorSpace='rgb', contrast=1.0, depth=-8.0, draggable=False, flipHoriz=False, flipVert=False, font='Arial', fontFiles=[], height=np.float64(0.02), italic=False, languageStyle='LTR', name='text_20', opacity=1, ori=0.0, pos=array([-0.4, -0.3]), rgb=UNKNOWN, text='Kandos Chocolate\n        90 g\n    Rs  600', units='height', win=Window(...), wrapWidth=1)
153.0104 	EXP 	Created text_21 = TextStim(__class__=<class 'psychopy.visual.text.TextStim'>, alignHoriz=method-wrapper(...), alignText='center', alignVert=method-wrapper(...), anchorHoriz='center', anchorVert='center', antialias=True, autoDraw=False, autoLog=True, bold=False, color=array([1., 1., 1.]), colorSpace='rgb', contrast=1.0, depth=-9.0, draggable=False, flipHoriz=False, flipVert=False, font='Arial', fontFiles=[], height=np.float64(0.02), italic=False, languageStyle='LTR', name='text_21', opacity=1, ori=0.0, pos=array([-0.1, -0.3]), rgb=UNKNOWN, text=str(...), units='height', win=Window(...), wrapWidth=1)
153.0273 	EXP 	Created text_22 = TextStim(__class__=<class 'psychopy.visual.text.TextStim'>, alignHoriz=method-wrapper(...), alignText='center', alignVert=method-wrapper(...), anchorHoriz='center', anchorVert='center', antialias=True, autoDraw=False, autoLog=True, bold=False, color=array([1., 1., 1.]), colorSpace='rgb', contrast=1.0, depth=-10.0, draggable=False, flipHoriz=False, flipVert=False, font='Arial', fontFiles=[], height=np.float64(0.02), italic=False, languageStyle='LTR', name='text_22', opacity=1, ori=0.0, pos=array([ 0.2, -0.3]), rgb=UNKNOWN, text=str(...), units='height', win=Window(...), wrapWidth=1)
153.0413 	EXP 	Created text_23 = TextStim(__class__=<class 'psychopy.visual.text.TextStim'>, alignHoriz=method-wrapper(...), alignText='center', alignVert=method-wrapper(...), anchorHoriz='center', anchorVert='center', antialias=True, autoDraw=False, autoLog=True, bold=False, color=array([1., 1., 1.]), colorSpace='rgb', contrast=1.0, depth=-11.0, draggable=False, flipHoriz=False, flipVert=False, font='Arial', fontFiles=[], height=np.float64(0.02), italic=False, languageStyle='LTR', name='text_23', opacity=1, ori=0.0, pos=array([ 0.5, -0.3]), rgb=UNKNOWN, text=str(...), units='height', win=Window(...), wrapWidth=1)
153.0508 	EXP 	Created text_instr_2 = TextStim(__class__=<class 'psychopy.visual.text.TextStim'>, alignHoriz=method-wrapper(...), alignText='center', alignVert=method-wrapper(...), anchorHoriz='center', anchorVert='center', antialias=True, autoDraw=False, autoLog=True, bold=False, color=array([1., 1., 1.]), colorSpace='rgb', contrast=1.0, depth=0.0, draggable=False, flipHoriz=False, flipVert=False, font='Arial', fontFiles=[], height=np.float64(0.04), italic=False, languageStyle='LTR', name='text_instr_2', opacity=1, ori=0.0, pos=array([0. , 0.3]), rgb=UNKNOWN, text='Which one are going to buy', units='height', win=Window(...), wrapWidth=1)
153.0955 	EXP 	Created goldi = ImageStim(__class__=<class 'psychopy.visual.image.ImageStim'>, anchor=('center', 'center'), autoLog=True, color=array([1., 1., 1.]), colorSpace='rgb', contrast=1.0, depth=-1.0, draggable=False, flipHoriz=np.False_, flipVert=np.False_, image='goldi.jpg', interpolate=True, mask=None, maskParams=None, name='goldi', opacity=1, ori=0.0, pos=array([-0.4,  0. ]), size=array([0.2, 0.2]), texRes=128.0, units='height', win=Window(...))
153.1966 	EXP 	Created elephanthouse = ImageStim(__class__=<class 'psychopy.visual.image.ImageStim'>, anchor=('center', 'center'), autoLog=True, color=array([1., 1., 1.]), colorSpace='rgb', contrast=1.0, depth=-2.0, draggable=False, flipHoriz=np.False_, flipVert=np.False_, image='elephanthousre.jpg', interpolate=True, mask=None, maskParams=None, name='elephanthouse', opacity=1, ori=0.0, pos=array([-0.1,  0. ]), size=array([0.2, 0.2]), texRes=128.0, units='height', win=Window(...))
153.2385 	EXP 	Created krest = ImageStim(__class__=<class 'psychopy.visual.image.ImageStim'>, anchor=('center', 'center'), autoLog=True, color=array([1., 1., 1.]), colorSpace='rgb', contrast=1.0, depth=-3.0, draggable=False, flipHoriz=np.False_, flipVert=np.False_, image='krest.jpg', interpolate=True, mask=None, maskParams=None, name='krest', opacity=1, ori=0.0, pos=array([0.2, 0. ]), size=array([0.2, 0.2]), texRes=128.0, units='height', win=Window(...))
153.2904 	EXP 	Created pussalla = ImageStim(__class__=<class 'psychopy.visual.image.ImageStim'>, anchor=('center', 'center'), autoLog=True, color=array([1., 1., 1.]), colorSpace='rgb', contrast=1.0, depth=-4.0, draggable=False, flipHoriz=np.False_, flipVert=np.False_, image='pussalla.jpeg', interpolate=True, mask=None, maskParams=None, name='pussalla', opacity=1, ori=0.0, pos=array([0.5, 0. ]), size=array([0.2, 0.2]), texRes=128.0, units='height', win=Window(...))
153.3132 	EXP 	Created text_16 = TextStim(__class__=<class 'psychopy.visual.text.TextStim'>, alignHoriz=method-wrapper(...), alignText='center', alignVert=method-wrapper(...), anchorHoriz='center', anchorVert='center', antialias=True, autoDraw=False, autoLog=True, bold=False, color=array([1., 1., 1.]), colorSpace='rgb', contrast=1.0, depth=-6.0, draggable=False, flipHoriz=False, flipVert=False, font='Arial', fontFiles=[], height=np.float64(0.02), italic=False, languageStyle='LTR', name='text_16', opacity=1, ori=0.0, pos=array([-0.4, -0.3]), rgb=UNKNOWN, text=str(...), units='height', win=Window(...), wrapWidth=1)
153.3368 	EXP 	Created text_17 = TextStim(__class__=<class 'psychopy.visual.text.TextStim'>, alignHoriz=method-wrapper(...), alignText='center', alignVert=method-wrapper(...), anchorHoriz='center', anchorVert='center', antialias=True, autoDraw=False, autoLog=True, bold=False, color=array([1., 1., 1.]), colorSpace='rgb', contrast=1.0, depth=-7.0, draggable=False, flipHoriz=False, flipVert=False, font='Arial', fontFiles=[], height=np.float64(0.02), italic=False, languageStyle='LTR', name='text_17', opacity=1, ori=0.0, pos=array([-0.1, -0.3]), rgb=UNKNOWN, text=str(...), units='height', win=Window(...), wrapWidth=1)
153.3495 	EXP 	Created text_18 = TextStim(__class__=<class 'psychopy.visual.text.TextStim'>, alignHoriz=method-wrapper(...), alignText='center', alignVert=method-wrapper(...), anchorHoriz='center', anchorVert='center', antialias=True, autoDraw=False, autoLog=True, bold=False, color=array([1., 1., 1.]), colorSpace='rgb', contrast=1.0, depth=-8.0, draggable=False, flipHoriz=False, flipVert=False, font='Arial', fontFiles=[], height=np.float64(0.02), italic=False, languageStyle='LTR', name='text_18', opacity=1, ori=0.0, pos=array([ 0.2, -0.3]), rgb=UNKNOWN, text=str(...), units='height', win=Window(...), wrapWidth=1)
153.3623 	EXP 	Created text_19 = TextStim(__class__=<class 'psychopy.visual.text.TextStim'>, alignHoriz=method-wrapper(...), alignText='center', alignVert=method-wrapper(...), anchorHoriz='center', anchorVert='center', antialias=True, autoDraw=False, autoLog=True, bold=False, color=array([1., 1., 1.]), colorSpace='rgb', contrast=1.0, depth=-9.0, draggable=False, flipHoriz=False, flipVert=False, font='Arial', fontFiles=[], height=np.float64(0.02), italic=False, languageStyle='LTR', name='text_19', opacity=1, ori=0.0, pos=array([ 0.5, -0.3]), rgb=UNKNOWN, text=str(...), units='height', win=Window(...), wrapWidth=1)
2.6973 	EXP 	eyetracker.setRecordingState(True)
2.6987 	EXP 	eyetracker.setRecordingState(False)
3.0899 	INFO 	Keyboard events cleared
3.0889 	EXP 	ambewela: image = 'ambewelacheese.jpg'
3.0889 	EXP 	kothmale: image = 'kothmale cheese.jpg'
3.0889 	EXP 	happycow: image = 'happycow.jpeg'
3.0889 	EXP 	kraft: image = 'Kraft cheese.jpeg'
3.0889 	EXP 	richlife: image = 'richlifecheese.jpg'
3.0889 	EXP 	text: autoDraw = True
3.0889 	EXP 	ambewela: autoDraw = True
3.0889 	EXP 	kothmale: autoDraw = True
3.0889 	EXP 	happycow: autoDraw = True
3.0889 	EXP 	kraft: autoDraw = True
3.0889 	EXP 	richlife: autoDraw = True
3.0889 	EXP 	text_2: autoDraw = True
3.0889 	EXP 	text_3: autoDraw = True
3.0889 	EXP 	text_4: autoDraw = True
3.0889 	EXP 	text_5: autoDraw = True
3.0889 	EXP 	text_6: autoDraw = True
3.0889 	EXP 	text: height = np.float64(0.05)
3.0889 	EXP 	text: height = np.float64(0.05)
3.0889 	EXP 	text: height = np.float64(0.05)
3.0889 	EXP 	text: text = 'Which one are you going to buy?'
3.1092 	EXP 	eyetracker.setRecordingState(False)
3.1361 	EXP 	text: height = np.float64(0.05)
3.1361 	EXP 	text: height = np.float64(0.05)
3.1361 	EXP 	text: height = np.float64(0.05)
3.1361 	EXP 	text: text = 'Which one are you going to buy?'
3.1482 	EXP 	eyetracker.setRecordingState(False)
3.1872 	EXP 	text: height = np.float64(0.05)
3.1872 	EXP 	text: height = np.float64(0.05)
3.1872 	EXP 	text: height = np.float64(0.05)
3.1872 	EXP 	text: text = 'Which one are you going to buy?'
3.3049 	EXP 	eyetracker.setRecordingState(False)
3.3588 	EXP 	text: height = np.float64(0.05)
3.3588 	EXP 	text: height = np.float64(0.05)
3.3588 	EXP 	text: height = np.float64(0.05)
3.3588 	EXP 	text: text = 'Which one are you going to buy?'
3.3631 	EXP 	eyetracker.setRecordingState(False)
3.3976 	EXP 	text: height = np.float64(0.05)
3.3976 	EXP 	text: height = np.float64(0.05)
3.3976 	EXP 	text: height = np.float64(0.05)
3.3976 	EXP 	text: text = 'Which one are you going to buy?'
3.4008 	EXP 	eyetracker.setRecordingState(False)
3.4413 	EXP 	text: height = np.float64(0.05)
3.4413 	EXP 	text: height = np.float64(0.05)
3.4413 	EXP 	text: height = np.float64(0.05)
3.4413 	EXP 	text: text = 'Which one are you going to buy?'
3.4442 	EXP 	eyetracker.setRecordingState(False)
3.4747 	EXP 	text: height = np.float64(0.05)
3.4747 	EXP 	text: height = np.float64(0.05)
3.4747 	EXP 	text: height = np.float64(0.05)
3.4747 	EXP 	text: text = 'Which one are you going to buy?'
3.4774 	EXP 	eyetracker.setRecordingState(False)
3.5077 	EXP 	text: height = np.float64(0.05)
3.5077 	EXP 	text: height = np.float64(0.05)
3.5077 	EXP 	text: height = np.float64(0.05)
3.5077 	EXP 	text: text = 'Which one are you going to buy?'
3.5109 	EXP 	eyetracker.setRecordingState(False)
3.5421 	EXP 	text: height = np.float64(0.05)
3.5421 	EXP 	text: height = np.float64(0.05)
3.5421 	EXP 	text: height = np.float64(0.05)
3.5421 	EXP 	text: text = 'Which one are you going to buy?'
3.5450 	EXP 	eyetracker.setRecordingState(False)
3.5697 	EXP 	text: height = np.float64(0.05)
3.5697 	EXP 	text: height = np.float64(0.05)
3.5697 	EXP 	text: height = np.float64(0.05)
3.5697 	EXP 	text: text = 'Which one are you going to buy?'
3.5725 	EXP 	eyetracker.setRecordingState(False)
3.6050 	EXP 	text: height = np.float64(0.05)
3.6050 	EXP 	text: height = np.float64(0.05)
3.6050 	EXP 	text: height = np.float64(0.05)
3.6050 	EXP 	text: text = 'Which one are you going to buy?'
3.6083 	EXP 	eyetracker.setRecordingState(False)
3.6431 	EXP 	text: height = np.float64(0.05)
3.6431 	EXP 	text: height = np.float64(0.05)
3.6431 	EXP 	text: height = np.float64(0.05)
3.6431 	EXP 	text: text = 'Which one are you going to buy?'
3.6462 	EXP 	eyetracker.setRecordingState(False)
3.6733 	EXP 	text: height = np.float64(0.05)
3.6733 	EXP 	text: height = np.float64(0.05)
3.6733 	EXP 	text: height = np.float64(0.05)
3.6733 	EXP 	text: text = 'Which one are you going to buy?'
3.6760 	EXP 	eyetracker.setRecordingState(False)
3.7080 	EXP 	text: height = np.float64(0.05)
3.7080 	EXP 	text: height = np.float64(0.05)
3.7080 	EXP 	text: height = np.float64(0.05)
3.7080 	EXP 	text: text = 'Which one are you going to buy?'
3.7113 	EXP 	eyetracker.setRecordingState(False)
3.7413 	EXP 	text: height = np.float64(0.05)
3.7413 	EXP 	text: height = np.float64(0.05)
3.7413 	EXP 	text: height = np.float64(0.05)
3.7413 	EXP 	text: text = 'Which one are you going to buy?'
3.7447 	EXP 	eyetracker.setRecordingState(False)
3.7760 	EXP 	text: height = np.float64(0.05)
3.7760 	EXP 	text: height = np.float64(0.05)
3.7760 	EXP 	text: height = np.float64(0.05)
3.7760 	EXP 	text: text = 'Which one are you going to buy?'
3.7790 	EXP 	eyetracker.setRecordingState(False)
3.8130 	EXP 	text: height = np.float64(0.05)
3.8130 	EXP 	text: height = np.float64(0.05)
3.8130 	EXP 	text: height = np.float64(0.05)
3.8130 	EXP 	text: text = 'Which one are you going to buy?'
3.8148 	EXP 	eyetracker.setRecordingState(False)
3.8433 	EXP 	text: height = np.float64(0.05)
3.8433 	EXP 	text: height = np.float64(0.05)
3.8433 	EXP 	text: height = np.float64(0.05)
3.8433 	EXP 	text: text = 'Which one are you going to buy?'
3.8462 	EXP 	eyetracker.setRecordingState(False)
3.8645 	EXP 	text: height = np.float64(0.05)
3.8645 	EXP 	text: height = np.float64(0.05)
3.8645 	EXP 	text: height = np.float64(0.05)
3.8645 	EXP 	text: text = 'Which one are you going to buy?'
3.8669 	EXP 	eyetracker.setRecordingState(False)
3.9017 	EXP 	text: height = np.float64(0.05)
3.9017 	EXP 	text: height = np.float64(0.05)
3.9017 	EXP 	text: height = np.float64(0.05)
3.9017 	EXP 	text: text = 'Which one are you going to buy?'
3.9048 	EXP 	eyetracker.setRecordingState(False)
3.9274 	EXP 	text: height = np.float64(0.05)
3.9274 	EXP 	text: height = np.float64(0.05)
3.9274 	EXP 	text: height = np.float64(0.05)
3.9274 	EXP 	text: text = 'Which one are you going to buy?'
3.9308 	EXP 	eyetracker.setRecordingState(False)
3.9617 	EXP 	text: height = np.float64(0.05)
3.9617 	EXP 	text: height = np.float64(0.05)
3.9617 	EXP 	text: height = np.float64(0.05)
3.9617 	EXP 	text: text = 'Which one are you going to buy?'
3.9625 	EXP 	eyetracker.setRecordingState(False)
3.9924 	EXP 	text: height = np.float64(0.05)
3.9924 	EXP 	text: height = np.float64(0.05)
3.9924 	EXP 	text: height = np.float64(0.05)
3.9924 	EXP 	text: text = 'Which one are you going to buy?'
3.9931 	EXP 	eyetracker.setRecordingState(False)
4.0126 	EXP 	text: height = np.float64(0.05)
4.0126 	EXP 	text: height = np.float64(0.05)
4.0126 	EXP 	text: height = np.float64(0.05)
4.0126 	EXP 	text: text = 'Which one are you going to buy?'
4.0156 	EXP 	eyetracker.setRecordingState(False)
4.0413 	EXP 	text: height = np.float64(0.05)
4.0413 	EXP 	text: height = np.float64(0.05)
4.0413 	EXP 	text: height = np.float64(0.05)
4.0413 	EXP 	text: text = 'Which one are you going to buy?'
4.0450 	EXP 	eyetracker.setRecordingState(False)
4.0656 	EXP 	text: height = np.float64(0.05)
4.0656 	EXP 	text: height = np.float64(0.05)
4.0656 	EXP 	text: height = np.float64(0.05)
4.0656 	EXP 	text: text = 'Which one are you going to buy?'
4.0711 	EXP 	eyetracker.setRecordingState(False)
4.2698 	EXP 	text: height = np.float64(0.05)
4.2698 	EXP 	text: height = np.float64(0.05)
4.2698 	EXP 	text: height = np.float64(0.05)
4.2698 	EXP 	text: text = 'Which one are you going to buy?'
4.3164 	EXP 	eyetracker.setRecordingState(False)
4.3520 	EXP 	text: height = np.float64(0.05)
4.3520 	EXP 	text: height = np.float64(0.05)
4.3520 	EXP 	text: height = np.float64(0.05)
4.3520 	EXP 	text: text = 'Which one are you going to buy?'
4.3617 	EXP 	eyetracker.setRecordingState(False)
4.3870 	EXP 	text: height = np.float64(0.05)
4.3870 	EXP 	text: height = np.float64(0.05)
4.3870 	EXP 	text: height = np.float64(0.05)
4.3870 	EXP 	text: text = 'Which one are you going to buy?'
4.3911 	EXP 	eyetracker.setRecordingState(False)
4.4149 	EXP 	text: height = np.float64(0.05)
4.4149 	EXP 	text: height = np.float64(0.05)
4.4149 	EXP 	text: height = np.float64(0.05)
4.4149 	EXP 	text: text = 'Which one are you going to buy?'
4.4174 	EXP 	eyetracker.setRecordingState(False)
4.4443 	EXP 	text: height = np.float64(0.05)
4.4443 	EXP 	text: height = np.float64(0.05)
4.4443 	EXP 	text: height = np.float64(0.05)
4.4443 	EXP 	text: text = 'Which one are you going to buy?'
4.4461 	EXP 	eyetracker.setRecordingState(False)
4.4694 	EXP 	text: height = np.float64(0.05)
4.4694 	EXP 	text: height = np.float64(0.05)
4.4694 	EXP 	text: height = np.float64(0.05)
4.4694 	EXP 	text: text = 'Which one are you going to buy?'
4.4720 	EXP 	eyetracker.setRecordingState(False)
4.5115 	EXP 	text: height = np.float64(0.05)
4.5115 	EXP 	text: height = np.float64(0.05)
4.5115 	EXP 	text: height = np.float64(0.05)
4.5115 	EXP 	text: text = 'Which one are you going to buy?'
4.5166 	EXP 	eyetracker.setRecordingState(False)
4.5706 	EXP 	text: height = np.float64(0.05)
4.5706 	EXP 	text: height = np.float64(0.05)
4.5706 	EXP 	text: height = np.float64(0.05)
4.5706 	EXP 	text: text = 'Which one are you going to buy?'
4.5746 	EXP 	eyetracker.setRecordingState(False)
4.6085 	EXP 	text: height = np.float64(0.05)
4.6085 	EXP 	text: height = np.float64(0.05)
4.6085 	EXP 	text: height = np.float64(0.05)
4.6085 	EXP 	text: text = 'Which one are you going to buy?'
4.6123 	EXP 	eyetracker.setRecordingState(False)
4.6451 	EXP 	text: height = np.float64(0.05)
4.6451 	EXP 	text: height = np.float64(0.05)
4.6451 	EXP 	text: height = np.float64(0.05)
4.6451 	EXP 	text: text = 'Which one are you going to buy?'
4.6471 	EXP 	eyetracker.setRecordingState(False)
4.6739 	EXP 	text: height = np.float64(0.05)
4.6739 	EXP 	text: height = np.float64(0.05)
4.6739 	EXP 	text: height = np.float64(0.05)
4.6739 	EXP 	text: text = 'Which one are you going to buy?'
4.6758 	EXP 	eyetracker.setRecordingState(False)
4.7089 	EXP 	text: height = np.float64(0.05)
4.7089 	EXP 	text: height = np.float64(0.05)
4.7089 	EXP 	text: height = np.float64(0.05)
4.7089 	EXP 	text: text = 'Which one are you going to buy?'
4.7136 	EXP 	eyetracker.setRecordingState(False)
4.7410 	EXP 	text: height = np.float64(0.05)
4.7410 	EXP 	text: height = np.float64(0.05)
4.7410 	EXP 	text: height = np.float64(0.05)
4.7410 	EXP 	text: text = 'Which one are you going to buy?'
4.7440 	EXP 	eyetracker.setRecordingState(False)
4.7731 	EXP 	text: height = np.float64(0.05)
4.7731 	EXP 	text: height = np.float64(0.05)
4.7731 	EXP 	text: height = np.float64(0.05)
4.7731 	EXP 	text: text = 'Which one are you going to buy?'
4.7761 	EXP 	eyetracker.setRecordingState(False)
4.8079 	EXP 	text: height = np.float64(0.05)
4.8079 	EXP 	text: height = np.float64(0.05)
4.8079 	EXP 	text: height = np.float64(0.05)
4.8079 	EXP 	text: text = 'Which one are you going to buy?'
4.8108 	EXP 	eyetracker.setRecordingState(False)
4.8383 	EXP 	text: height = np.float64(0.05)
4.8383 	EXP 	text: height = np.float64(0.05)
4.8383 	EXP 	text: height = np.float64(0.05)
4.8383 	EXP 	text: text = 'Which one are you going to buy?'
4.8410 	EXP 	eyetracker.setRecordingState(False)
4.8707 	EXP 	text: height = np.float64(0.05)
4.8707 	EXP 	text: height = np.float64(0.05)
4.8707 	EXP 	text: height = np.float64(0.05)
4.8707 	EXP 	text: text = 'Which one are you going to buy?'
4.8737 	EXP 	eyetracker.setRecordingState(False)
4.9028 	EXP 	text: height = np.float64(0.05)
4.9028 	EXP 	text: height = np.float64(0.05)
4.9028 	EXP 	text: height = np.float64(0.05)
4.9028 	EXP 	text: text = 'Which one are you going to buy?'
4.9054 	EXP 	eyetracker.setRecordingState(False)
4.9339 	EXP 	text: height = np.float64(0.05)
4.9339 	EXP 	text: height = np.float64(0.05)
4.9339 	EXP 	text: height = np.float64(0.05)
4.9339 	EXP 	text: text = 'Which one are you going to buy?'
4.9369 	EXP 	eyetracker.setRecordingState(False)
4.9682 	EXP 	text: height = np.float64(0.05)
4.9682 	EXP 	text: height = np.float64(0.05)
4.9682 	EXP 	text: height = np.float64(0.05)
4.9682 	EXP 	text: text = 'Which one are you going to buy?'
4.9711 	EXP 	eyetracker.setRecordingState(False)
5.0015 	EXP 	text: height = np.float64(0.05)
5.0015 	EXP 	text: height = np.float64(0.05)
5.0015 	EXP 	text: height = np.float64(0.05)
5.0015 	EXP 	text: text = 'Which one are you going to buy?'
5.0046 	EXP 	eyetracker.setRecordingState(False)
5.0340 	EXP 	text: height = np.float64(0.05)
5.0340 	EXP 	text: height = np.float64(0.05)
5.0340 	EXP 	text: height = np.float64(0.05)
5.0340 	EXP 	text: text = 'Which one are you going to buy?'
5.0367 	EXP 	eyetracker.setRecordingState(False)
5.0513 	EXP 	text: height = np.float64(0.05)
5.0513 	EXP 	text: height = np.float64(0.05)
5.0513 	EXP 	text: height = np.float64(0.05)
5.0513 	EXP 	text: text = 'Which one are you going to buy?'
5.0542 	EXP 	eyetracker.setRecordingState(False)
5.0819 	EXP 	text: height = np.float64(0.05)
5.0819 	EXP 	text: height = np.float64(0.05)
5.0819 	EXP 	text: height = np.float64(0.05)
5.0819 	EXP 	text: text = 'Which one are you going to buy?'
5.0851 	EXP 	eyetracker.setRecordingState(False)
5.1155 	EXP 	text: height = np.float64(0.05)
5.1155 	EXP 	text: height = np.float64(0.05)
5.1155 	EXP 	text: height = np.float64(0.05)
5.1155 	EXP 	text: text = 'Which one are you going to buy?'
5.1184 	EXP 	eyetracker.setRecordingState(False)
5.1483 	EXP 	text: height = np.float64(0.05)
5.1483 	EXP 	text: height = np.float64(0.05)
5.1483 	EXP 	text: height = np.float64(0.05)
5.1483 	EXP 	text: text = 'Which one are you going to buy?'
5.1514 	EXP 	eyetracker.setRecordingState(False)
5.1827 	EXP 	text: height = np.float64(0.05)
5.1827 	EXP 	text: height = np.float64(0.05)
5.1827 	EXP 	text: height = np.float64(0.05)
5.1827 	EXP 	text: text = 'Which one are you going to buy?'
5.1854 	EXP 	eyetracker.setRecordingState(False)
5.2164 	EXP 	text: height = np.float64(0.05)
5.2164 	EXP 	text: height = np.float64(0.05)
5.2164 	EXP 	text: height = np.float64(0.05)
5.2164 	EXP 	text: text = 'Which one are you going to buy?'
5.2196 	EXP 	eyetracker.setRecordingState(False)
5.2539 	EXP 	text: height = np.float64(0.05)
5.2539 	EXP 	text: height = np.float64(0.05)
5.2539 	EXP 	text: height = np.float64(0.05)
5.2539 	EXP 	text: text = 'Which one are you going to buy?'
5.2570 	EXP 	eyetracker.setRecordingState(False)
5.2901 	EXP 	text: height = np.float64(0.05)
5.2901 	EXP 	text: height = np.float64(0.05)
5.2901 	EXP 	text: height = np.float64(0.05)
5.2901 	EXP 	text: text = 'Which one are you going to buy?'
5.2936 	EXP 	eyetracker.setRecordingState(False)
5.3275 	EXP 	text: height = np.float64(0.05)
5.3275 	EXP 	text: height = np.float64(0.05)
5.3275 	EXP 	text: height = np.float64(0.05)
5.3275 	EXP 	text: text = 'Which one are you going to buy?'
5.3300 	EXP 	eyetracker.setRecordingState(False)
5.3600 	EXP 	text: height = np.float64(0.05)
5.3600 	EXP 	text: height = np.float64(0.05)
5.3600 	EXP 	text: height = np.float64(0.05)
5.3600 	EXP 	text: text = 'Which one are you going to buy?'
5.3628 	EXP 	eyetracker.setRecordingState(False)
5.3898 	EXP 	text: height = np.float64(0.05)
5.3898 	EXP 	text: height = np.float64(0.05)
5.3898 	EXP 	text: height = np.float64(0.05)
5.3898 	EXP 	text: text = 'Which one are you going to buy?'
5.3926 	EXP 	eyetracker.setRecordingState(False)
5.4254 	EXP 	text: height = np.float64(0.05)
5.4254 	EXP 	text: height = np.float64(0.05)
5.4254 	EXP 	text: height = np.float64(0.05)
5.4254 	EXP 	text: text = 'Which one are you going to buy?'
5.4281 	EXP 	eyetracker.setRecordingState(False)
5.4539 	EXP 	text: height = np.float64(0.05)
5.4539 	EXP 	text: height = np.float64(0.05)
5.4539 	EXP 	text: height = np.float64(0.05)
5.4539 	EXP 	text: text = 'Which one are you going to buy?'
5.4572 	EXP 	eyetracker.setRecordingState(False)
5.4877 	EXP 	text: height = np.float64(0.05)
5.4877 	EXP 	text: height = np.float64(0.05)
5.4877 	EXP 	text: height = np.float64(0.05)
5.4877 	EXP 	text: text = 'Which one are you going to buy?'
5.4904 	EXP 	eyetracker.setRecordingState(False)
5.5166 	EXP 	text: height = np.float64(0.05)
5.5166 	EXP 	text: height = np.float64(0.05)
5.5166 	EXP 	text: height = np.float64(0.05)
5.5166 	EXP 	text: text = 'Which one are you going to buy?'
5.5181 	EXP 	eyetracker.setRecordingState(False)
5.5464 	EXP 	text: height = np.float64(0.05)
5.5464 	EXP 	text: height = np.float64(0.05)
5.5464 	EXP 	text: height = np.float64(0.05)
5.5464 	EXP 	text: text = 'Which one are you going to buy?'
5.5494 	EXP 	eyetracker.setRecordingState(False)
5.5812 	EXP 	text: height = np.float64(0.05)
5.5812 	EXP 	text: height = np.float64(0.05)
5.5812 	EXP 	text: height = np.float64(0.05)
5.5812 	EXP 	text: text = 'Which one are you going to buy?'
5.5840 	EXP 	eyetracker.setRecordingState(False)
5.6146 	EXP 	text: height = np.float64(0.05)
5.6146 	EXP 	text: height = np.float64(0.05)
5.6146 	EXP 	text: height = np.float64(0.05)
5.6146 	EXP 	text: text = 'Which one are you going to buy?'
5.6174 	EXP 	eyetracker.setRecordingState(False)
5.6486 	EXP 	text: height = np.float64(0.05)
5.6486 	EXP 	text: height = np.float64(0.05)
5.6486 	EXP 	text: height = np.float64(0.05)
5.6486 	EXP 	text: text = 'Which one are you going to buy?'
5.6506 	EXP 	eyetracker.setRecordingState(False)
5.6768 	EXP 	text: height = np.float64(0.05)
5.6768 	EXP 	text: height = np.float64(0.05)
5.6768 	EXP 	text: height = np.float64(0.05)
5.6768 	EXP 	text: text = 'Which one are you going to buy?'
5.6775 	EXP 	eyetracker.setRecordingState(False)
5.7056 	EXP 	text: height = np.float64(0.05)
5.7056 	EXP 	text: height = np.float64(0.05)
5.7056 	EXP 	text: height = np.float64(0.05)
5.7056 	EXP 	text: text = 'Which one are you going to buy?'
5.7093 	EXP 	eyetracker.setRecordingState(False)
5.7424 	EXP 	text: height = np.float64(0.05)
5.7424 	EXP 	text: height = np.float64(0.05)
5.7424 	EXP 	text: height = np.float64(0.05)
5.7424 	EXP 	text: text = 'Which one are you going to buy?'
5.7453 	EXP 	eyetracker.setRecordingState(False)
5.7727 	EXP 	text: height = np.float64(0.05)
5.7727 	EXP 	text: height = np.float64(0.05)
5.7727 	EXP 	text: height = np.float64(0.05)
5.7727 	EXP 	text: text = 'Which one are you going to buy?'
5.7753 	EXP 	eyetracker.setRecordingState(False)
5.7957 	EXP 	text: height = np.float64(0.05)
5.7957 	EXP 	text: height = np.float64(0.05)
5.7957 	EXP 	text: height = np.float64(0.05)
5.7957 	EXP 	text: text = 'Which one are you going to buy?'
5.7983 	EXP 	eyetracker.setRecordingState(False)
5.8231 	EXP 	text: height = np.float64(0.05)
5.8231 	EXP 	text: height = np.float64(0.05)
5.8231 	EXP 	text: height = np.float64(0.05)
5.8231 	EXP 	text: text = 'Which one are you going to buy?'
5.8258 	EXP 	eyetracker.setRecordingState(False)
5.8572 	EXP 	text: height = np.float64(0.05)
5.8572 	EXP 	text: height = np.float64(0.05)
5.8572 	EXP 	text: height = np.float64(0.05)
5.8572 	EXP 	text: text = 'Which one are you going to buy?'
5.8599 	EXP 	eyetracker.setRecordingState(False)
5.8911 	EXP 	text: height = np.float64(0.05)
5.8911 	EXP 	text: height = np.float64(0.05)
5.8911 	EXP 	text: height = np.float64(0.05)
5.8911 	EXP 	text: text = 'Which one are you going to buy?'
5.8940 	EXP 	eyetracker.setRecordingState(False)
5.9244 	EXP 	text: height = np.float64(0.05)
5.9244 	EXP 	text: height = np.float64(0.05)
5.9244 	EXP 	text: height = np.float64(0.05)
5.9244 	EXP 	text: text = 'Which one are you going to buy?'
5.9277 	EXP 	eyetracker.setRecordingState(False)
5.9542 	EXP 	text: height = np.float64(0.05)
5.9542 	EXP 	text: height = np.float64(0.05)
5.9542 	EXP 	text: height = np.float64(0.05)
5.9542 	EXP 	text: text = 'Which one are you going to buy?'
5.9574 	EXP 	eyetracker.setRecordingState(False)
5.9845 	EXP 	text: height = np.float64(0.05)
5.9845 	EXP 	text: height = np.float64(0.05)
5.9845 	EXP 	text: height = np.float64(0.05)
5.9845 	EXP 	text: text = 'Which one are you going to buy?'
5.9863 	EXP 	eyetracker.setRecordingState(False)
6.0171 	EXP 	text: height = np.float64(0.05)
6.0171 	EXP 	text: height = np.float64(0.05)
6.0171 	EXP 	text: height = np.float64(0.05)
6.0171 	EXP 	text: text = 'Which one are you going to buy?'
6.0204 	EXP 	eyetracker.setRecordingState(False)
6.0512 	EXP 	text: height = np.float64(0.05)
6.0512 	EXP 	text: height = np.float64(0.05)
6.0512 	EXP 	text: height = np.float64(0.05)
6.0512 	EXP 	text: text = 'Which one are you going to buy?'
6.0539 	EXP 	eyetracker.setRecordingState(False)
6.0840 	EXP 	text: height = np.float64(0.05)
6.0840 	EXP 	text: height = np.float64(0.05)
6.0840 	EXP 	text: height = np.float64(0.05)
6.0840 	EXP 	text: text = 'Which one are you going to buy?'
6.0871 	EXP 	eyetracker.setRecordingState(False)
6.1152 	EXP 	text: height = np.float64(0.05)
6.1152 	EXP 	text: height = np.float64(0.05)
6.1152 	EXP 	text: height = np.float64(0.05)
6.1152 	EXP 	text: text = 'Which one are you going to buy?'
6.1182 	EXP 	eyetracker.setRecordingState(False)
6.1475 	EXP 	text: height = np.float64(0.05)
6.1475 	EXP 	text: height = np.float64(0.05)
6.1475 	EXP 	text: height = np.float64(0.05)
6.1475 	EXP 	text: text = 'Which one are you going to buy?'
6.1501 	EXP 	eyetracker.setRecordingState(False)
6.1784 	EXP 	text: height = np.float64(0.05)
6.1784 	EXP 	text: height = np.float64(0.05)
6.1784 	EXP 	text: height = np.float64(0.05)
6.1784 	EXP 	text: text = 'Which one are you going to buy?'
6.1812 	EXP 	eyetracker.setRecordingState(False)
6.2087 	EXP 	text: height = np.float64(0.05)
6.2087 	EXP 	text: height = np.float64(0.05)
6.2087 	EXP 	text: height = np.float64(0.05)
6.2087 	EXP 	text: text = 'Which one are you going to buy?'
6.2116 	EXP 	eyetracker.setRecordingState(False)
6.2428 	EXP 	text: height = np.float64(0.05)
6.2428 	EXP 	text: height = np.float64(0.05)
6.2428 	EXP 	text: height = np.float64(0.05)
6.2428 	EXP 	text: text = 'Which one are you going to buy?'
6.2460 	EXP 	eyetracker.setRecordingState(False)
6.2798 	EXP 	text: height = np.float64(0.05)
6.2798 	EXP 	text: height = np.float64(0.05)
6.2798 	EXP 	text: height = np.float64(0.05)
6.2798 	EXP 	text: text = 'Which one are you going to buy?'
6.2827 	EXP 	eyetracker.setRecordingState(False)
6.3062 	EXP 	text: height = np.float64(0.05)
6.3062 	EXP 	text: height = np.float64(0.05)
6.3062 	EXP 	text: height = np.float64(0.05)
6.3062 	EXP 	text: text = 'Which one are you going to buy?'
6.3097 	EXP 	eyetracker.setRecordingState(False)
6.3385 	EXP 	text: height = np.float64(0.05)
6.3385 	EXP 	text: height = np.float64(0.05)
6.3385 	EXP 	text: height = np.float64(0.05)
6.3385 	EXP 	text: text = 'Which one are you going to buy?'
6.3421 	EXP 	eyetracker.setRecordingState(False)
6.3776 	EXP 	text: height = np.float64(0.05)
6.3776 	EXP 	text: height = np.float64(0.05)
6.3776 	EXP 	text: height = np.float64(0.05)
6.3776 	EXP 	text: text = 'Which one are you going to buy?'
6.3809 	EXP 	eyetracker.setRecordingState(False)
6.4066 	EXP 	text: height = np.float64(0.05)
6.4066 	EXP 	text: height = np.float64(0.05)
6.4066 	EXP 	text: height = np.float64(0.05)
6.4066 	EXP 	text: text = 'Which one are you going to buy?'
6.4103 	EXP 	eyetracker.setRecordingState(False)
6.4415 	EXP 	text: height = np.float64(0.05)
6.4415 	EXP 	text: height = np.float64(0.05)
6.4415 	EXP 	text: height = np.float64(0.05)
6.4415 	EXP 	text: text = 'Which one are you going to buy?'
6.4449 	EXP 	eyetracker.setRecordingState(False)
6.4700 	EXP 	text: height = np.float64(0.05)
6.4700 	EXP 	text: height = np.float64(0.05)
6.4700 	EXP 	text: height = np.float64(0.05)
6.4700 	EXP 	text: text = 'Which one are you going to buy?'
6.4734 	EXP 	eyetracker.setRecordingState(False)
6.5005 	EXP 	text: height = np.float64(0.05)
6.5005 	EXP 	text: height = np.float64(0.05)
6.5005 	EXP 	text: height = np.float64(0.05)
6.5005 	EXP 	text: text = 'Which one are you going to buy?'
6.5038 	EXP 	eyetracker.setRecordingState(False)
6.5379 	EXP 	text: height = np.float64(0.05)
6.5379 	EXP 	text: height = np.float64(0.05)
6.5379 	EXP 	text: height = np.float64(0.05)
6.5379 	EXP 	text: text = 'Which one are you going to buy?'
6.5401 	EXP 	eyetracker.setRecordingState(False)
6.5620 	EXP 	text: height = np.float64(0.05)
6.5620 	EXP 	text: height = np.float64(0.05)
6.5620 	EXP 	text: height = np.float64(0.05)
6.5620 	EXP 	text: text = 'Which one are you going to buy?'
6.5637 	EXP 	eyetracker.setRecordingState(False)
6.5802 	EXP 	text: height = np.float64(0.05)
6.5802 	EXP 	text: height = np.float64(0.05)
6.5802 	EXP 	text: height = np.float64(0.05)
6.5802 	EXP 	text: text = 'Which one are you going to buy?'
6.5830 	EXP 	eyetracker.setRecordingState(False)
6.6144 	EXP 	text: height = np.float64(0.05)
6.6144 	EXP 	text: height = np.float64(0.05)
6.6144 	EXP 	text: height = np.float64(0.05)
6.6144 	EXP 	text: text = 'Which one are you going to buy?'
6.6174 	EXP 	eyetracker.setRecordingState(False)
6.6473 	EXP 	text: height = np.float64(0.05)
6.6473 	EXP 	text: height = np.float64(0.05)
6.6473 	EXP 	text: height = np.float64(0.05)
6.6473 	EXP 	text: text = 'Which one are you going to buy?'
6.6506 	EXP 	eyetracker.setRecordingState(False)
6.6813 	EXP 	text: height = np.float64(0.05)
6.6813 	EXP 	text: height = np.float64(0.05)
6.6813 	EXP 	text: height = np.float64(0.05)
6.6813 	EXP 	text: text = 'Which one are you going to buy?'
6.6847 	EXP 	eyetracker.setRecordingState(False)
6.7146 	EXP 	text: height = np.float64(0.05)
6.7146 	EXP 	text: height = np.float64(0.05)
6.7146 	EXP 	text: height = np.float64(0.05)
6.7146 	EXP 	text: text = 'Which one are you going to buy?'
6.7181 	EXP 	eyetracker.setRecordingState(False)
6.7341 	EXP 	text: height = np.float64(0.05)
6.7341 	EXP 	text: height = np.float64(0.05)
6.7341 	EXP 	text: height = np.float64(0.05)
6.7341 	EXP 	text: text = 'Which one are you going to buy?'
6.7362 	EXP 	eyetracker.setRecordingState(False)
6.7595 	EXP 	text: height = np.float64(0.05)
6.7595 	EXP 	text: height = np.float64(0.05)
6.7595 	EXP 	text: height = np.float64(0.05)
6.7595 	EXP 	text: text = 'Which one are you going to buy?'
6.7630 	EXP 	eyetracker.setRecordingState(False)
6.7899 	EXP 	text: height = np.float64(0.05)
6.7899 	EXP 	text: height = np.float64(0.05)
6.7899 	EXP 	text: height = np.float64(0.05)
6.7899 	EXP 	text: text = 'Which one are you going to buy?'
6.7928 	EXP 	eyetracker.setRecordingState(False)
6.8237 	EXP 	text: height = np.float64(0.05)
6.8237 	EXP 	text: height = np.float64(0.05)
6.8237 	EXP 	text: height = np.float64(0.05)
6.8237 	EXP 	text: text = 'Which one are you going to buy?'
6.8266 	EXP 	eyetracker.setRecordingState(False)
6.8481 	EXP 	text: height = np.float64(0.05)
6.8481 	EXP 	text: height = np.float64(0.05)
6.8481 	EXP 	text: height = np.float64(0.05)
6.8481 	EXP 	text: text = 'Which one are you going to buy?'
6.8518 	EXP 	eyetracker.setRecordingState(False)
6.8791 	EXP 	text: height = np.float64(0.05)
6.8791 	EXP 	text: height = np.float64(0.05)
6.8791 	EXP 	text: height = np.float64(0.05)
6.8791 	EXP 	text: text = 'Which one are you going to buy?'
6.8807 	EXP 	eyetracker.setRecordingState(False)
6.9140 	EXP 	text: height = np.float64(0.05)
6.9140 	EXP 	text: height = np.float64(0.05)
6.9140 	EXP 	text: height = np.float64(0.05)
6.9140 	EXP 	text: text = 'Which one are you going to buy?'
6.9166 	EXP 	eyetracker.setRecordingState(False)
6.9496 	EXP 	text: height = np.float64(0.05)
6.9496 	EXP 	text: height = np.float64(0.05)
6.9496 	EXP 	text: height = np.float64(0.05)
6.9496 	EXP 	text: text = 'Which one are you going to buy?'
6.9524 	EXP 	eyetracker.setRecordingState(False)
6.9729 	EXP 	text: height = np.float64(0.05)
6.9729 	EXP 	text: height = np.float64(0.05)
6.9729 	EXP 	text: height = np.float64(0.05)
6.9729 	EXP 	text: text = 'Which one are you going to buy?'
6.9736 	EXP 	eyetracker.setRecordingState(False)
6.9897 	EXP 	text: height = np.float64(0.05)
6.9897 	EXP 	text: height = np.float64(0.05)
6.9897 	EXP 	text: height = np.float64(0.05)
6.9897 	EXP 	text: text = 'Which one are you going to buy?'
6.9923 	EXP 	eyetracker.setRecordingState(False)
7.0252 	EXP 	text: height = np.float64(0.05)
7.0252 	EXP 	text: height = np.float64(0.05)
7.0252 	EXP 	text: height = np.float64(0.05)
7.0252 	EXP 	text: text = 'Which one are you going to buy?'
7.0286 	EXP 	eyetracker.setRecordingState(False)
7.0545 	EXP 	text: height = np.float64(0.05)
7.0545 	EXP 	text: height = np.float64(0.05)
7.0545 	EXP 	text: height = np.float64(0.05)
7.0545 	EXP 	text: text = 'Which one are you going to buy?'
7.0555 	EXP 	eyetracker.setRecordingState(False)
7.0814 	EXP 	text: height = np.float64(0.05)
7.0814 	EXP 	text: height = np.float64(0.05)
7.0814 	EXP 	text: height = np.float64(0.05)
7.0814 	EXP 	text: text = 'Which one are you going to buy?'
7.0845 	EXP 	eyetracker.setRecordingState(False)
7.1137 	EXP 	text: height = np.float64(0.05)
7.1137 	EXP 	text: height = np.float64(0.05)
7.1137 	EXP 	text: height = np.float64(0.05)
7.1137 	EXP 	text: text = 'Which one are you going to buy?'
7.1165 	EXP 	eyetracker.setRecordingState(False)
7.1478 	EXP 	text: height = np.float64(0.05)
7.1478 	EXP 	text: height = np.float64(0.05)
7.1478 	EXP 	text: height = np.float64(0.05)
7.1478 	EXP 	text: text = 'Which one are you going to buy?'
7.1517 	EXP 	eyetracker.setRecordingState(False)
7.1831 	EXP 	text: height = np.float64(0.05)
7.1831 	EXP 	text: height = np.float64(0.05)
7.1831 	EXP 	text: height = np.float64(0.05)
7.1831 	EXP 	text: text = 'Which one are you going to buy?'
7.1842 	EXP 	eyetracker.setRecordingState(False)
7.2176 	EXP 	text: height = np.float64(0.05)
7.2176 	EXP 	text: height = np.float64(0.05)
7.2176 	EXP 	text: height = np.float64(0.05)
7.2176 	EXP 	text: text = 'Which one are you going to buy?'
7.2205 	EXP 	eyetracker.setRecordingState(False)
7.2540 	EXP 	text: height = np.float64(0.05)
7.2540 	EXP 	text: height = np.float64(0.05)
7.2540 	EXP 	text: height = np.float64(0.05)
7.2540 	EXP 	text: text = 'Which one are you going to buy?'
7.2577 	EXP 	eyetracker.setRecordingState(False)
7.2840 	EXP 	text: height = np.float64(0.05)
7.2840 	EXP 	text: height = np.float64(0.05)
7.2840 	EXP 	text: height = np.float64(0.05)
7.2840 	EXP 	text: text = 'Which one are you going to buy?'
7.2863 	EXP 	eyetracker.setRecordingState(False)
7.3126 	EXP 	text: height = np.float64(0.05)
7.3126 	EXP 	text: height = np.float64(0.05)
7.3126 	EXP 	text: height = np.float64(0.05)
7.3126 	EXP 	text: text = 'Which one are you going to buy?'
7.3163 	EXP 	eyetracker.setRecordingState(False)
7.3510 	EXP 	text: height = np.float64(0.05)
7.3510 	EXP 	text: height = np.float64(0.05)
7.3510 	EXP 	text: height = np.float64(0.05)
7.3510 	EXP 	text: text = 'Which one are you going to buy?'
7.3542 	EXP 	eyetracker.setRecordingState(False)
7.3895 	EXP 	text: height = np.float64(0.05)
7.3895 	EXP 	text: height = np.float64(0.05)
7.3895 	EXP 	text: height = np.float64(0.05)
7.3895 	EXP 	text: text = 'Which one are you going to buy?'
7.3931 	EXP 	eyetracker.setRecordingState(False)
7.4461 	EXP 	text: height = np.float64(0.05)
7.4461 	EXP 	text: height = np.float64(0.05)
7.4461 	EXP 	text: height = np.float64(0.05)
7.4461 	EXP 	text: text = 'Which one are you going to buy?'
7.4497 	EXP 	eyetracker.setRecordingState(False)
7.4809 	EXP 	text: height = np.float64(0.05)
7.4809 	EXP 	text: height = np.float64(0.05)
7.4809 	EXP 	text: height = np.float64(0.05)
7.4809 	EXP 	text: text = 'Which one are you going to buy?'
7.4829 	EXP 	eyetracker.setRecordingState(False)
7.5168 	EXP 	text: height = np.float64(0.05)
7.5168 	EXP 	text: height = np.float64(0.05)
7.5168 	EXP 	text: height = np.float64(0.05)
7.5168 	EXP 	text: text = 'Which one are you going to buy?'
7.5193 	EXP 	eyetracker.setRecordingState(False)
7.5473 	EXP 	text: height = np.float64(0.05)
7.5473 	EXP 	text: height = np.float64(0.05)
7.5473 	EXP 	text: height = np.float64(0.05)
7.5473 	EXP 	text: text = 'Which one are you going to buy?'
7.5496 	EXP 	eyetracker.setRecordingState(False)
7.5735 	EXP 	text: height = np.float64(0.05)
7.5735 	EXP 	text: height = np.float64(0.05)
7.5735 	EXP 	text: height = np.float64(0.05)
7.5735 	EXP 	text: text = 'Which one are you going to buy?'
7.5760 	EXP 	eyetracker.setRecordingState(False)
7.6049 	EXP 	text: height = np.float64(0.05)
7.6049 	EXP 	text: height = np.float64(0.05)
7.6049 	EXP 	text: height = np.float64(0.05)
7.6049 	EXP 	text: text = 'Which one are you going to buy?'
7.6081 	EXP 	eyetracker.setRecordingState(False)
7.6322 	EXP 	text: height = np.float64(0.05)
7.6322 	EXP 	text: height = np.float64(0.05)
7.6322 	EXP 	text: height = np.float64(0.05)
7.6322 	EXP 	text: text = 'Which one are you going to buy?'
7.6357 	EXP 	eyetracker.setRecordingState(False)
7.6586 	EXP 	text: height = np.float64(0.05)
7.6586 	EXP 	text: height = np.float64(0.05)
7.6586 	EXP 	text: height = np.float64(0.05)
7.6586 	EXP 	text: text = 'Which one are you going to buy?'
7.6611 	EXP 	eyetracker.setRecordingState(False)
7.6925 	EXP 	text: height = np.float64(0.05)
7.6925 	EXP 	text: height = np.float64(0.05)
7.6925 	EXP 	text: height = np.float64(0.05)
7.6925 	EXP 	text: text = 'Which one are you going to buy?'
7.6954 	EXP 	eyetracker.setRecordingState(False)
7.7294 	EXP 	text: height = np.float64(0.05)
7.7294 	EXP 	text: height = np.float64(0.05)
7.7294 	EXP 	text: height = np.float64(0.05)
7.7294 	EXP 	text: text = 'Which one are you going to buy?'
7.7325 	EXP 	eyetracker.setRecordingState(False)
7.7622 	EXP 	text: height = np.float64(0.05)
7.7622 	EXP 	text: height = np.float64(0.05)
7.7622 	EXP 	text: height = np.float64(0.05)
7.7622 	EXP 	text: text = 'Which one are you going to buy?'
7.7651 	EXP 	eyetracker.setRecordingState(False)
7.7949 	EXP 	text: height = np.float64(0.05)
7.7949 	EXP 	text: height = np.float64(0.05)
7.7949 	EXP 	text: height = np.float64(0.05)
7.7949 	EXP 	text: text = 'Which one are you going to buy?'
7.7979 	EXP 	eyetracker.setRecordingState(False)
7.8310 	EXP 	text: height = np.float64(0.05)
7.8310 	EXP 	text: height = np.float64(0.05)
7.8310 	EXP 	text: height = np.float64(0.05)
7.8310 	EXP 	text: text = 'Which one are you going to buy?'
7.8352 	EXP 	eyetracker.setRecordingState(False)
7.8689 	EXP 	text: height = np.float64(0.05)
7.8689 	EXP 	text: height = np.float64(0.05)
7.8689 	EXP 	text: height = np.float64(0.05)
7.8689 	EXP 	text: text = 'Which one are you going to buy?'
7.8728 	EXP 	eyetracker.setRecordingState(False)
7.9031 	DATA 	Mouse: Left button down, pos=(928,539)
7.9074 	EXP 	text: height = np.float64(0.05)
7.9074 	EXP 	text: height = np.float64(0.05)
7.9074 	EXP 	text: height = np.float64(0.05)
7.9074 	EXP 	text: text = 'Which one are you going to buy?'
7.9152 	EXP 	eyetracker.setRecordingState(False)
7.9240 	EXP 	eyetracker.setRecordingState(False)
7.9580 	INFO 	Keyboard events cleared
7.9559 	EXP 	text: autoDraw = False
7.9559 	EXP 	ambewela: autoDraw = False
7.9559 	EXP 	kothmale: autoDraw = False
7.9559 	EXP 	happycow: autoDraw = False
7.9559 	EXP 	kraft: autoDraw = False
7.9559 	EXP 	richlife: autoDraw = False
7.9559 	EXP 	text_2: autoDraw = False
7.9559 	EXP 	text_3: autoDraw = False
7.9559 	EXP 	text_4: autoDraw = False
7.9559 	EXP 	text_5: autoDraw = False
7.9559 	EXP 	text_6: autoDraw = False
7.9559 	EXP 	text_7: autoDraw = True
7.9559 	EXP 	highlandYoghurt: autoDraw = True
7.9559 	EXP 	anchoryoghurt: autoDraw = True
7.9559 	EXP 	ambewelayoghurt: autoDraw = True
7.9559 	EXP 	pelawatteyoghurt: autoDraw = True
7.9559 	EXP 	text_8: autoDraw = True
7.9559 	EXP 	text_9: autoDraw = True
7.9559 	EXP 	text_10: autoDraw = True
7.9559 	EXP 	text_11: autoDraw = True
7.9636 	EXP 	eyetracker.setRecordingState(False)
7.9801 	EXP 	eyetracker.setRecordingState(False)
7.9962 	EXP 	eyetracker.setRecordingState(False)
8.0124 	EXP 	eyetracker.setRecordingState(False)
8.0299 	EXP 	eyetracker.setRecordingState(False)
8.0462 	EXP 	eyetracker.setRecordingState(False)
8.0652 	EXP 	eyetracker.setRecordingState(False)
8.0841 	EXP 	eyetracker.setRecordingState(False)
8.1007 	EXP 	eyetracker.setRecordingState(False)
8.1160 	EXP 	eyetracker.setRecordingState(False)
8.1284 	DATA 	Mouse:  Left button up, pos=(928,539)
8.1310 	EXP 	eyetracker.setRecordingState(False)
8.1452 	EXP 	eyetracker.setRecordingState(False)
8.1503 	EXP 	eyetracker.setRecordingState(False)
8.1568 	EXP 	eyetracker.setRecordingState(False)
8.1629 	EXP 	eyetracker.setRecordingState(False)
8.1702 	EXP 	eyetracker.setRecordingState(False)
8.1772 	EXP 	eyetracker.setRecordingState(False)
8.1854 	EXP 	eyetracker.setRecordingState(False)
8.2023 	EXP 	eyetracker.setRecordingState(False)
8.2179 	EXP 	eyetracker.setRecordingState(False)
8.2237 	EXP 	eyetracker.setRecordingState(False)
8.2328 	EXP 	eyetracker.setRecordingState(False)
8.2443 	EXP 	eyetracker.setRecordingState(False)
8.2587 	EXP 	eyetracker.setRecordingState(False)
8.2704 	EXP 	eyetracker.setRecordingState(False)
8.2862 	EXP 	eyetracker.setRecordingState(False)
8.3055 	EXP 	eyetracker.setRecordingState(False)
8.3139 	EXP 	eyetracker.setRecordingState(False)
8.3202 	EXP 	eyetracker.setRecordingState(False)
8.3357 	EXP 	eyetracker.setRecordingState(False)
8.3437 	EXP 	eyetracker.setRecordingState(False)
8.3581 	EXP 	eyetracker.setRecordingState(False)
8.3768 	EXP 	eyetracker.setRecordingState(False)
8.3867 	EXP 	eyetracker.setRecordingState(False)
8.4169 	EXP 	eyetracker.setRecordingState(False)
8.4443 	EXP 	eyetracker.setRecordingState(False)
8.4667 	EXP 	eyetracker.setRecordingState(False)
8.4897 	EXP 	eyetracker.setRecordingState(False)
8.5116 	EXP 	eyetracker.setRecordingState(False)
8.5338 	EXP 	eyetracker.setRecordingState(False)
8.5893 	EXP 	eyetracker.setRecordingState(False)
8.6137 	EXP 	eyetracker.setRecordingState(False)
8.6393 	EXP 	eyetracker.setRecordingState(False)
8.6661 	EXP 	eyetracker.setRecordingState(False)
8.7347 	EXP 	eyetracker.setRecordingState(False)
8.7577 	EXP 	eyetracker.setRecordingState(False)
8.8318 	EXP 	eyetracker.setRecordingState(False)
8.9158 	EXP 	eyetracker.setRecordingState(False)
9.5639 	EXP 	eyetracker.setRecordingState(False)
9.5973 	EXP 	eyetracker.setRecordingState(False)
9.8755 	EXP 	eyetracker.setRecordingState(False)
9.8926 	EXP 	eyetracker.setRecordingState(False)
9.9066 	EXP 	eyetracker.setRecordingState(False)
9.9249 	EXP 	eyetracker.setRecordingState(False)
9.9331 	EXP 	eyetracker.setRecordingState(False)
9.9388 	EXP 	eyetracker.setRecordingState(False)
9.9463 	EXP 	eyetracker.setRecordingState(False)
9.9572 	EXP 	eyetracker.setRecordingState(False)
9.9656 	EXP 	eyetracker.setRecordingState(False)
9.9710 	EXP 	eyetracker.setRecordingState(False)
9.9856 	EXP 	eyetracker.setRecordingState(False)
10.0022 	EXP 	eyetracker.setRecordingState(False)
10.0134 	EXP 	eyetracker.setRecordingState(False)
10.0251 	EXP 	eyetracker.setRecordingState(False)
10.0404 	EXP 	eyetracker.setRecordingState(False)
10.0589 	EXP 	eyetracker.setRecordingState(False)
10.0769 	EXP 	eyetracker.setRecordingState(False)
10.0885 	EXP 	eyetracker.setRecordingState(False)
10.1043 	EXP 	eyetracker.setRecordingState(False)
10.1200 	EXP 	eyetracker.setRecordingState(False)
10.1351 	EXP 	eyetracker.setRecordingState(False)
10.1520 	EXP 	eyetracker.setRecordingState(False)
10.1669 	EXP 	eyetracker.setRecordingState(False)
10.1817 	EXP 	eyetracker.setRecordingState(False)
10.1969 	EXP 	eyetracker.setRecordingState(False)
10.2131 	EXP 	eyetracker.setRecordingState(False)
10.2309 	EXP 	eyetracker.setRecordingState(False)
10.2475 	EXP 	eyetracker.setRecordingState(False)
10.2638 	EXP 	eyetracker.setRecordingState(False)
10.2795 	EXP 	eyetracker.setRecordingState(False)
10.2990 	EXP 	eyetracker.setRecordingState(False)
10.3154 	EXP 	eyetracker.setRecordingState(False)
10.3331 	EXP 	eyetracker.setRecordingState(False)
10.3429 	EXP 	eyetracker.setRecordingState(False)
10.3530 	EXP 	eyetracker.setRecordingState(False)
10.3682 	EXP 	eyetracker.setRecordingState(False)
10.3840 	EXP 	eyetracker.setRecordingState(False)
10.3992 	EXP 	eyetracker.setRecordingState(False)
10.4145 	EXP 	eyetracker.setRecordingState(False)
10.4306 	EXP 	eyetracker.setRecordingState(False)
10.4461 	EXP 	eyetracker.setRecordingState(False)
10.4616 	EXP 	eyetracker.setRecordingState(False)
10.4765 	EXP 	eyetracker.setRecordingState(False)
10.4941 	EXP 	eyetracker.setRecordingState(False)
10.5112 	EXP 	eyetracker.setRecordingState(False)
10.5281 	EXP 	eyetracker.setRecordingState(False)
10.5455 	EXP 	eyetracker.setRecordingState(False)
10.5631 	EXP 	eyetracker.setRecordingState(False)
10.5780 	EXP 	eyetracker.setRecordingState(False)
10.6192 	EXP 	eyetracker.setRecordingState(False)
10.6424 	EXP 	eyetracker.setRecordingState(False)
10.6671 	EXP 	eyetracker.setRecordingState(False)
10.6932 	EXP 	eyetracker.setRecordingState(False)
10.7148 	EXP 	eyetracker.setRecordingState(False)
10.7329 	EXP 	eyetracker.setRecordingState(False)
10.7523 	EXP 	eyetracker.setRecordingState(False)
10.7718 	EXP 	eyetracker.setRecordingState(False)
10.7972 	EXP 	eyetracker.setRecordingState(False)
10.8152 	EXP 	eyetracker.setRecordingState(False)
10.8395 	EXP 	eyetracker.setRecordingState(False)
10.8575 	EXP 	eyetracker.setRecordingState(False)
10.8780 	EXP 	eyetracker.setRecordingState(False)
10.9010 	EXP 	eyetracker.setRecordingState(False)
10.9181 	EXP 	eyetracker.setRecordingState(False)
10.9291 	EXP 	eyetracker.setRecordingState(False)
10.9450 	EXP 	eyetracker.setRecordingState(False)
10.9603 	EXP 	eyetracker.setRecordingState(False)
10.9759 	EXP 	eyetracker.setRecordingState(False)
10.9899 	EXP 	eyetracker.setRecordingState(False)
11.0016 	EXP 	eyetracker.setRecordingState(False)
11.0112 	EXP 	eyetracker.setRecordingState(False)
11.0191 	EXP 	eyetracker.setRecordingState(False)
11.0258 	EXP 	eyetracker.setRecordingState(False)
11.0318 	EXP 	eyetracker.setRecordingState(False)
11.0376 	EXP 	eyetracker.setRecordingState(False)
11.0439 	EXP 	eyetracker.setRecordingState(False)
11.0507 	EXP 	eyetracker.setRecordingState(False)
11.0579 	EXP 	eyetracker.setRecordingState(False)
11.0668 	EXP 	eyetracker.setRecordingState(False)
11.0767 	EXP 	eyetracker.setRecordingState(False)
11.0897 	EXP 	eyetracker.setRecordingState(False)
11.1015 	EXP 	eyetracker.setRecordingState(False)
11.1157 	EXP 	eyetracker.setRecordingState(False)
11.1247 	EXP 	eyetracker.setRecordingState(False)
11.1351 	EXP 	eyetracker.setRecordingState(False)
11.1426 	EXP 	eyetracker.setRecordingState(False)
11.1462 	DATA 	Mouse: Left button down, pos=(578,538)
11.1540 	EXP 	eyetracker.setRecordingState(False)
11.1573 	EXP 	eyetracker.setRecordingState(False)
11.1770 	INFO 	Keyboard events cleared
11.1760 	EXP 	text_7: autoDraw = False
11.1760 	EXP 	highlandYoghurt: autoDraw = False
11.1760 	EXP 	anchoryoghurt: autoDraw = False
11.1760 	EXP 	ambewelayoghurt: autoDraw = False
11.1760 	EXP 	pelawatteyoghurt: autoDraw = False
11.1760 	EXP 	text_8: autoDraw = False
11.1760 	EXP 	text_9: autoDraw = False
11.1760 	EXP 	text_10: autoDraw = False
11.1760 	EXP 	text_11: autoDraw = False
11.1760 	EXP 	text_12: autoDraw = True
11.1760 	EXP 	fortune: autoDraw = True
11.1760 	EXP 	marina: autoDraw = True
11.1760 	EXP 	Njoy: autoDraw = True
11.1760 	EXP 	text_13: autoDraw = True
11.1760 	EXP 	text_14: autoDraw = True
11.1760 	EXP 	text_15: autoDraw = True
11.1794 	EXP 	eyetracker.setRecordingState(False)
11.1866 	EXP 	eyetracker.setRecordingState(False)
11.1929 	EXP 	eyetracker.setRecordingState(False)
11.1998 	EXP 	eyetracker.setRecordingState(False)
11.2050 	EXP 	eyetracker.setRecordingState(False)
11.2097 	EXP 	eyetracker.setRecordingState(False)
11.2143 	EXP 	eyetracker.setRecordingState(False)
11.2208 	EXP 	eyetracker.setRecordingState(False)
11.2280 	EXP 	eyetracker.setRecordingState(False)
11.2356 	EXP 	eyetracker.setRecordingState(False)
11.2435 	EXP 	eyetracker.setRecordingState(False)
11.2500 	EXP 	eyetracker.setRecordingState(False)
11.2586 	EXP 	eyetracker.setRecordingState(False)
11.2717 	EXP 	eyetracker.setRecordingState(False)
11.2845 	EXP 	eyetracker.setRecordingState(False)
11.2990 	EXP 	eyetracker.setRecordingState(False)
11.3099 	EXP 	eyetracker.setRecordingState(False)
11.3205 	EXP 	eyetracker.setRecordingState(False)
11.3318 	EXP 	eyetracker.setRecordingState(False)
11.3389 	EXP 	eyetracker.setRecordingState(False)
11.3469 	EXP 	eyetracker.setRecordingState(False)
11.3570 	EXP 	eyetracker.setRecordingState(False)
11.3693 	DATA 	Mouse:  Left button up, pos=(578,538)
11.3730 	EXP 	eyetracker.setRecordingState(False)
11.3883 	EXP 	eyetracker.setRecordingState(False)
11.4008 	EXP 	eyetracker.setRecordingState(False)
11.4100 	EXP 	eyetracker.setRecordingState(False)
11.4192 	EXP 	eyetracker.setRecordingState(False)
11.4304 	EXP 	eyetracker.setRecordingState(False)
11.4381 	EXP 	eyetracker.setRecordingState(False)
11.4496 	EXP 	eyetracker.setRecordingState(False)
11.4655 	EXP 	eyetracker.setRecordingState(False)
11.4813 	EXP 	eyetracker.setRecordingState(False)
11.4977 	EXP 	eyetracker.setRecordingState(False)
11.5130 	EXP 	eyetracker.setRecordingState(False)
11.5287 	EXP 	eyetracker.setRecordingState(False)
11.5437 	EXP 	eyetracker.setRecordingState(False)
11.5603 	EXP 	eyetracker.setRecordingState(False)
11.5766 	EXP 	eyetracker.setRecordingState(False)
11.5937 	EXP 	eyetracker.setRecordingState(False)
11.6101 	EXP 	eyetracker.setRecordingState(False)
11.6262 	EXP 	eyetracker.setRecordingState(False)
11.6432 	EXP 	eyetracker.setRecordingState(False)
11.6581 	EXP 	eyetracker.setRecordingState(False)
11.6745 	EXP 	eyetracker.setRecordingState(False)
11.6916 	EXP 	eyetracker.setRecordingState(False)
11.7057 	EXP 	eyetracker.setRecordingState(False)
11.7213 	EXP 	eyetracker.setRecordingState(False)
11.7353 	EXP 	eyetracker.setRecordingState(False)
11.7513 	EXP 	eyetracker.setRecordingState(False)
11.7673 	EXP 	eyetracker.setRecordingState(False)
11.7814 	EXP 	eyetracker.setRecordingState(False)
11.7955 	EXP 	eyetracker.setRecordingState(False)
11.8099 	EXP 	eyetracker.setRecordingState(False)
11.8242 	EXP 	eyetracker.setRecordingState(False)
11.8398 	EXP 	eyetracker.setRecordingState(False)
11.8535 	EXP 	eyetracker.setRecordingState(False)
11.8691 	EXP 	eyetracker.setRecordingState(False)
11.8872 	EXP 	eyetracker.setRecordingState(False)
11.9038 	EXP 	eyetracker.setRecordingState(False)
11.9279 	EXP 	eyetracker.setRecordingState(False)
11.9558 	EXP 	eyetracker.setRecordingState(False)
11.9761 	EXP 	eyetracker.setRecordingState(False)
11.9937 	EXP 	eyetracker.setRecordingState(False)
12.0068 	EXP 	eyetracker.setRecordingState(False)
12.0278 	EXP 	eyetracker.setRecordingState(False)
12.0475 	EXP 	eyetracker.setRecordingState(False)
12.0632 	EXP 	eyetracker.setRecordingState(False)
12.0803 	EXP 	eyetracker.setRecordingState(False)
12.0940 	EXP 	eyetracker.setRecordingState(False)
12.1097 	EXP 	eyetracker.setRecordingState(False)
12.1285 	EXP 	eyetracker.setRecordingState(False)
12.1491 	EXP 	eyetracker.setRecordingState(False)
12.1702 	EXP 	eyetracker.setRecordingState(False)
12.1906 	EXP 	eyetracker.setRecordingState(False)
12.2110 	EXP 	eyetracker.setRecordingState(False)
12.2279 	EXP 	eyetracker.setRecordingState(False)
12.2466 	EXP 	eyetracker.setRecordingState(False)
12.2614 	EXP 	eyetracker.setRecordingState(False)
12.2742 	EXP 	eyetracker.setRecordingState(False)
12.2832 	EXP 	eyetracker.setRecordingState(False)
12.3005 	EXP 	eyetracker.setRecordingState(False)
12.3156 	EXP 	eyetracker.setRecordingState(False)
12.3386 	EXP 	eyetracker.setRecordingState(False)
12.3557 	EXP 	eyetracker.setRecordingState(False)
12.3739 	EXP 	eyetracker.setRecordingState(False)
12.3927 	EXP 	eyetracker.setRecordingState(False)
12.4061 	EXP 	eyetracker.setRecordingState(False)
12.4209 	EXP 	eyetracker.setRecordingState(False)
12.4370 	EXP 	eyetracker.setRecordingState(False)
12.4537 	EXP 	eyetracker.setRecordingState(False)
12.4699 	EXP 	eyetracker.setRecordingState(False)
12.4882 	EXP 	eyetracker.setRecordingState(False)
12.5027 	EXP 	eyetracker.setRecordingState(False)
12.5186 	EXP 	eyetracker.setRecordingState(False)
12.5344 	EXP 	eyetracker.setRecordingState(False)
12.5503 	EXP 	eyetracker.setRecordingState(False)
12.5665 	EXP 	eyetracker.setRecordingState(False)
12.5815 	EXP 	eyetracker.setRecordingState(False)
12.5968 	EXP 	eyetracker.setRecordingState(False)
12.6112 	EXP 	eyetracker.setRecordingState(False)
12.6272 	EXP 	eyetracker.setRecordingState(False)
12.6424 	EXP 	eyetracker.setRecordingState(False)
12.6596 	EXP 	eyetracker.setRecordingState(False)
12.6750 	EXP 	eyetracker.setRecordingState(False)
12.6914 	EXP 	eyetracker.setRecordingState(False)
12.7116 	EXP 	eyetracker.setRecordingState(False)
12.7286 	EXP 	eyetracker.setRecordingState(False)
12.7465 	EXP 	eyetracker.setRecordingState(False)
12.7559 	DATA 	Mouse: Left button down, pos=(919,575)
12.7664 	EXP 	eyetracker.setRecordingState(False)
12.7722 	EXP 	eyetracker.setRecordingState(False)
12.8133 	INFO 	Keyboard events cleared
12.8109 	EXP 	text_12: autoDraw = False
12.8109 	EXP 	fortune: autoDraw = False
12.8109 	EXP 	marina: autoDraw = False
12.8109 	EXP 	Njoy: autoDraw = False
12.8109 	EXP 	text_13: autoDraw = False
12.8109 	EXP 	text_14: autoDraw = False
12.8109 	EXP 	text_15: autoDraw = False
12.8109 	EXP 	text_instr: autoDraw = True
12.8109 	EXP 	kandos: autoDraw = True
12.8109 	EXP 	ritzbury: autoDraw = True
12.8109 	EXP 	revello: autoDraw = True
12.8109 	EXP 	cadbury: autoDraw = True
12.8109 	EXP 	text_20: autoDraw = True
12.8109 	EXP 	text_21: autoDraw = True
12.8109 	EXP 	text_22: autoDraw = True
12.8109 	EXP 	text_23: autoDraw = True
12.8181 	EXP 	eyetracker.setRecordingState(False)
12.8342 	EXP 	eyetracker.setRecordingState(False)
12.8494 	EXP 	eyetracker.setRecordingState(False)
12.8652 	EXP 	eyetracker.setRecordingState(False)
12.8820 	EXP 	eyetracker.setRecordingState(False)
12.8980 	EXP 	eyetracker.setRecordingState(False)
12.9144 	EXP 	eyetracker.setRecordingState(False)
12.9292 	EXP 	eyetracker.setRecordingState(False)
12.9476 	EXP 	eyetracker.setRecordingState(False)
12.9654 	EXP 	eyetracker.setRecordingState(False)
12.9748 	DATA 	Mouse:  Left button up, pos=(919,575)
12.9821 	EXP 	eyetracker.setRecordingState(False)
12.9937 	EXP 	eyetracker.setRecordingState(False)
12.9989 	EXP 	eyetracker.setRecordingState(False)
13.0090 	EXP 	eyetracker.setRecordingState(False)
13.0260 	EXP 	eyetracker.setRecordingState(False)
13.0438 	EXP 	eyetracker.setRecordingState(False)
13.0605 	EXP 	eyetracker.setRecordingState(False)
13.0783 	EXP 	eyetracker.setRecordingState(False)
13.0949 	EXP 	eyetracker.setRecordingState(False)
13.1079 	EXP 	eyetracker.setRecordingState(False)
13.1202 	EXP 	eyetracker.setRecordingState(False)
13.1296 	EXP 	eyetracker.setRecordingState(False)
13.1392 	EXP 	eyetracker.setRecordingState(False)
13.1456 	EXP 	eyetracker.setRecordingState(False)
13.1530 	EXP 	eyetracker.setRecordingState(False)
13.1648 	EXP 	eyetracker.setRecordingState(False)
13.1823 	EXP 	eyetracker.setRecordingState(False)
13.1994 	EXP 	eyetracker.setRecordingState(False)
13.2128 	EXP 	eyetracker.setRecordingState(False)
13.2313 	EXP 	eyetracker.setRecordingState(False)
13.2476 	EXP 	eyetracker.setRecordingState(False)
13.2643 	EXP 	eyetracker.setRecordingState(False)
13.2821 	EXP 	eyetracker.setRecordingState(False)
13.3011 	EXP 	eyetracker.setRecordingState(False)
13.3193 	EXP 	eyetracker.setRecordingState(False)
13.3361 	EXP 	eyetracker.setRecordingState(False)
13.3679 	EXP 	eyetracker.setRecordingState(False)
13.3848 	EXP 	eyetracker.setRecordingState(False)
13.4286 	EXP 	eyetracker.setRecordingState(False)
13.4508 	EXP 	eyetracker.setRecordingState(False)
13.4659 	EXP 	eyetracker.setRecordingState(False)
13.4848 	EXP 	eyetracker.setRecordingState(False)
13.5032 	EXP 	eyetracker.setRecordingState(False)
13.5172 	EXP 	eyetracker.setRecordingState(False)
13.5315 	EXP 	eyetracker.setRecordingState(False)
13.5498 	EXP 	eyetracker.setRecordingState(False)
13.5677 	EXP 	eyetracker.setRecordingState(False)
13.5841 	EXP 	eyetracker.setRecordingState(False)
13.5919 	EXP 	eyetracker.setRecordingState(False)
13.6043 	EXP 	eyetracker.setRecordingState(False)
13.6198 	EXP 	eyetracker.setRecordingState(False)
13.6321 	EXP 	eyetracker.setRecordingState(False)
13.6474 	EXP 	eyetracker.setRecordingState(False)
13.6623 	EXP 	eyetracker.setRecordingState(False)
13.6793 	EXP 	eyetracker.setRecordingState(False)
13.6909 	EXP 	eyetracker.setRecordingState(False)
13.7079 	EXP 	eyetracker.setRecordingState(False)
13.7214 	EXP 	eyetracker.setRecordingState(False)
13.7323 	EXP 	eyetracker.setRecordingState(False)
13.7391 	EXP 	eyetracker.setRecordingState(False)
13.7541 	EXP 	eyetracker.setRecordingState(False)
13.7711 	EXP 	eyetracker.setRecordingState(False)
13.7836 	EXP 	eyetracker.setRecordingState(False)
13.7931 	EXP 	eyetracker.setRecordingState(False)
13.8057 	EXP 	eyetracker.setRecordingState(False)
13.8122 	EXP 	eyetracker.setRecordingState(False)
13.8209 	EXP 	eyetracker.setRecordingState(False)
13.8594 	EXP 	eyetracker.setRecordingState(False)
13.9103 	EXP 	eyetracker.setRecordingState(False)
13.9368 	EXP 	eyetracker.setRecordingState(False)
13.9557 	EXP 	eyetracker.setRecordingState(False)
13.9755 	EXP 	eyetracker.setRecordingState(False)
13.9976 	EXP 	eyetracker.setRecordingState(False)
14.0170 	EXP 	eyetracker.setRecordingState(False)
14.0468 	EXP 	eyetracker.setRecordingState(False)
14.0690 	EXP 	eyetracker.setRecordingState(False)
14.0866 	EXP 	eyetracker.setRecordingState(False)
14.0977 	EXP 	eyetracker.setRecordingState(False)
14.1234 	EXP 	eyetracker.setRecordingState(False)
14.1400 	EXP 	eyetracker.setRecordingState(False)
14.1788 	EXP 	eyetracker.setRecordingState(False)
14.1973 	EXP 	eyetracker.setRecordingState(False)
14.2163 	EXP 	eyetracker.setRecordingState(False)
14.2382 	EXP 	eyetracker.setRecordingState(False)
14.2537 	EXP 	eyetracker.setRecordingState(False)
14.2653 	EXP 	eyetracker.setRecordingState(False)
14.2798 	EXP 	eyetracker.setRecordingState(False)
14.2981 	EXP 	eyetracker.setRecordingState(False)
14.3114 	EXP 	eyetracker.setRecordingState(False)
14.3190 	EXP 	eyetracker.setRecordingState(False)
14.3356 	EXP 	eyetracker.setRecordingState(False)
14.3451 	EXP 	eyetracker.setRecordingState(False)
14.3549 	EXP 	eyetracker.setRecordingState(False)
14.3659 	EXP 	eyetracker.setRecordingState(False)
14.3782 	EXP 	eyetracker.setRecordingState(False)
14.3907 	EXP 	eyetracker.setRecordingState(False)
14.4068 	EXP 	eyetracker.setRecordingState(False)
14.4219 	EXP 	eyetracker.setRecordingState(False)
14.4382 	EXP 	eyetracker.setRecordingState(False)
14.4544 	EXP 	eyetracker.setRecordingState(False)
14.4728 	EXP 	eyetracker.setRecordingState(False)
14.4891 	EXP 	eyetracker.setRecordingState(False)
14.5065 	EXP 	eyetracker.setRecordingState(False)
14.5225 	EXP 	eyetracker.setRecordingState(False)
14.5373 	EXP 	eyetracker.setRecordingState(False)
14.5509 	EXP 	eyetracker.setRecordingState(False)
14.5666 	EXP 	eyetracker.setRecordingState(False)
14.5836 	EXP 	eyetracker.setRecordingState(False)
14.6051 	EXP 	eyetracker.setRecordingState(False)
14.6230 	EXP 	eyetracker.setRecordingState(False)
14.6386 	EXP 	eyetracker.setRecordingState(False)
14.6546 	EXP 	eyetracker.setRecordingState(False)
14.6676 	EXP 	eyetracker.setRecordingState(False)
14.6811 	EXP 	eyetracker.setRecordingState(False)
14.6970 	EXP 	eyetracker.setRecordingState(False)
14.7085 	EXP 	eyetracker.setRecordingState(False)
14.7259 	EXP 	eyetracker.setRecordingState(False)
14.7323 	DATA 	Mouse: Left button down, pos=(1148,585)
14.7424 	EXP 	eyetracker.setRecordingState(False)
14.7484 	EXP 	eyetracker.setRecordingState(False)
14.7868 	INFO 	Keyboard events cleared
14.7844 	EXP 	text_instr: autoDraw = False
14.7844 	EXP 	kandos: autoDraw = False
14.7844 	EXP 	ritzbury: autoDraw = False
14.7844 	EXP 	revello: autoDraw = False
14.7844 	EXP 	cadbury: autoDraw = False
14.7844 	EXP 	text_20: autoDraw = False
14.7844 	EXP 	text_21: autoDraw = False
14.7844 	EXP 	text_22: autoDraw = False
14.7844 	EXP 	text_23: autoDraw = False
14.7844 	EXP 	text_instr_2: autoDraw = True
14.7844 	EXP 	goldi: autoDraw = True
14.7844 	EXP 	elephanthouse: autoDraw = True
14.7844 	EXP 	krest: autoDraw = True
14.7844 	EXP 	pussalla: autoDraw = True
14.7844 	EXP 	text_16: autoDraw = True
14.7844 	EXP 	text_17: autoDraw = True
14.7844 	EXP 	text_18: autoDraw = True
14.7844 	EXP 	text_19: autoDraw = True
14.7878 	EXP 	eyetracker.setRecordingState(False)
14.8021 	EXP 	eyetracker.setRecordingState(False)
14.8166 	EXP 	eyetracker.setRecordingState(False)
14.8329 	EXP 	eyetracker.setRecordingState(False)
14.8492 	EXP 	eyetracker.setRecordingState(False)
14.8649 	EXP 	eyetracker.setRecordingState(False)
14.8807 	EXP 	eyetracker.setRecordingState(False)
14.8978 	EXP 	eyetracker.setRecordingState(False)
14.9139 	EXP 	eyetracker.setRecordingState(False)
14.9323 	EXP 	eyetracker.setRecordingState(False)
14.9491 	EXP 	eyetracker.setRecordingState(False)
14.9589 	DATA 	Mouse:  Left button up, pos=(1148,585)
14.9684 	EXP 	eyetracker.setRecordingState(False)
14.9952 	EXP 	eyetracker.setRecordingState(False)
15.0100 	EXP 	eyetracker.setRecordingState(False)
15.0262 	EXP 	eyetracker.setRecordingState(False)
15.0435 	EXP 	eyetracker.setRecordingState(False)
15.0599 	EXP 	eyetracker.setRecordingState(False)
15.0787 	EXP 	eyetracker.setRecordingState(False)
15.0937 	EXP 	eyetracker.setRecordingState(False)
15.1068 	EXP 	eyetracker.setRecordingState(False)
15.1163 	EXP 	eyetracker.setRecordingState(False)
15.1297 	EXP 	eyetracker.setRecordingState(False)
15.1486 	EXP 	eyetracker.setRecordingState(False)
15.1600 	EXP 	eyetracker.setRecordingState(False)
15.1736 	EXP 	eyetracker.setRecordingState(False)
15.1895 	EXP 	eyetracker.setRecordingState(False)
15.2046 	EXP 	eyetracker.setRecordingState(False)
15.2163 	EXP 	eyetracker.setRecordingState(False)
15.2314 	EXP 	eyetracker.setRecordingState(False)
15.2464 	EXP 	eyetracker.setRecordingState(False)
15.2619 	EXP 	eyetracker.setRecordingState(False)
15.2800 	EXP 	eyetracker.setRecordingState(False)
15.3038 	EXP 	eyetracker.setRecordingState(False)
15.3187 	EXP 	eyetracker.setRecordingState(False)
15.3358 	EXP 	eyetracker.setRecordingState(False)
15.3519 	EXP 	eyetracker.setRecordingState(False)
15.3677 	EXP 	eyetracker.setRecordingState(False)
15.3836 	EXP 	eyetracker.setRecordingState(False)
15.4115 	EXP 	eyetracker.setRecordingState(False)
15.4363 	EXP 	eyetracker.setRecordingState(False)
15.4836 	EXP 	eyetracker.setRecordingState(False)
15.5146 	EXP 	eyetracker.setRecordingState(False)
15.5422 	EXP 	eyetracker.setRecordingState(False)
15.5662 	EXP 	eyetracker.setRecordingState(False)
15.5862 	EXP 	eyetracker.setRecordingState(False)
15.6035 	EXP 	eyetracker.setRecordingState(False)
15.6189 	EXP 	eyetracker.setRecordingState(False)
15.6356 	EXP 	eyetracker.setRecordingState(False)
15.6716 	EXP 	eyetracker.setRecordingState(False)
15.7558 	EXP 	eyetracker.setRecordingState(False)
15.7793 	EXP 	eyetracker.setRecordingState(False)
15.8127 	EXP 	eyetracker.setRecordingState(False)
15.8316 	EXP 	eyetracker.setRecordingState(False)
15.8479 	EXP 	eyetracker.setRecordingState(False)
15.8761 	EXP 	eyetracker.setRecordingState(False)
15.8992 	EXP 	eyetracker.setRecordingState(False)
15.9265 	EXP 	eyetracker.setRecordingState(False)
15.9546 	EXP 	eyetracker.setRecordingState(False)
15.9896 	EXP 	eyetracker.setRecordingState(False)
16.0015 	EXP 	eyetracker.setRecordingState(False)
16.0205 	EXP 	eyetracker.setRecordingState(False)
16.0419 	EXP 	eyetracker.setRecordingState(False)
16.0605 	EXP 	eyetracker.setRecordingState(False)
16.0737 	EXP 	eyetracker.setRecordingState(False)
16.0968 	EXP 	eyetracker.setRecordingState(False)
16.1154 	EXP 	eyetracker.setRecordingState(False)
16.1363 	EXP 	eyetracker.setRecordingState(False)
16.1588 	EXP 	eyetracker.setRecordingState(False)
16.1760 	EXP 	eyetracker.setRecordingState(False)
16.1825 	EXP 	eyetracker.setRecordingState(False)
16.2039 	EXP 	eyetracker.setRecordingState(False)
16.2220 	EXP 	eyetracker.setRecordingState(False)
16.2396 	EXP 	eyetracker.setRecordingState(False)
16.2624 	EXP 	eyetracker.setRecordingState(False)
16.2865 	EXP 	eyetracker.setRecordingState(False)
16.3031 	EXP 	eyetracker.setRecordingState(False)
16.3244 	EXP 	eyetracker.setRecordingState(False)
16.3475 	EXP 	eyetracker.setRecordingState(False)
16.3777 	EXP 	eyetracker.setRecordingState(False)
16.4098 	EXP 	eyetracker.setRecordingState(False)
16.4431 	EXP 	eyetracker.setRecordingState(False)
16.4687 	EXP 	eyetracker.setRecordingState(False)
16.4762 	EXP 	eyetracker.setRecordingState(False)
16.4827 	EXP 	eyetracker.setRecordingState(False)
16.4899 	EXP 	eyetracker.setRecordingState(False)
16.4973 	EXP 	eyetracker.setRecordingState(False)
16.5044 	EXP 	eyetracker.setRecordingState(False)
16.5117 	EXP 	eyetracker.setRecordingState(False)
16.5192 	EXP 	eyetracker.setRecordingState(False)
16.5260 	EXP 	eyetracker.setRecordingState(False)
16.5319 	EXP 	eyetracker.setRecordingState(False)
16.5400 	EXP 	eyetracker.setRecordingState(False)
16.5482 	EXP 	eyetracker.setRecordingState(False)
16.5551 	EXP 	eyetracker.setRecordingState(False)
16.5610 	EXP 	eyetracker.setRecordingState(False)
16.5683 	EXP 	eyetracker.setRecordingState(False)
16.5792 	EXP 	eyetracker.setRecordingState(False)
16.5865 	EXP 	eyetracker.setRecordingState(False)
16.5933 	EXP 	eyetracker.setRecordingState(False)
16.6005 	EXP 	eyetracker.setRecordingState(False)
16.6066 	EXP 	eyetracker.setRecordingState(False)
16.6132 	EXP 	eyetracker.setRecordingState(False)
16.6192 	EXP 	eyetracker.setRecordingState(False)
16.6253 	EXP 	eyetracker.setRecordingState(False)
16.6315 	EXP 	eyetracker.setRecordingState(False)
16.6381 	EXP 	eyetracker.setRecordingState(False)
16.6444 	EXP 	eyetracker.setRecordingState(False)
16.6506 	EXP 	eyetracker.setRecordingState(False)
16.6570 	EXP 	eyetracker.setRecordingState(False)
16.6630 	EXP 	eyetracker.setRecordingState(False)
16.6688 	EXP 	eyetracker.setRecordingState(False)
16.6755 	EXP 	eyetracker.setRecordingState(False)
16.6814 	EXP 	eyetracker.setRecordingState(False)
16.6875 	EXP 	eyetracker.setRecordingState(False)
16.6935 	EXP 	eyetracker.setRecordingState(False)
16.7007 	EXP 	eyetracker.setRecordingState(False)
16.7076 	EXP 	eyetracker.setRecordingState(False)
16.7147 	EXP 	eyetracker.setRecordingState(False)
16.7214 	EXP 	eyetracker.setRecordingState(False)
16.7306 	EXP 	eyetracker.setRecordingState(False)
16.7374 	EXP 	eyetracker.setRecordingState(False)
16.7459 	EXP 	eyetracker.setRecordingState(False)
16.7530 	EXP 	eyetracker.setRecordingState(False)
16.7592 	EXP 	eyetracker.setRecordingState(False)
16.7656 	EXP 	eyetracker.setRecordingState(False)
16.7731 	EXP 	eyetracker.setRecordingState(False)
16.7798 	EXP 	eyetracker.setRecordingState(False)
16.7855 	EXP 	eyetracker.setRecordingState(False)
16.7922 	EXP 	eyetracker.setRecordingState(False)
16.7980 	EXP 	eyetracker.setRecordingState(False)
16.8047 	EXP 	eyetracker.setRecordingState(False)
16.8116 	EXP 	eyetracker.setRecordingState(False)
16.8185 	EXP 	eyetracker.setRecordingState(False)
16.8256 	EXP 	eyetracker.setRecordingState(False)
16.8325 	EXP 	eyetracker.setRecordingState(False)
16.8393 	EXP 	eyetracker.setRecordingState(False)
16.8463 	EXP 	eyetracker.setRecordingState(False)
16.8536 	EXP 	eyetracker.setRecordingState(False)
16.8604 	EXP 	eyetracker.setRecordingState(False)
16.8676 	EXP 	eyetracker.setRecordingState(False)
16.8743 	EXP 	eyetracker.setRecordingState(False)
16.8813 	EXP 	eyetracker.setRecordingState(False)
16.8879 	EXP 	eyetracker.setRecordingState(False)
16.8952 	EXP 	eyetracker.setRecordingState(False)
16.9021 	EXP 	eyetracker.setRecordingState(False)
16.9085 	EXP 	eyetracker.setRecordingState(False)
16.9156 	EXP 	eyetracker.setRecordingState(False)
16.9228 	EXP 	eyetracker.setRecordingState(False)
16.9292 	EXP 	eyetracker.setRecordingState(False)
16.9364 	EXP 	eyetracker.setRecordingState(False)
16.9435 	EXP 	eyetracker.setRecordingState(False)
16.9503 	EXP 	eyetracker.setRecordingState(False)
16.9571 	EXP 	eyetracker.setRecordingState(False)
16.9643 	EXP 	eyetracker.setRecordingState(False)
16.9718 	EXP 	eyetracker.setRecordingState(False)
16.9790 	EXP 	eyetracker.setRecordingState(False)
16.9855 	EXP 	eyetracker.setRecordingState(False)
16.9926 	EXP 	eyetracker.setRecordingState(False)
16.9992 	EXP 	eyetracker.setRecordingState(False)
17.0058 	EXP 	eyetracker.setRecordingState(False)
17.0129 	EXP 	eyetracker.setRecordingState(False)
17.0197 	EXP 	eyetracker.setRecordingState(False)
17.0267 	EXP 	eyetracker.setRecordingState(False)
17.0334 	EXP 	eyetracker.setRecordingState(False)
17.0407 	EXP 	eyetracker.setRecordingState(False)
17.0475 	EXP 	eyetracker.setRecordingState(False)
17.0545 	EXP 	eyetracker.setRecordingState(False)
17.0611 	EXP 	eyetracker.setRecordingState(False)
17.0683 	EXP 	eyetracker.setRecordingState(False)
17.0752 	EXP 	eyetracker.setRecordingState(False)
17.0819 	EXP 	eyetracker.setRecordingState(False)
17.0891 	EXP 	eyetracker.setRecordingState(False)
17.0965 	EXP 	eyetracker.setRecordingState(False)
17.1033 	EXP 	eyetracker.setRecordingState(False)
17.1102 	EXP 	eyetracker.setRecordingState(False)
17.1170 	EXP 	eyetracker.setRecordingState(False)
17.1240 	EXP 	eyetracker.setRecordingState(False)
17.1311 	EXP 	eyetracker.setRecordingState(False)
17.1377 	EXP 	eyetracker.setRecordingState(False)
17.1455 	EXP 	eyetracker.setRecordingState(False)
17.1522 	EXP 	eyetracker.setRecordingState(False)
17.1587 	EXP 	eyetracker.setRecordingState(False)
17.1657 	EXP 	eyetracker.setRecordingState(False)
17.1725 	EXP 	eyetracker.setRecordingState(False)
17.1795 	EXP 	eyetracker.setRecordingState(False)
17.1865 	EXP 	eyetracker.setRecordingState(False)
17.1936 	EXP 	eyetracker.setRecordingState(False)
17.2005 	EXP 	eyetracker.setRecordingState(False)
17.2071 	EXP 	eyetracker.setRecordingState(False)
17.2143 	EXP 	eyetracker.setRecordingState(False)
17.2212 	EXP 	eyetracker.setRecordingState(False)
17.2282 	EXP 	eyetracker.setRecordingState(False)
17.2399 	EXP 	eyetracker.setRecordingState(False)
17.2453 	DATA 	Mouse: Left button down, pos=(857,517)
17.2499 	EXP 	eyetracker.setRecordingState(False)
17.2529 	EXP 	text_instr_2: autoDraw = False
17.2529 	EXP 	goldi: autoDraw = False
17.2529 	EXP 	elephanthouse: autoDraw = False
17.2529 	EXP 	krest: autoDraw = False
17.2529 	EXP 	pussalla: autoDraw = False
17.2529 	EXP 	text_16: autoDraw = False
17.2529 	EXP 	text_17: autoDraw = False
17.2529 	EXP 	text_18: autoDraw = False
17.2529 	EXP 	text_19: autoDraw = False
17.2531 	EXP 	Cheese: status = STOPPED
17.2824 	INFO 	saved data to 'C:\\Users\\M S I\\OneDrive\\Documents\\GitHub\\Research-Project\\data\\822647_Cheese_2026-04-14_06h38.52.019.csv'
17.2841 	INFO 	saved data to C:\Users\M S I\OneDrive\Documents\GitHub\Research-Project\data\822647_Cheese_2026-04-14_06h38.52.019.psydat
