21.7000 	INFO 	Loaded monitor calibration from ['2025_12_23 12:18']
21.8877 	WARNING 	User requested fullscreen with size [1024  768], but screen is actually [1920, 1080]. Using actual size
27.8025 	INFO 	Using renderer 'Intel(R) UHD Graphics' for graphics
27.8026 	INFO 	OpenGL version supported by driver is 4..
28.0052 	EXP 	Created window1 = Window(allowGUI=True, allowStencil=False, autoLog=True, backendConf=UNKNOWN, backgroundFit=<method-wrapper '__getattribute__' of attributeSetter object at 0x00000201AB001C90>, backgroundImage=<method-wrapper '__getattribute__' of attributeSetter object at 0x00000201AB000E80>, bitsMode=UNKNOWN, blendMode='avg', bpc=(8, 8, 8), color=array([-1., -1., -1.]), colorSpace='rgb', depthBits=8, fullscr=True, gamma=None, gammaErrorPolicy='raise', infoMsg=UNKNOWN, lms=UNKNOWN, monitor=<psychopy.monitors.calibTools.Monitor object at 0x00000201ACA2A380>, multiSample=False, name='window1', numSamples=2, pos=[np.float64(0.0), np.float64(0.0)], screen=0, size=array([1920, 1080]), stencilBits=0, stereo=False, title='PsychoPy', units='height', useFBO=True, useRetina=False, viewOri=0.0, viewPos=None, viewScale=None, waitBlanking=True, winType='pyglet')
28.0056 	EXP 	window1: backgroundImage = ''
28.0056 	EXP 	window1: backgroundFit = 'none'
28.8381 	EXP 	window1: Attempting to measure frame rate of screen (0) ...
28.8381 	EXP 	window1: recordFrameIntervals = False
28.9525 	EXP 	window1: recordFrameIntervals = True
29.3967 	DATA 	Mouse: Left button down, pos=(845,723)
29.9084 	WARNING 	Couldn't measure a consistent frame rate!
  - Is your graphics card set to sync to vertical blank?
  - Are you running other processes on your computer?

45.8358 	INFO 	keyboard.Keyboard is using iohub backend.
45.8359 	EXP 	Cheese: status = STARTED
46.4127 	EXP 	Created text = TextStim(__class__=<class 'psychopy.visual.text.TextStim'>, alignHoriz=method-wrapper(...), alignText='center', alignVert=method-wrapper(...), anchorHoriz='center', anchorVert='center', antialias=True, autoDraw=False, autoLog=True, bold=False, color=array([1., 1., 1.]), colorSpace='rgb', contrast=1.0, depth=0.0, draggable=False, flipHoriz=False, flipVert=False, font='Arial', fontFiles=[], height=0.05, italic=False, languageStyle='LTR', name='text', opacity=1, ori=0.0, pos=array([0. , 0.3]), rgb=UNKNOWN, text='', units='height', win=Window(...), wrapWidth=1)
46.5638 	EXP 	Created ambewela = ImageStim(__class__=<class 'psychopy.visual.image.ImageStim'>, anchor=('center', 'center'), autoLog=True, color=array([1., 1., 1.]), colorSpace='rgb', contrast=1.0, depth=-1.0, draggable=False, flipHoriz=np.False_, flipVert=np.False_, image='default.png', interpolate=True, mask=None, maskParams=None, name='ambewela', opacity=1.0, ori=0.0, pos=array([-0.6,  0. ]), size=array([0.2, 0.2]), texRes=128.0, units='height', win=Window(...))
46.5782 	EXP 	Created kothmale = ImageStim(__class__=<class 'psychopy.visual.image.ImageStim'>, anchor=('center', 'center'), autoLog=True, color=array([1., 1., 1.]), colorSpace='rgb', contrast=1.0, depth=-2.0, draggable=False, flipHoriz=np.False_, flipVert=np.False_, image='default.png', interpolate=True, mask=None, maskParams=None, name='kothmale', opacity=1.0, ori=0.0, pos=array([-0.3,  0. ]), size=array([0.2, 0.2]), texRes=128.0, units='height', win=Window(...))
46.5974 	EXP 	Created happycow = ImageStim(__class__=<class 'psychopy.visual.image.ImageStim'>, anchor=('center', 'center'), autoLog=True, color=array([1., 1., 1.]), colorSpace='rgb', contrast=1.0, depth=-3.0, draggable=False, flipHoriz=np.False_, flipVert=np.False_, image='default.png', interpolate=True, mask=None, maskParams=None, name='happycow', opacity=1.0, ori=0.0, pos=array([0., 0.]), size=array([0.2, 0.2]), texRes=128.0, units='height', win=Window(...))
46.6094 	EXP 	Created kraft = ImageStim(__class__=<class 'psychopy.visual.image.ImageStim'>, anchor=('center', 'center'), autoLog=True, color=array([1., 1., 1.]), colorSpace='rgb', contrast=1.0, depth=-4.0, draggable=False, flipHoriz=np.False_, flipVert=np.False_, image='default.png', interpolate=True, mask=None, maskParams=None, name='kraft', opacity=1.0, ori=0.0, pos=array([0.3, 0. ]), size=array([0.2, 0.2]), texRes=128.0, units='height', win=Window(...))
46.6225 	EXP 	Created richlife = ImageStim(__class__=<class 'psychopy.visual.image.ImageStim'>, anchor=('center', 'center'), autoLog=True, color=array([1., 1., 1.]), colorSpace='rgb', contrast=1.0, depth=-5.0, draggable=False, flipHoriz=np.False_, flipVert=np.False_, image='default.png', interpolate=True, mask=None, maskParams=None, name='richlife', opacity=1.0, ori=0.0, pos=array([0.6, 0. ]), size=array([0.2, 0.2]), texRes=128.0, units='height', win=Window(...))
48.0962 	EXP 	Created text_2 = TextStim(__class__=<class 'psychopy.visual.text.TextStim'>, alignHoriz=method-wrapper(...), alignText='center', alignVert=method-wrapper(...), anchorHoriz='center', anchorVert='center', antialias=True, autoDraw=False, autoLog=True, bold=False, color=array([1., 1., 1.]), colorSpace='rgb', contrast=1.0, depth=-6.0, draggable=False, flipHoriz=False, flipVert=False, font='Arial', fontFiles=[], height=np.float64(0.02), italic=False, languageStyle='LTR', name='text_2', opacity=1, ori=0.0, pos=array([-0.6, -0.3]), rgb=UNKNOWN, text=str(...), units='height', win=Window(...), wrapWidth=1)
48.1232 	EXP 	Created text_3 = TextStim(__class__=<class 'psychopy.visual.text.TextStim'>, alignHoriz=method-wrapper(...), alignText='center', alignVert=method-wrapper(...), anchorHoriz='center', anchorVert='center', antialias=True, autoDraw=False, autoLog=True, bold=False, color=array([1., 1., 1.]), colorSpace='rgb', contrast=1.0, depth=-7.0, draggable=False, flipHoriz=False, flipVert=False, font='Arial', fontFiles=[], height=np.float64(0.02), italic=False, languageStyle='LTR', name='text_3', opacity=1, ori=0.0, pos=array([-0.3, -0.3]), rgb=UNKNOWN, text='Kothmale Cheddar\n250 g \nRs 1300', units='height', win=Window(...), wrapWidth=1)
48.1425 	EXP 	Created text_4 = TextStim(__class__=<class 'psychopy.visual.text.TextStim'>, alignHoriz=method-wrapper(...), alignText='center', alignVert=method-wrapper(...), anchorHoriz='center', anchorVert='center', antialias=True, autoDraw=False, autoLog=True, bold=False, color=array([1., 1., 1.]), colorSpace='rgb', contrast=1.0, depth=-8.0, draggable=False, flipHoriz=False, flipVert=False, font='Arial', fontFiles=[], height=np.float64(0.02), italic=False, languageStyle='LTR', name='text_4', opacity=1, ori=0.0, pos=array([ 0. , -0.3]), rgb=UNKNOWN, text='HappyCow Cheese\n340 g\nRs 1200', units='height', win=Window(...), wrapWidth=1)
48.1612 	EXP 	Created text_5 = TextStim(__class__=<class 'psychopy.visual.text.TextStim'>, alignHoriz=method-wrapper(...), alignText='center', alignVert=method-wrapper(...), anchorHoriz='center', anchorVert='center', antialias=True, autoDraw=False, autoLog=True, bold=False, color=array([1., 1., 1.]), colorSpace='rgb', contrast=1.0, depth=-9.0, draggable=False, flipHoriz=False, flipVert=False, font='Arial', fontFiles=[], height=np.float64(0.02), italic=False, languageStyle='LTR', name='text_5', opacity=1, ori=0.0, pos=array([ 0.3, -0.3]), rgb=UNKNOWN, text='Kraft Cheddar Cheese\n250 g\nRs 2590', units='height', win=Window(...), wrapWidth=1)
48.1742 	EXP 	Created text_6 = TextStim(__class__=<class 'psychopy.visual.text.TextStim'>, alignHoriz=method-wrapper(...), alignText='center', alignVert=method-wrapper(...), anchorHoriz='center', anchorVert='center', antialias=True, autoDraw=False, autoLog=True, bold=False, color=array([1., 1., 1.]), colorSpace='rgb', contrast=1.0, depth=-10.0, draggable=False, flipHoriz=False, flipVert=False, font='Arial', fontFiles=[], height=np.float64(0.02), italic=False, languageStyle='LTR', name='text_6', opacity=1, ori=0.0, pos=array([ 0.6, -0.3]), rgb=UNKNOWN, text='Rich Life Cheddar Cheese\n100 g\nRs 625', units='height', win=Window(...), wrapWidth=1)
48.2254 	EXP 	Created text_7 = TextStim(__class__=<class 'psychopy.visual.text.TextStim'>, alignHoriz=method-wrapper(...), alignText='center', alignVert=method-wrapper(...), anchorHoriz='center', anchorVert='center', antialias=True, autoDraw=False, autoLog=True, bold=False, color=array([1., 1., 1.]), colorSpace='rgb', contrast=1.0, depth=0.0, draggable=False, flipHoriz=False, flipVert=False, font='Arial', fontFiles=[], height=np.float64(0.05), italic=False, languageStyle='LTR', name='text_7', opacity=1, ori=0.0, pos=array([0. , 0.3]), rgb=UNKNOWN, text='Which one are you going to buy ?', units='height', win=Window(...), wrapWidth=1)
48.2387 	EXP 	Created highlandYoghurt = ImageStim(__class__=<class 'psychopy.visual.image.ImageStim'>, anchor=('center', 'center'), autoLog=True, color=array([1., 1., 1.]), colorSpace='rgb', contrast=1.0, depth=-1.0, draggable=False, flipHoriz=np.False_, flipVert=np.False_, image='Highland yp.jpg', interpolate=True, mask=None, maskParams=None, name='highlandYoghurt', opacity=1, ori=0.0, pos=array([-0.4,  0. ]), size=array([0.2, 0.2]), texRes=128.0, units='height', win=Window(...))
48.2474 	EXP 	Created anchoryoghurt = ImageStim(__class__=<class 'psychopy.visual.image.ImageStim'>, anchor=('center', 'center'), autoLog=True, color=array([1., 1., 1.]), colorSpace='rgb', contrast=1.0, depth=-2.0, draggable=False, flipHoriz=np.False_, flipVert=np.False_, image='anchor youghurt.jpg', interpolate=True, mask=None, maskParams=None, name='anchoryoghurt', opacity=1, ori=0.0, pos=array([-0.1,  0. ]), size=array([0.2, 0.2]), texRes=128.0, units='height', win=Window(...))
48.2549 	EXP 	Created ambewelayoghurt = ImageStim(__class__=<class 'psychopy.visual.image.ImageStim'>, anchor=('center', 'center'), autoLog=True, color=array([1., 1., 1.]), colorSpace='rgb', contrast=1.0, depth=-3.0, draggable=False, flipHoriz=np.False_, flipVert=np.False_, image='ambewela yoghurt.jpg', interpolate=True, mask=None, maskParams=None, name='ambewelayoghurt', opacity=1, ori=0.0, pos=array([0.2, 0. ]), size=array([0.2, 0.2]), texRes=128.0, units='height', win=Window(...))
48.2652 	EXP 	Created pelawatteyoghurt = ImageStim(__class__=<class 'psychopy.visual.image.ImageStim'>, anchor=('center', 'center'), autoLog=True, color=array([1., 1., 1.]), colorSpace='rgb', contrast=1.0, depth=-4.0, draggable=False, flipHoriz=np.False_, flipVert=np.False_, image='pelawatteypughurt.jpeg', interpolate=True, mask=None, maskParams=None, name='pelawatteyoghurt', opacity=1, ori=0.0, pos=array([0.5, 0. ]), size=array([0.2, 0.2]), texRes=128.0, units='height', win=Window(...))
48.2839 	EXP 	Created text_8 = TextStim(__class__=<class 'psychopy.visual.text.TextStim'>, alignHoriz=method-wrapper(...), alignText='center', alignVert=method-wrapper(...), anchorHoriz='center', anchorVert='center', antialias=True, autoDraw=False, autoLog=True, bold=False, color=array([1., 1., 1.]), colorSpace='rgb', contrast=1.0, depth=-5.0, draggable=False, flipHoriz=False, flipVert=False, font='Arial', fontFiles=[], height=np.float64(0.02), italic=False, languageStyle='LTR', name='text_8', opacity=1, ori=0.0, pos=array([-0.4, -0.3]), rgb=UNKNOWN, text=str(...), units='height', win=Window(...), wrapWidth=1)
48.2930 	EXP 	Created text_9 = TextStim(__class__=<class 'psychopy.visual.text.TextStim'>, alignHoriz=method-wrapper(...), alignText='center', alignVert=method-wrapper(...), anchorHoriz='center', anchorVert='center', antialias=True, autoDraw=False, autoLog=True, bold=False, color=array([1., 1., 1.]), colorSpace='rgb', contrast=1.0, depth=-6.0, draggable=False, flipHoriz=False, flipVert=False, font='Arial', fontFiles=[], height=np.float64(0.02), italic=False, languageStyle='LTR', name='text_9', opacity=1, ori=0.0, pos=array([-0.1, -0.3]), rgb=UNKNOWN, text='Anchor Yoghurt\n     80 g\n   Rs 70', units='height', win=Window(...), wrapWidth=1)
48.3040 	EXP 	Created text_10 = TextStim(__class__=<class 'psychopy.visual.text.TextStim'>, alignHoriz=method-wrapper(...), alignText='center', alignVert=method-wrapper(...), anchorHoriz='center', anchorVert='center', antialias=True, autoDraw=False, autoLog=True, bold=False, color=array([1., 1., 1.]), colorSpace='rgb', contrast=1.0, depth=-7.0, draggable=False, flipHoriz=False, flipVert=False, font='Arial', fontFiles=[], height=np.float64(0.02), italic=False, languageStyle='LTR', name='text_10', opacity=1, ori=0.0, pos=array([ 0.2, -0.3]), rgb=UNKNOWN, text='Ambewela Yoghurt\n      80 g\n     Rs 70', units='height', win=Window(...), wrapWidth=1)
48.3133 	EXP 	Created text_11 = TextStim(__class__=<class 'psychopy.visual.text.TextStim'>, alignHoriz=method-wrapper(...), alignText='center', alignVert=method-wrapper(...), anchorHoriz='center', anchorVert='center', antialias=True, autoDraw=False, autoLog=True, bold=False, color=array([1., 1., 1.]), colorSpace='rgb', contrast=1.0, depth=-8.0, draggable=False, flipHoriz=False, flipVert=False, font='Arial', fontFiles=[], height=np.float64(0.02), italic=False, languageStyle='LTR', name='text_11', opacity=1, ori=0.0, pos=array([ 0.5, -0.3]), rgb=UNKNOWN, text='Pelawatte Yoghurt\n       80 g\n      Rs  50', units='height', win=Window(...), wrapWidth=1)
48.3204 	EXP 	Created text_12 = TextStim(__class__=<class 'psychopy.visual.text.TextStim'>, alignHoriz=method-wrapper(...), alignText='center', alignVert=method-wrapper(...), anchorHoriz='center', anchorVert='center', antialias=True, autoDraw=False, autoLog=True, bold=False, color=array([1., 1., 1.]), colorSpace='rgb', contrast=1.0, depth=0.0, draggable=False, flipHoriz=False, flipVert=False, font='Arial', fontFiles=[], height=np.float64(0.05), italic=False, languageStyle='LTR', name='text_12', opacity=1, ori=0.0, pos=array([0. , 0.3]), rgb=UNKNOWN, text='Which one are you going to buy?', units='height', win=Window(...), wrapWidth=1)
48.3893 	EXP 	Created fortune = ImageStim(__class__=<class 'psychopy.visual.image.ImageStim'>, anchor=('center', 'center'), autoLog=True, color=array([1., 1., 1.]), colorSpace='rgb', contrast=1.0, depth=-1.0, draggable=False, flipHoriz=np.False_, flipVert=np.False_, image='fortune.jpg', interpolate=True, mask=None, maskParams=None, name='fortune', opacity=1, ori=0.0, pos=array([-0.5,  0. ]), size=array([0.2, 0.2]), texRes=128.0, units='height', win=Window(...))
48.4248 	EXP 	Created marina = ImageStim(__class__=<class 'psychopy.visual.image.ImageStim'>, anchor=('center', 'center'), autoLog=True, color=array([1., 1., 1.]), colorSpace='rgb', contrast=1.0, depth=-2.0, draggable=False, flipHoriz=np.False_, flipVert=np.False_, image='marina.jpeg', interpolate=True, mask=None, maskParams=None, name='marina', opacity=1, ori=0.0, pos=array([0., 0.]), size=array([0.2, 0.2]), texRes=128.0, units='height', win=Window(...))
48.6151 	EXP 	Created Njoy = ImageStim(__class__=<class 'psychopy.visual.image.ImageStim'>, anchor=('center', 'center'), autoLog=True, color=array([1., 1., 1.]), colorSpace='rgb', contrast=1.0, depth=-3.0, draggable=False, flipHoriz=np.False_, flipVert=np.False_, image='Njoy.jpg', interpolate=True, mask=None, maskParams=None, name='Njoy', opacity=1, ori=0.0, pos=array([0.5, 0. ]), size=array([0.2, 0.2]), texRes=128.0, units='height', win=Window(...))
48.6409 	EXP 	Created text_13 = TextStim(__class__=<class 'psychopy.visual.text.TextStim'>, alignHoriz=method-wrapper(...), alignText='center', alignVert=method-wrapper(...), anchorHoriz='center', anchorVert='center', antialias=True, autoDraw=False, autoLog=True, bold=False, color=array([1., 1., 1.]), colorSpace='rgb', contrast=1.0, depth=-4.0, draggable=False, flipHoriz=False, flipVert=False, font='Arial', fontFiles=[], height=np.float64(0.02), italic=False, languageStyle='LTR', name='text_13', opacity=1, ori=0.0, pos=array([-0.5, -0.3]), rgb=UNKNOWN, text=str(...), units='height', win=Window(...), wrapWidth=1)
48.6608 	EXP 	Created text_14 = TextStim(__class__=<class 'psychopy.visual.text.TextStim'>, alignHoriz=method-wrapper(...), alignText='center', alignVert=method-wrapper(...), anchorHoriz='center', anchorVert='center', antialias=True, autoDraw=False, autoLog=True, bold=False, color=array([1., 1., 1.]), colorSpace='rgb', contrast=1.0, depth=-5.0, draggable=False, flipHoriz=False, flipVert=False, font='Arial', fontFiles=[], height=np.float64(0.02), italic=False, languageStyle='LTR', name='text_14', opacity=1, ori=0.0, pos=array([ 0. , -0.3]), rgb=UNKNOWN, text=str(...), units='height', win=Window(...), wrapWidth=1)
48.6752 	EXP 	Created text_15 = TextStim(__class__=<class 'psychopy.visual.text.TextStim'>, alignHoriz=method-wrapper(...), alignText='center', alignVert=method-wrapper(...), anchorHoriz='center', anchorVert='center', antialias=True, autoDraw=False, autoLog=True, bold=False, color=array([1., 1., 1.]), colorSpace='rgb', contrast=1.0, depth=-6.0, draggable=False, flipHoriz=False, flipVert=False, font='Arial', fontFiles=[], height=np.float64(0.02), italic=False, languageStyle='LTR', name='text_15', opacity=1, ori=0.0, pos=array([ 0.5, -0.3]), rgb=UNKNOWN, text=str(...), units='height', win=Window(...), wrapWidth=1)
48.7220 	EXP 	Created text_instr = TextStim(__class__=<class 'psychopy.visual.text.TextStim'>, alignHoriz=method-wrapper(...), alignText='center', alignVert=method-wrapper(...), anchorHoriz='center', anchorVert='center', antialias=True, autoDraw=False, autoLog=True, bold=False, color=array([1., 1., 1.]), colorSpace='rgb', contrast=1.0, depth=0.0, draggable=False, flipHoriz=False, flipVert=False, font='Arial', fontFiles=[], height=np.float64(0.04), italic=False, languageStyle='LTR', name='text_instr', opacity=1, ori=0.0, pos=array([0. , 0.3]), rgb=UNKNOWN, text='Which one are you going to buy?', units='height', win=Window(...), wrapWidth=1)
48.7473 	EXP 	Created kandos = ImageStim(__class__=<class 'psychopy.visual.image.ImageStim'>, anchor=('center', 'center'), autoLog=True, color=array([1., 1., 1.]), colorSpace='rgb', contrast=1.0, depth=-1.0, draggable=False, flipHoriz=np.False_, flipVert=np.False_, image='Kandos.jpeg', interpolate=True, mask=None, maskParams=None, name='kandos', opacity=1, ori=0.0, pos=array([-0.4,  0. ]), size=array([0.2, 0.2]), texRes=128.0, units='height', win=Window(...))
48.7657 	EXP 	Created ritzbury = ImageStim(__class__=<class 'psychopy.visual.image.ImageStim'>, anchor=('center', 'center'), autoLog=True, color=array([1., 1., 1.]), colorSpace='rgb', contrast=1.0, depth=-2.0, draggable=False, flipHoriz=np.False_, flipVert=np.False_, image='ritzbury.jpg', interpolate=True, mask=None, maskParams=None, name='ritzbury', opacity=1.0, ori=0.0, pos=array([-0.1,  0. ]), size=array([0.2, 0.2]), texRes=128.0, units='height', win=Window(...))
48.7777 	EXP 	Created revello = ImageStim(__class__=<class 'psychopy.visual.image.ImageStim'>, anchor=('center', 'center'), autoLog=True, color=array([1., 1., 1.]), colorSpace='rgb', contrast=1.0, depth=-3.0, draggable=False, flipHoriz=np.False_, flipVert=np.False_, image='revello.jpg', interpolate=True, mask=None, maskParams=None, name='revello', opacity=1, ori=0.0, pos=array([0.2, 0. ]), size=array([0.2, 0.2]), texRes=128.0, units='height', win=Window(...))
48.8347 	EXP 	Created cadbury = ImageStim(__class__=<class 'psychopy.visual.image.ImageStim'>, anchor=('center', 'center'), autoLog=True, color=array([1., 1., 1.]), colorSpace='rgb', contrast=1.0, depth=-4.0, draggable=False, flipHoriz=np.False_, flipVert=np.False_, image='cadbury.jpg', interpolate=True, mask=None, maskParams=None, name='cadbury', opacity=1, ori=0.0, pos=array([0.5, 0. ]), size=array([0.2, 0.2]), texRes=128.0, units='height', win=Window(...))
48.8783 	EXP 	Created text_20 = TextStim(__class__=<class 'psychopy.visual.text.TextStim'>, alignHoriz=method-wrapper(...), alignText='center', alignVert=method-wrapper(...), anchorHoriz='center', anchorVert='center', antialias=True, autoDraw=False, autoLog=True, bold=False, color=array([1., 1., 1.]), colorSpace='rgb', contrast=1.0, depth=-8.0, draggable=False, flipHoriz=False, flipVert=False, font='Arial', fontFiles=[], height=np.float64(0.02), italic=False, languageStyle='LTR', name='text_20', opacity=1, ori=0.0, pos=array([-0.4, -0.3]), rgb=UNKNOWN, text='Kandos Chocolate\n        90 g\n    Rs  600', units='height', win=Window(...), wrapWidth=1)
48.9024 	EXP 	Created text_21 = TextStim(__class__=<class 'psychopy.visual.text.TextStim'>, alignHoriz=method-wrapper(...), alignText='center', alignVert=method-wrapper(...), anchorHoriz='center', anchorVert='center', antialias=True, autoDraw=False, autoLog=True, bold=False, color=array([1., 1., 1.]), colorSpace='rgb', contrast=1.0, depth=-9.0, draggable=False, flipHoriz=False, flipVert=False, font='Arial', fontFiles=[], height=np.float64(0.02), italic=False, languageStyle='LTR', name='text_21', opacity=1, ori=0.0, pos=array([-0.1, -0.3]), rgb=UNKNOWN, text=str(...), units='height', win=Window(...), wrapWidth=1)
48.9312 	EXP 	Created text_22 = TextStim(__class__=<class 'psychopy.visual.text.TextStim'>, alignHoriz=method-wrapper(...), alignText='center', alignVert=method-wrapper(...), anchorHoriz='center', anchorVert='center', antialias=True, autoDraw=False, autoLog=True, bold=False, color=array([1., 1., 1.]), colorSpace='rgb', contrast=1.0, depth=-10.0, draggable=False, flipHoriz=False, flipVert=False, font='Arial', fontFiles=[], height=np.float64(0.02), italic=False, languageStyle='LTR', name='text_22', opacity=1, ori=0.0, pos=array([ 0.2, -0.3]), rgb=UNKNOWN, text=str(...), units='height', win=Window(...), wrapWidth=1)
48.9677 	EXP 	Created text_23 = TextStim(__class__=<class 'psychopy.visual.text.TextStim'>, alignHoriz=method-wrapper(...), alignText='center', alignVert=method-wrapper(...), anchorHoriz='center', anchorVert='center', antialias=True, autoDraw=False, autoLog=True, bold=False, color=array([1., 1., 1.]), colorSpace='rgb', contrast=1.0, depth=-11.0, draggable=False, flipHoriz=False, flipVert=False, font='Arial', fontFiles=[], height=np.float64(0.02), italic=False, languageStyle='LTR', name='text_23', opacity=1, ori=0.0, pos=array([ 0.5, -0.3]), rgb=UNKNOWN, text=str(...), units='height', win=Window(...), wrapWidth=1)
48.9851 	EXP 	Created text_instr_2 = TextStim(__class__=<class 'psychopy.visual.text.TextStim'>, alignHoriz=method-wrapper(...), alignText='center', alignVert=method-wrapper(...), anchorHoriz='center', anchorVert='center', antialias=True, autoDraw=False, autoLog=True, bold=False, color=array([1., 1., 1.]), colorSpace='rgb', contrast=1.0, depth=0.0, draggable=False, flipHoriz=False, flipVert=False, font='Arial', fontFiles=[], height=np.float64(0.04), italic=False, languageStyle='LTR', name='text_instr_2', opacity=1, ori=0.0, pos=array([0. , 0.3]), rgb=UNKNOWN, text='Which one are going to buy', units='height', win=Window(...), wrapWidth=1)
49.0106 	EXP 	Created goldi = ImageStim(__class__=<class 'psychopy.visual.image.ImageStim'>, anchor=('center', 'center'), autoLog=True, color=array([1., 1., 1.]), colorSpace='rgb', contrast=1.0, depth=-1.0, draggable=False, flipHoriz=np.False_, flipVert=np.False_, image='goldi.jpg', interpolate=True, mask=None, maskParams=None, name='goldi', opacity=1, ori=0.0, pos=array([-0.4,  0. ]), size=array([0.2, 0.2]), texRes=128.0, units='height', win=Window(...))
49.0825 	EXP 	Created elephanthouse = ImageStim(__class__=<class 'psychopy.visual.image.ImageStim'>, anchor=('center', 'center'), autoLog=True, color=array([1., 1., 1.]), colorSpace='rgb', contrast=1.0, depth=-2.0, draggable=False, flipHoriz=np.False_, flipVert=np.False_, image='elephanthousre.jpg', interpolate=True, mask=None, maskParams=None, name='elephanthouse', opacity=1, ori=0.0, pos=array([-0.1,  0. ]), size=array([0.2, 0.2]), texRes=128.0, units='height', win=Window(...))
49.0920 	EXP 	Created krest = ImageStim(__class__=<class 'psychopy.visual.image.ImageStim'>, anchor=('center', 'center'), autoLog=True, color=array([1., 1., 1.]), colorSpace='rgb', contrast=1.0, depth=-3.0, draggable=False, flipHoriz=np.False_, flipVert=np.False_, image='krest.jpg', interpolate=True, mask=None, maskParams=None, name='krest', opacity=1, ori=0.0, pos=array([0.2, 0. ]), size=array([0.2, 0.2]), texRes=128.0, units='height', win=Window(...))
49.1161 	EXP 	Created pussalla = ImageStim(__class__=<class 'psychopy.visual.image.ImageStim'>, anchor=('center', 'center'), autoLog=True, color=array([1., 1., 1.]), colorSpace='rgb', contrast=1.0, depth=-4.0, draggable=False, flipHoriz=np.False_, flipVert=np.False_, image='pussalla.jpeg', interpolate=True, mask=None, maskParams=None, name='pussalla', opacity=1, ori=0.0, pos=array([0.5, 0. ]), size=array([0.2, 0.2]), texRes=128.0, units='height', win=Window(...))
49.1306 	EXP 	Created text_16 = TextStim(__class__=<class 'psychopy.visual.text.TextStim'>, alignHoriz=method-wrapper(...), alignText='center', alignVert=method-wrapper(...), anchorHoriz='center', anchorVert='center', antialias=True, autoDraw=False, autoLog=True, bold=False, color=array([1., 1., 1.]), colorSpace='rgb', contrast=1.0, depth=-6.0, draggable=False, flipHoriz=False, flipVert=False, font='Arial', fontFiles=[], height=np.float64(0.02), italic=False, languageStyle='LTR', name='text_16', opacity=1, ori=0.0, pos=array([-0.4, -0.3]), rgb=UNKNOWN, text=str(...), units='height', win=Window(...), wrapWidth=1)
49.1468 	EXP 	Created text_17 = TextStim(__class__=<class 'psychopy.visual.text.TextStim'>, alignHoriz=method-wrapper(...), alignText='center', alignVert=method-wrapper(...), anchorHoriz='center', anchorVert='center', antialias=True, autoDraw=False, autoLog=True, bold=False, color=array([1., 1., 1.]), colorSpace='rgb', contrast=1.0, depth=-7.0, draggable=False, flipHoriz=False, flipVert=False, font='Arial', fontFiles=[], height=np.float64(0.02), italic=False, languageStyle='LTR', name='text_17', opacity=1, ori=0.0, pos=array([-0.1, -0.3]), rgb=UNKNOWN, text=str(...), units='height', win=Window(...), wrapWidth=1)
49.1594 	EXP 	Created text_18 = TextStim(__class__=<class 'psychopy.visual.text.TextStim'>, alignHoriz=method-wrapper(...), alignText='center', alignVert=method-wrapper(...), anchorHoriz='center', anchorVert='center', antialias=True, autoDraw=False, autoLog=True, bold=False, color=array([1., 1., 1.]), colorSpace='rgb', contrast=1.0, depth=-8.0, draggable=False, flipHoriz=False, flipVert=False, font='Arial', fontFiles=[], height=np.float64(0.02), italic=False, languageStyle='LTR', name='text_18', opacity=1, ori=0.0, pos=array([ 0.2, -0.3]), rgb=UNKNOWN, text=str(...), units='height', win=Window(...), wrapWidth=1)
49.1702 	EXP 	Created text_19 = TextStim(__class__=<class 'psychopy.visual.text.TextStim'>, alignHoriz=method-wrapper(...), alignText='center', alignVert=method-wrapper(...), anchorHoriz='center', anchorVert='center', antialias=True, autoDraw=False, autoLog=True, bold=False, color=array([1., 1., 1.]), colorSpace='rgb', contrast=1.0, depth=-9.0, draggable=False, flipHoriz=False, flipVert=False, font='Arial', fontFiles=[], height=np.float64(0.02), italic=False, languageStyle='LTR', name='text_19', opacity=1, ori=0.0, pos=array([ 0.5, -0.3]), rgb=UNKNOWN, text=str(...), units='height', win=Window(...), wrapWidth=1)
0.0734 	DATA 	Mouse:  Left button up, pos=(972,806)
0.3384 	EXP 	eyetracker.setRecordingState(True)
0.3386 	EXP 	eyetracker.setRecordingState(False)
1.7643 	INFO 	Keyboard events cleared
1.7633 	WARNING 	t of last frame was 1560.84ms (=1/0)
1.7633 	EXP 	ambewela: image = 'ambewelacheese.jpg'
1.7633 	EXP 	kothmale: image = 'kothmale cheese.jpg'
1.7633 	EXP 	happycow: image = 'happycow.jpeg'
1.7633 	EXP 	kraft: image = 'Kraft cheese.jpeg'
1.7633 	EXP 	richlife: image = 'richlifecheese.jpg'
1.7633 	EXP 	text: autoDraw = True
1.7633 	EXP 	ambewela: autoDraw = True
1.7633 	EXP 	kothmale: autoDraw = True
1.7633 	EXP 	happycow: autoDraw = True
1.7633 	EXP 	kraft: autoDraw = True
1.7633 	EXP 	richlife: autoDraw = True
1.7633 	EXP 	text_2: autoDraw = True
1.7633 	EXP 	text_3: autoDraw = True
1.7633 	EXP 	text_4: autoDraw = True
1.7633 	EXP 	text_5: autoDraw = True
1.7633 	EXP 	text_6: autoDraw = True
1.7633 	EXP 	text: height = np.float64(0.05)
1.7633 	EXP 	text: height = np.float64(0.05)
1.7633 	EXP 	text: height = np.float64(0.05)
1.7633 	EXP 	text: text = 'Which one are you going to buy?'
1.8337 	EXP 	eyetracker.setRecordingState(False)
1.8421 	WARNING 	t of last frame was 78.76ms (=1/12)
1.8421 	EXP 	text: height = np.float64(0.05)
1.8421 	EXP 	text: height = np.float64(0.05)
1.8421 	EXP 	text: height = np.float64(0.05)
1.8421 	EXP 	text: text = 'Which one are you going to buy?'
1.8428 	EXP 	eyetracker.setRecordingState(False)
1.8601 	EXP 	text: height = np.float64(0.05)
1.8601 	EXP 	text: height = np.float64(0.05)
1.8601 	EXP 	text: height = np.float64(0.05)
1.8601 	EXP 	text: text = 'Which one are you going to buy?'
1.8609 	EXP 	eyetracker.setRecordingState(False)
1.8691 	EXP 	text: height = np.float64(0.05)
1.8691 	EXP 	text: height = np.float64(0.05)
1.8691 	EXP 	text: height = np.float64(0.05)
1.8691 	EXP 	text: text = 'Which one are you going to buy?'
1.8700 	EXP 	eyetracker.setRecordingState(False)
1.8793 	EXP 	text: height = np.float64(0.05)
1.8793 	EXP 	text: height = np.float64(0.05)
1.8793 	EXP 	text: height = np.float64(0.05)
1.8793 	EXP 	text: text = 'Which one are you going to buy?'
1.8803 	EXP 	eyetracker.setRecordingState(False)
1.8884 	EXP 	text: height = np.float64(0.05)
1.8884 	EXP 	text: height = np.float64(0.05)
1.8884 	EXP 	text: height = np.float64(0.05)
1.8884 	EXP 	text: text = 'Which one are you going to buy?'
1.8892 	EXP 	eyetracker.setRecordingState(False)
1.8974 	EXP 	text: height = np.float64(0.05)
1.8974 	EXP 	text: height = np.float64(0.05)
1.8974 	EXP 	text: height = np.float64(0.05)
1.8974 	EXP 	text: text = 'Which one are you going to buy?'
1.8982 	EXP 	eyetracker.setRecordingState(False)
1.9072 	EXP 	text: height = np.float64(0.05)
1.9072 	EXP 	text: height = np.float64(0.05)
1.9072 	EXP 	text: height = np.float64(0.05)
1.9072 	EXP 	text: text = 'Which one are you going to buy?'
1.9082 	EXP 	eyetracker.setRecordingState(False)
1.9160 	EXP 	text: height = np.float64(0.05)
1.9160 	EXP 	text: height = np.float64(0.05)
1.9160 	EXP 	text: height = np.float64(0.05)
1.9160 	EXP 	text: text = 'Which one are you going to buy?'
1.9169 	EXP 	eyetracker.setRecordingState(False)
1.9243 	EXP 	text: height = np.float64(0.05)
1.9243 	EXP 	text: height = np.float64(0.05)
1.9243 	EXP 	text: height = np.float64(0.05)
1.9243 	EXP 	text: text = 'Which one are you going to buy?'
1.9251 	EXP 	eyetracker.setRecordingState(False)
1.9321 	EXP 	text: height = np.float64(0.05)
1.9321 	EXP 	text: height = np.float64(0.05)
1.9321 	EXP 	text: height = np.float64(0.05)
1.9321 	EXP 	text: text = 'Which one are you going to buy?'
1.9329 	EXP 	eyetracker.setRecordingState(False)
1.9414 	EXP 	text: height = np.float64(0.05)
1.9414 	EXP 	text: height = np.float64(0.05)
1.9414 	EXP 	text: height = np.float64(0.05)
1.9414 	EXP 	text: text = 'Which one are you going to buy?'
1.9425 	EXP 	eyetracker.setRecordingState(False)
1.9504 	EXP 	text: height = np.float64(0.05)
1.9504 	EXP 	text: height = np.float64(0.05)
1.9504 	EXP 	text: height = np.float64(0.05)
1.9504 	EXP 	text: text = 'Which one are you going to buy?'
1.9512 	EXP 	eyetracker.setRecordingState(False)
1.9588 	EXP 	text: height = np.float64(0.05)
1.9588 	EXP 	text: height = np.float64(0.05)
1.9588 	EXP 	text: height = np.float64(0.05)
1.9588 	EXP 	text: text = 'Which one are you going to buy?'
1.9596 	EXP 	eyetracker.setRecordingState(False)
1.9676 	EXP 	text: height = np.float64(0.05)
1.9676 	EXP 	text: height = np.float64(0.05)
1.9676 	EXP 	text: height = np.float64(0.05)
1.9676 	EXP 	text: text = 'Which one are you going to buy?'
1.9682 	EXP 	eyetracker.setRecordingState(False)
1.9764 	EXP 	text: height = np.float64(0.05)
1.9764 	EXP 	text: height = np.float64(0.05)
1.9764 	EXP 	text: height = np.float64(0.05)
1.9764 	EXP 	text: text = 'Which one are you going to buy?'
1.9776 	EXP 	eyetracker.setRecordingState(False)
1.9848 	EXP 	text: height = np.float64(0.05)
1.9848 	EXP 	text: height = np.float64(0.05)
1.9848 	EXP 	text: height = np.float64(0.05)
1.9848 	EXP 	text: text = 'Which one are you going to buy?'
1.9855 	EXP 	eyetracker.setRecordingState(False)
1.9936 	EXP 	text: height = np.float64(0.05)
1.9936 	EXP 	text: height = np.float64(0.05)
1.9936 	EXP 	text: height = np.float64(0.05)
1.9936 	EXP 	text: text = 'Which one are you going to buy?'
1.9944 	EXP 	eyetracker.setRecordingState(False)
2.0020 	EXP 	text: height = np.float64(0.05)
2.0020 	EXP 	text: height = np.float64(0.05)
2.0020 	EXP 	text: height = np.float64(0.05)
2.0020 	EXP 	text: text = 'Which one are you going to buy?'
2.0028 	EXP 	eyetracker.setRecordingState(False)
2.0109 	EXP 	text: height = np.float64(0.05)
2.0109 	EXP 	text: height = np.float64(0.05)
2.0109 	EXP 	text: height = np.float64(0.05)
2.0109 	EXP 	text: text = 'Which one are you going to buy?'
2.0120 	EXP 	eyetracker.setRecordingState(False)
2.0212 	EXP 	text: height = np.float64(0.05)
2.0212 	EXP 	text: height = np.float64(0.05)
2.0212 	EXP 	text: height = np.float64(0.05)
2.0212 	EXP 	text: text = 'Which one are you going to buy?'
2.0220 	EXP 	eyetracker.setRecordingState(False)
2.0291 	EXP 	text: height = np.float64(0.05)
2.0291 	EXP 	text: height = np.float64(0.05)
2.0291 	EXP 	text: height = np.float64(0.05)
2.0291 	EXP 	text: text = 'Which one are you going to buy?'
2.0298 	EXP 	eyetracker.setRecordingState(False)
2.0385 	EXP 	text: height = np.float64(0.05)
2.0385 	EXP 	text: height = np.float64(0.05)
2.0385 	EXP 	text: height = np.float64(0.05)
2.0385 	EXP 	text: text = 'Which one are you going to buy?'
2.0394 	EXP 	eyetracker.setRecordingState(False)
2.0473 	EXP 	text: height = np.float64(0.05)
2.0473 	EXP 	text: height = np.float64(0.05)
2.0473 	EXP 	text: height = np.float64(0.05)
2.0473 	EXP 	text: text = 'Which one are you going to buy?'
2.0481 	EXP 	eyetracker.setRecordingState(False)
2.0557 	EXP 	text: height = np.float64(0.05)
2.0557 	EXP 	text: height = np.float64(0.05)
2.0557 	EXP 	text: height = np.float64(0.05)
2.0557 	EXP 	text: text = 'Which one are you going to buy?'
2.0564 	EXP 	eyetracker.setRecordingState(False)
2.0637 	EXP 	text: height = np.float64(0.05)
2.0637 	EXP 	text: height = np.float64(0.05)
2.0637 	EXP 	text: height = np.float64(0.05)
2.0637 	EXP 	text: text = 'Which one are you going to buy?'
2.0648 	EXP 	eyetracker.setRecordingState(False)
2.0738 	EXP 	text: height = np.float64(0.05)
2.0738 	EXP 	text: height = np.float64(0.05)
2.0738 	EXP 	text: height = np.float64(0.05)
2.0738 	EXP 	text: text = 'Which one are you going to buy?'
2.0744 	EXP 	eyetracker.setRecordingState(False)
2.0827 	EXP 	text: height = np.float64(0.05)
2.0827 	EXP 	text: height = np.float64(0.05)
2.0827 	EXP 	text: height = np.float64(0.05)
2.0827 	EXP 	text: text = 'Which one are you going to buy?'
2.0836 	EXP 	eyetracker.setRecordingState(False)
2.0930 	EXP 	text: height = np.float64(0.05)
2.0930 	EXP 	text: height = np.float64(0.05)
2.0930 	EXP 	text: height = np.float64(0.05)
2.0930 	EXP 	text: text = 'Which one are you going to buy?'
2.0938 	EXP 	eyetracker.setRecordingState(False)
2.1040 	EXP 	text: height = np.float64(0.05)
2.1040 	EXP 	text: height = np.float64(0.05)
2.1040 	EXP 	text: height = np.float64(0.05)
2.1040 	EXP 	text: text = 'Which one are you going to buy?'
2.1049 	EXP 	eyetracker.setRecordingState(False)
2.1148 	EXP 	text: height = np.float64(0.05)
2.1148 	EXP 	text: height = np.float64(0.05)
2.1148 	EXP 	text: height = np.float64(0.05)
2.1148 	EXP 	text: text = 'Which one are you going to buy?'
2.1156 	EXP 	eyetracker.setRecordingState(False)
2.1264 	EXP 	text: height = np.float64(0.05)
2.1264 	EXP 	text: height = np.float64(0.05)
2.1264 	EXP 	text: height = np.float64(0.05)
2.1264 	EXP 	text: text = 'Which one are you going to buy?'
2.1273 	EXP 	eyetracker.setRecordingState(False)
2.1349 	EXP 	text: height = np.float64(0.05)
2.1349 	EXP 	text: height = np.float64(0.05)
2.1349 	EXP 	text: height = np.float64(0.05)
2.1349 	EXP 	text: text = 'Which one are you going to buy?'
2.1358 	EXP 	eyetracker.setRecordingState(False)
2.1452 	EXP 	text: height = np.float64(0.05)
2.1452 	EXP 	text: height = np.float64(0.05)
2.1452 	EXP 	text: height = np.float64(0.05)
2.1452 	EXP 	text: text = 'Which one are you going to buy?'
2.1460 	EXP 	eyetracker.setRecordingState(False)
2.1536 	EXP 	text: height = np.float64(0.05)
2.1536 	EXP 	text: height = np.float64(0.05)
2.1536 	EXP 	text: height = np.float64(0.05)
2.1536 	EXP 	text: text = 'Which one are you going to buy?'
2.1543 	EXP 	eyetracker.setRecordingState(False)
2.1641 	EXP 	text: height = np.float64(0.05)
2.1641 	EXP 	text: height = np.float64(0.05)
2.1641 	EXP 	text: height = np.float64(0.05)
2.1641 	EXP 	text: text = 'Which one are you going to buy?'
2.1648 	EXP 	eyetracker.setRecordingState(False)
2.1744 	EXP 	text: height = np.float64(0.05)
2.1744 	EXP 	text: height = np.float64(0.05)
2.1744 	EXP 	text: height = np.float64(0.05)
2.1744 	EXP 	text: text = 'Which one are you going to buy?'
2.1751 	EXP 	eyetracker.setRecordingState(False)
2.1834 	EXP 	text: height = np.float64(0.05)
2.1834 	EXP 	text: height = np.float64(0.05)
2.1834 	EXP 	text: height = np.float64(0.05)
2.1834 	EXP 	text: text = 'Which one are you going to buy?'
2.1843 	EXP 	eyetracker.setRecordingState(False)
2.1922 	EXP 	text: height = np.float64(0.05)
2.1922 	EXP 	text: height = np.float64(0.05)
2.1922 	EXP 	text: height = np.float64(0.05)
2.1922 	EXP 	text: text = 'Which one are you going to buy?'
2.1929 	EXP 	eyetracker.setRecordingState(False)
2.2013 	EXP 	text: height = np.float64(0.05)
2.2013 	EXP 	text: height = np.float64(0.05)
2.2013 	EXP 	text: height = np.float64(0.05)
2.2013 	EXP 	text: text = 'Which one are you going to buy?'
2.2024 	EXP 	eyetracker.setRecordingState(False)
2.2121 	EXP 	text: height = np.float64(0.05)
2.2121 	EXP 	text: height = np.float64(0.05)
2.2121 	EXP 	text: height = np.float64(0.05)
2.2121 	EXP 	text: text = 'Which one are you going to buy?'
2.2129 	EXP 	eyetracker.setRecordingState(False)
2.2221 	EXP 	text: height = np.float64(0.05)
2.2221 	EXP 	text: height = np.float64(0.05)
2.2221 	EXP 	text: height = np.float64(0.05)
2.2221 	EXP 	text: text = 'Which one are you going to buy?'
2.2229 	EXP 	eyetracker.setRecordingState(False)
2.2315 	EXP 	text: height = np.float64(0.05)
2.2315 	EXP 	text: height = np.float64(0.05)
2.2315 	EXP 	text: height = np.float64(0.05)
2.2315 	EXP 	text: text = 'Which one are you going to buy?'
2.2325 	EXP 	eyetracker.setRecordingState(False)
2.2419 	EXP 	text: height = np.float64(0.05)
2.2419 	EXP 	text: height = np.float64(0.05)
2.2419 	EXP 	text: height = np.float64(0.05)
2.2419 	EXP 	text: text = 'Which one are you going to buy?'
2.2433 	EXP 	eyetracker.setRecordingState(False)
2.2520 	EXP 	text: height = np.float64(0.05)
2.2520 	EXP 	text: height = np.float64(0.05)
2.2520 	EXP 	text: height = np.float64(0.05)
2.2520 	EXP 	text: text = 'Which one are you going to buy?'
2.2527 	EXP 	eyetracker.setRecordingState(False)
2.2596 	EXP 	text: height = np.float64(0.05)
2.2596 	EXP 	text: height = np.float64(0.05)
2.2596 	EXP 	text: height = np.float64(0.05)
2.2596 	EXP 	text: text = 'Which one are you going to buy?'
2.2604 	EXP 	eyetracker.setRecordingState(False)
2.2711 	EXP 	text: height = np.float64(0.05)
2.2711 	EXP 	text: height = np.float64(0.05)
2.2711 	EXP 	text: height = np.float64(0.05)
2.2711 	EXP 	text: text = 'Which one are you going to buy?'
2.2719 	EXP 	eyetracker.setRecordingState(False)
2.2820 	EXP 	text: height = np.float64(0.05)
2.2820 	EXP 	text: height = np.float64(0.05)
2.2820 	EXP 	text: height = np.float64(0.05)
2.2820 	EXP 	text: text = 'Which one are you going to buy?'
2.2827 	EXP 	eyetracker.setRecordingState(False)
2.2908 	EXP 	text: height = np.float64(0.05)
2.2908 	EXP 	text: height = np.float64(0.05)
2.2908 	EXP 	text: height = np.float64(0.05)
2.2908 	EXP 	text: text = 'Which one are you going to buy?'
2.2915 	EXP 	eyetracker.setRecordingState(False)
2.3048 	EXP 	text: height = np.float64(0.05)
2.3048 	EXP 	text: height = np.float64(0.05)
2.3048 	EXP 	text: height = np.float64(0.05)
2.3048 	EXP 	text: text = 'Which one are you going to buy?'
2.3055 	EXP 	eyetracker.setRecordingState(False)
2.3219 	EXP 	text: height = np.float64(0.05)
2.3219 	EXP 	text: height = np.float64(0.05)
2.3219 	EXP 	text: height = np.float64(0.05)
2.3219 	EXP 	text: text = 'Which one are you going to buy?'
2.3235 	EXP 	eyetracker.setRecordingState(False)
2.3430 	WARNING 	t of last frame was 21.07ms (=1/47)
2.3430 	EXP 	text: height = np.float64(0.05)
2.3430 	EXP 	text: height = np.float64(0.05)
2.3430 	EXP 	text: height = np.float64(0.05)
2.3430 	EXP 	text: text = 'Which one are you going to buy?'
2.3451 	EXP 	eyetracker.setRecordingState(False)
2.3662 	WARNING 	t of last frame was 23.25ms (=1/43)
2.3662 	EXP 	text: height = np.float64(0.05)
2.3662 	EXP 	text: height = np.float64(0.05)
2.3662 	EXP 	text: height = np.float64(0.05)
2.3662 	EXP 	text: text = 'Which one are you going to buy?'
2.3684 	EXP 	eyetracker.setRecordingState(False)
2.3957 	WARNING 	Multiple dropped frames have occurred - I'll stop bothering you about them!
2.3956 	EXP 	text: height = np.float64(0.05)
2.3956 	EXP 	text: height = np.float64(0.05)
2.3956 	EXP 	text: height = np.float64(0.05)
2.3956 	EXP 	text: text = 'Which one are you going to buy?'
2.3976 	EXP 	eyetracker.setRecordingState(False)
2.4160 	EXP 	text: height = np.float64(0.05)
2.4160 	EXP 	text: height = np.float64(0.05)
2.4160 	EXP 	text: height = np.float64(0.05)
2.4160 	EXP 	text: text = 'Which one are you going to buy?'
2.4177 	EXP 	eyetracker.setRecordingState(False)
2.4331 	EXP 	text: height = np.float64(0.05)
2.4331 	EXP 	text: height = np.float64(0.05)
2.4331 	EXP 	text: height = np.float64(0.05)
2.4331 	EXP 	text: text = 'Which one are you going to buy?'
2.4345 	EXP 	eyetracker.setRecordingState(False)
2.4458 	EXP 	text: height = np.float64(0.05)
2.4458 	EXP 	text: height = np.float64(0.05)
2.4458 	EXP 	text: height = np.float64(0.05)
2.4458 	EXP 	text: text = 'Which one are you going to buy?'
2.4467 	EXP 	eyetracker.setRecordingState(False)
2.4550 	EXP 	text: height = np.float64(0.05)
2.4550 	EXP 	text: height = np.float64(0.05)
2.4550 	EXP 	text: height = np.float64(0.05)
2.4550 	EXP 	text: text = 'Which one are you going to buy?'
2.4558 	EXP 	eyetracker.setRecordingState(False)
2.4661 	EXP 	text: height = np.float64(0.05)
2.4661 	EXP 	text: height = np.float64(0.05)
2.4661 	EXP 	text: height = np.float64(0.05)
2.4661 	EXP 	text: text = 'Which one are you going to buy?'
2.4676 	EXP 	eyetracker.setRecordingState(False)
2.4828 	EXP 	text: height = np.float64(0.05)
2.4828 	EXP 	text: height = np.float64(0.05)
2.4828 	EXP 	text: height = np.float64(0.05)
2.4828 	EXP 	text: text = 'Which one are you going to buy?'
2.4846 	EXP 	eyetracker.setRecordingState(False)
2.5009 	EXP 	text: height = np.float64(0.05)
2.5009 	EXP 	text: height = np.float64(0.05)
2.5009 	EXP 	text: height = np.float64(0.05)
2.5009 	EXP 	text: text = 'Which one are you going to buy?'
2.5030 	EXP 	eyetracker.setRecordingState(False)
2.5263 	EXP 	text: height = np.float64(0.05)
2.5263 	EXP 	text: height = np.float64(0.05)
2.5263 	EXP 	text: height = np.float64(0.05)
2.5263 	EXP 	text: text = 'Which one are you going to buy?'
2.5296 	EXP 	eyetracker.setRecordingState(False)
2.5581 	EXP 	text: height = np.float64(0.05)
2.5581 	EXP 	text: height = np.float64(0.05)
2.5581 	EXP 	text: height = np.float64(0.05)
2.5581 	EXP 	text: text = 'Which one are you going to buy?'
2.5605 	EXP 	eyetracker.setRecordingState(False)
2.5949 	EXP 	text: height = np.float64(0.05)
2.5949 	EXP 	text: height = np.float64(0.05)
2.5949 	EXP 	text: height = np.float64(0.05)
2.5949 	EXP 	text: text = 'Which one are you going to buy?'
2.5980 	EXP 	eyetracker.setRecordingState(False)
2.6247 	EXP 	text: height = np.float64(0.05)
2.6247 	EXP 	text: height = np.float64(0.05)
2.6247 	EXP 	text: height = np.float64(0.05)
2.6247 	EXP 	text: text = 'Which one are you going to buy?'
2.6254 	EXP 	eyetracker.setRecordingState(False)
2.6493 	EXP 	text: height = np.float64(0.05)
2.6493 	EXP 	text: height = np.float64(0.05)
2.6493 	EXP 	text: height = np.float64(0.05)
2.6493 	EXP 	text: text = 'Which one are you going to buy?'
2.6507 	EXP 	eyetracker.setRecordingState(False)
2.6681 	EXP 	text: height = np.float64(0.05)
2.6681 	EXP 	text: height = np.float64(0.05)
2.6681 	EXP 	text: height = np.float64(0.05)
2.6681 	EXP 	text: text = 'Which one are you going to buy?'
2.6705 	EXP 	eyetracker.setRecordingState(False)
2.6890 	EXP 	text: height = np.float64(0.05)
2.6890 	EXP 	text: height = np.float64(0.05)
2.6890 	EXP 	text: height = np.float64(0.05)
2.6890 	EXP 	text: text = 'Which one are you going to buy?'
2.6910 	EXP 	eyetracker.setRecordingState(False)
2.7039 	EXP 	text: height = np.float64(0.05)
2.7039 	EXP 	text: height = np.float64(0.05)
2.7039 	EXP 	text: height = np.float64(0.05)
2.7039 	EXP 	text: text = 'Which one are you going to buy?'
2.7066 	EXP 	eyetracker.setRecordingState(False)
2.7304 	EXP 	text: height = np.float64(0.05)
2.7304 	EXP 	text: height = np.float64(0.05)
2.7304 	EXP 	text: height = np.float64(0.05)
2.7304 	EXP 	text: text = 'Which one are you going to buy?'
2.7332 	EXP 	eyetracker.setRecordingState(False)
2.7448 	EXP 	text: height = np.float64(0.05)
2.7448 	EXP 	text: height = np.float64(0.05)
2.7448 	EXP 	text: height = np.float64(0.05)
2.7448 	EXP 	text: text = 'Which one are you going to buy?'
2.7462 	EXP 	eyetracker.setRecordingState(False)
2.7598 	EXP 	text: height = np.float64(0.05)
2.7598 	EXP 	text: height = np.float64(0.05)
2.7598 	EXP 	text: height = np.float64(0.05)
2.7598 	EXP 	text: text = 'Which one are you going to buy?'
2.7620 	EXP 	eyetracker.setRecordingState(False)
2.7724 	EXP 	text: height = np.float64(0.05)
2.7724 	EXP 	text: height = np.float64(0.05)
2.7724 	EXP 	text: height = np.float64(0.05)
2.7724 	EXP 	text: text = 'Which one are you going to buy?'
2.7743 	EXP 	eyetracker.setRecordingState(False)
2.7910 	EXP 	text: height = np.float64(0.05)
2.7910 	EXP 	text: height = np.float64(0.05)
2.7910 	EXP 	text: height = np.float64(0.05)
2.7910 	EXP 	text: text = 'Which one are you going to buy?'
2.7939 	EXP 	eyetracker.setRecordingState(False)
2.8310 	EXP 	text: height = np.float64(0.05)
2.8310 	EXP 	text: height = np.float64(0.05)
2.8310 	EXP 	text: height = np.float64(0.05)
2.8310 	EXP 	text: text = 'Which one are you going to buy?'
2.8329 	EXP 	eyetracker.setRecordingState(False)
2.8474 	EXP 	text: height = np.float64(0.05)
2.8474 	EXP 	text: height = np.float64(0.05)
2.8474 	EXP 	text: height = np.float64(0.05)
2.8474 	EXP 	text: text = 'Which one are you going to buy?'
2.8516 	EXP 	eyetracker.setRecordingState(False)
2.8767 	EXP 	text: height = np.float64(0.05)
2.8767 	EXP 	text: height = np.float64(0.05)
2.8767 	EXP 	text: height = np.float64(0.05)
2.8767 	EXP 	text: text = 'Which one are you going to buy?'
2.8791 	EXP 	eyetracker.setRecordingState(False)
2.9011 	EXP 	text: height = np.float64(0.05)
2.9011 	EXP 	text: height = np.float64(0.05)
2.9011 	EXP 	text: height = np.float64(0.05)
2.9011 	EXP 	text: text = 'Which one are you going to buy?'
2.9035 	EXP 	eyetracker.setRecordingState(False)
2.9212 	EXP 	text: height = np.float64(0.05)
2.9212 	EXP 	text: height = np.float64(0.05)
2.9212 	EXP 	text: height = np.float64(0.05)
2.9212 	EXP 	text: text = 'Which one are you going to buy?'
2.9222 	EXP 	eyetracker.setRecordingState(False)
2.9326 	EXP 	text: height = np.float64(0.05)
2.9326 	EXP 	text: height = np.float64(0.05)
2.9326 	EXP 	text: height = np.float64(0.05)
2.9326 	EXP 	text: text = 'Which one are you going to buy?'
2.9352 	EXP 	eyetracker.setRecordingState(False)
2.9536 	EXP 	text: height = np.float64(0.05)
2.9536 	EXP 	text: height = np.float64(0.05)
2.9536 	EXP 	text: height = np.float64(0.05)
2.9536 	EXP 	text: text = 'Which one are you going to buy?'
2.9602 	EXP 	eyetracker.setRecordingState(False)
2.9959 	EXP 	text: height = np.float64(0.05)
2.9959 	EXP 	text: height = np.float64(0.05)
2.9959 	EXP 	text: height = np.float64(0.05)
2.9959 	EXP 	text: text = 'Which one are you going to buy?'
2.9999 	EXP 	eyetracker.setRecordingState(False)
3.0285 	EXP 	text: height = np.float64(0.05)
3.0285 	EXP 	text: height = np.float64(0.05)
3.0285 	EXP 	text: height = np.float64(0.05)
3.0285 	EXP 	text: text = 'Which one are you going to buy?'
3.0314 	EXP 	eyetracker.setRecordingState(False)
3.0641 	EXP 	text: height = np.float64(0.05)
3.0641 	EXP 	text: height = np.float64(0.05)
3.0641 	EXP 	text: height = np.float64(0.05)
3.0641 	EXP 	text: text = 'Which one are you going to buy?'
3.0672 	EXP 	eyetracker.setRecordingState(False)
3.0970 	EXP 	text: height = np.float64(0.05)
3.0970 	EXP 	text: height = np.float64(0.05)
3.0970 	EXP 	text: height = np.float64(0.05)
3.0970 	EXP 	text: text = 'Which one are you going to buy?'
3.1002 	EXP 	eyetracker.setRecordingState(False)
3.1294 	EXP 	text: height = np.float64(0.05)
3.1294 	EXP 	text: height = np.float64(0.05)
3.1294 	EXP 	text: height = np.float64(0.05)
3.1294 	EXP 	text: text = 'Which one are you going to buy?'
3.1339 	EXP 	eyetracker.setRecordingState(False)
3.1757 	EXP 	text: height = np.float64(0.05)
3.1757 	EXP 	text: height = np.float64(0.05)
3.1757 	EXP 	text: height = np.float64(0.05)
3.1757 	EXP 	text: text = 'Which one are you going to buy?'
3.1785 	EXP 	eyetracker.setRecordingState(False)
3.2101 	EXP 	text: height = np.float64(0.05)
3.2101 	EXP 	text: height = np.float64(0.05)
3.2101 	EXP 	text: height = np.float64(0.05)
3.2101 	EXP 	text: text = 'Which one are you going to buy?'
3.2130 	EXP 	eyetracker.setRecordingState(False)
3.2258 	EXP 	text: height = np.float64(0.05)
3.2258 	EXP 	text: height = np.float64(0.05)
3.2258 	EXP 	text: height = np.float64(0.05)
3.2258 	EXP 	text: text = 'Which one are you going to buy?'
3.2275 	EXP 	eyetracker.setRecordingState(False)
3.2414 	EXP 	text: height = np.float64(0.05)
3.2414 	EXP 	text: height = np.float64(0.05)
3.2414 	EXP 	text: height = np.float64(0.05)
3.2414 	EXP 	text: text = 'Which one are you going to buy?'
3.2429 	EXP 	eyetracker.setRecordingState(False)
3.2552 	EXP 	text: height = np.float64(0.05)
3.2552 	EXP 	text: height = np.float64(0.05)
3.2552 	EXP 	text: height = np.float64(0.05)
3.2552 	EXP 	text: text = 'Which one are you going to buy?'
3.2561 	EXP 	eyetracker.setRecordingState(False)
3.2741 	EXP 	text: height = np.float64(0.05)
3.2741 	EXP 	text: height = np.float64(0.05)
3.2741 	EXP 	text: height = np.float64(0.05)
3.2741 	EXP 	text: text = 'Which one are you going to buy?'
3.2782 	EXP 	eyetracker.setRecordingState(False)
3.3140 	EXP 	text: height = np.float64(0.05)
3.3140 	EXP 	text: height = np.float64(0.05)
3.3140 	EXP 	text: height = np.float64(0.05)
3.3140 	EXP 	text: text = 'Which one are you going to buy?'
3.3184 	EXP 	eyetracker.setRecordingState(False)
3.3503 	EXP 	text: height = np.float64(0.05)
3.3503 	EXP 	text: height = np.float64(0.05)
3.3503 	EXP 	text: height = np.float64(0.05)
3.3503 	EXP 	text: text = 'Which one are you going to buy?'
3.3555 	EXP 	eyetracker.setRecordingState(False)
3.3918 	EXP 	text: height = np.float64(0.05)
3.3918 	EXP 	text: height = np.float64(0.05)
3.3918 	EXP 	text: height = np.float64(0.05)
3.3918 	EXP 	text: text = 'Which one are you going to buy?'
3.3945 	EXP 	eyetracker.setRecordingState(False)
3.4249 	EXP 	text: height = np.float64(0.05)
3.4249 	EXP 	text: height = np.float64(0.05)
3.4249 	EXP 	text: height = np.float64(0.05)
3.4249 	EXP 	text: text = 'Which one are you going to buy?'
3.4282 	EXP 	eyetracker.setRecordingState(False)
3.4517 	EXP 	text: height = np.float64(0.05)
3.4517 	EXP 	text: height = np.float64(0.05)
3.4517 	EXP 	text: height = np.float64(0.05)
3.4517 	EXP 	text: text = 'Which one are you going to buy?'
3.4530 	EXP 	eyetracker.setRecordingState(False)
3.4842 	EXP 	text: height = np.float64(0.05)
3.4842 	EXP 	text: height = np.float64(0.05)
3.4842 	EXP 	text: height = np.float64(0.05)
3.4842 	EXP 	text: text = 'Which one are you going to buy?'
3.4857 	EXP 	eyetracker.setRecordingState(False)
3.5040 	EXP 	text: height = np.float64(0.05)
3.5040 	EXP 	text: height = np.float64(0.05)
3.5040 	EXP 	text: height = np.float64(0.05)
3.5040 	EXP 	text: text = 'Which one are you going to buy?'
3.5048 	EXP 	eyetracker.setRecordingState(False)
3.5304 	EXP 	text: height = np.float64(0.05)
3.5304 	EXP 	text: height = np.float64(0.05)
3.5304 	EXP 	text: height = np.float64(0.05)
3.5304 	EXP 	text: text = 'Which one are you going to buy?'
3.5326 	EXP 	eyetracker.setRecordingState(False)
3.5518 	EXP 	text: height = np.float64(0.05)
3.5518 	EXP 	text: height = np.float64(0.05)
3.5518 	EXP 	text: height = np.float64(0.05)
3.5518 	EXP 	text: text = 'Which one are you going to buy?'
3.5525 	EXP 	eyetracker.setRecordingState(False)
3.5673 	EXP 	text: height = np.float64(0.05)
3.5673 	EXP 	text: height = np.float64(0.05)
3.5673 	EXP 	text: height = np.float64(0.05)
3.5673 	EXP 	text: text = 'Which one are you going to buy?'
3.5703 	EXP 	eyetracker.setRecordingState(False)
3.5939 	EXP 	text: height = np.float64(0.05)
3.5939 	EXP 	text: height = np.float64(0.05)
3.5939 	EXP 	text: height = np.float64(0.05)
3.5939 	EXP 	text: text = 'Which one are you going to buy?'
3.5961 	EXP 	eyetracker.setRecordingState(False)
3.6327 	EXP 	text: height = np.float64(0.05)
3.6327 	EXP 	text: height = np.float64(0.05)
3.6327 	EXP 	text: height = np.float64(0.05)
3.6327 	EXP 	text: text = 'Which one are you going to buy?'
3.6355 	EXP 	eyetracker.setRecordingState(False)
3.6550 	EXP 	text: height = np.float64(0.05)
3.6550 	EXP 	text: height = np.float64(0.05)
3.6550 	EXP 	text: height = np.float64(0.05)
3.6550 	EXP 	text: text = 'Which one are you going to buy?'
3.6575 	EXP 	eyetracker.setRecordingState(False)
3.6738 	EXP 	text: height = np.float64(0.05)
3.6738 	EXP 	text: height = np.float64(0.05)
3.6738 	EXP 	text: height = np.float64(0.05)
3.6738 	EXP 	text: text = 'Which one are you going to buy?'
3.6751 	EXP 	eyetracker.setRecordingState(False)
3.6948 	EXP 	text: height = np.float64(0.05)
3.6948 	EXP 	text: height = np.float64(0.05)
3.6948 	EXP 	text: height = np.float64(0.05)
3.6948 	EXP 	text: text = 'Which one are you going to buy?'
3.6967 	EXP 	eyetracker.setRecordingState(False)
3.7143 	EXP 	text: height = np.float64(0.05)
3.7143 	EXP 	text: height = np.float64(0.05)
3.7143 	EXP 	text: height = np.float64(0.05)
3.7143 	EXP 	text: text = 'Which one are you going to buy?'
3.7167 	EXP 	eyetracker.setRecordingState(False)
3.7473 	EXP 	text: height = np.float64(0.05)
3.7473 	EXP 	text: height = np.float64(0.05)
3.7473 	EXP 	text: height = np.float64(0.05)
3.7473 	EXP 	text: text = 'Which one are you going to buy?'
3.7505 	EXP 	eyetracker.setRecordingState(False)
3.7816 	EXP 	text: height = np.float64(0.05)
3.7816 	EXP 	text: height = np.float64(0.05)
3.7816 	EXP 	text: height = np.float64(0.05)
3.7816 	EXP 	text: text = 'Which one are you going to buy?'
3.7846 	EXP 	eyetracker.setRecordingState(False)
3.8201 	EXP 	text: height = np.float64(0.05)
3.8201 	EXP 	text: height = np.float64(0.05)
3.8201 	EXP 	text: height = np.float64(0.05)
3.8201 	EXP 	text: text = 'Which one are you going to buy?'
3.8235 	EXP 	eyetracker.setRecordingState(False)
3.8543 	EXP 	text: height = np.float64(0.05)
3.8543 	EXP 	text: height = np.float64(0.05)
3.8543 	EXP 	text: height = np.float64(0.05)
3.8543 	EXP 	text: text = 'Which one are you going to buy?'
3.8581 	EXP 	eyetracker.setRecordingState(False)
3.8925 	EXP 	text: height = np.float64(0.05)
3.8925 	EXP 	text: height = np.float64(0.05)
3.8925 	EXP 	text: height = np.float64(0.05)
3.8925 	EXP 	text: text = 'Which one are you going to buy?'
3.8958 	EXP 	eyetracker.setRecordingState(False)
3.9258 	EXP 	text: height = np.float64(0.05)
3.9258 	EXP 	text: height = np.float64(0.05)
3.9258 	EXP 	text: height = np.float64(0.05)
3.9258 	EXP 	text: text = 'Which one are you going to buy?'
3.9291 	EXP 	eyetracker.setRecordingState(False)
3.9617 	EXP 	text: height = np.float64(0.05)
3.9617 	EXP 	text: height = np.float64(0.05)
3.9617 	EXP 	text: height = np.float64(0.05)
3.9617 	EXP 	text: text = 'Which one are you going to buy?'
3.9631 	EXP 	eyetracker.setRecordingState(False)
3.9785 	EXP 	text: height = np.float64(0.05)
3.9785 	EXP 	text: height = np.float64(0.05)
3.9785 	EXP 	text: height = np.float64(0.05)
3.9785 	EXP 	text: text = 'Which one are you going to buy?'
3.9803 	EXP 	eyetracker.setRecordingState(False)
3.9951 	EXP 	text: height = np.float64(0.05)
3.9951 	EXP 	text: height = np.float64(0.05)
3.9951 	EXP 	text: height = np.float64(0.05)
3.9951 	EXP 	text: text = 'Which one are you going to buy?'
3.9967 	EXP 	eyetracker.setRecordingState(False)
4.0099 	EXP 	text: height = np.float64(0.05)
4.0099 	EXP 	text: height = np.float64(0.05)
4.0099 	EXP 	text: height = np.float64(0.05)
4.0099 	EXP 	text: text = 'Which one are you going to buy?'
4.0112 	EXP 	eyetracker.setRecordingState(False)
4.0232 	EXP 	text: height = np.float64(0.05)
4.0232 	EXP 	text: height = np.float64(0.05)
4.0232 	EXP 	text: height = np.float64(0.05)
4.0232 	EXP 	text: text = 'Which one are you going to buy?'
4.0245 	EXP 	eyetracker.setRecordingState(False)
4.0406 	EXP 	text: height = np.float64(0.05)
4.0406 	EXP 	text: height = np.float64(0.05)
4.0406 	EXP 	text: height = np.float64(0.05)
4.0406 	EXP 	text: text = 'Which one are you going to buy?'
4.0419 	EXP 	eyetracker.setRecordingState(False)
4.0545 	EXP 	text: height = np.float64(0.05)
4.0545 	EXP 	text: height = np.float64(0.05)
4.0545 	EXP 	text: height = np.float64(0.05)
4.0545 	EXP 	text: text = 'Which one are you going to buy?'
4.0557 	EXP 	eyetracker.setRecordingState(False)
4.0754 	EXP 	text: height = np.float64(0.05)
4.0754 	EXP 	text: height = np.float64(0.05)
4.0754 	EXP 	text: height = np.float64(0.05)
4.0754 	EXP 	text: text = 'Which one are you going to buy?'
4.0767 	EXP 	eyetracker.setRecordingState(False)
4.0881 	EXP 	text: height = np.float64(0.05)
4.0881 	EXP 	text: height = np.float64(0.05)
4.0881 	EXP 	text: height = np.float64(0.05)
4.0881 	EXP 	text: text = 'Which one are you going to buy?'
4.0907 	EXP 	eyetracker.setRecordingState(False)
4.1097 	EXP 	text: height = np.float64(0.05)
4.1097 	EXP 	text: height = np.float64(0.05)
4.1097 	EXP 	text: height = np.float64(0.05)
4.1097 	EXP 	text: text = 'Which one are you going to buy?'
4.1111 	EXP 	eyetracker.setRecordingState(False)
4.1231 	EXP 	text: height = np.float64(0.05)
4.1231 	EXP 	text: height = np.float64(0.05)
4.1231 	EXP 	text: height = np.float64(0.05)
4.1231 	EXP 	text: text = 'Which one are you going to buy?'
4.1244 	EXP 	eyetracker.setRecordingState(False)
4.1375 	EXP 	text: height = np.float64(0.05)
4.1375 	EXP 	text: height = np.float64(0.05)
4.1375 	EXP 	text: height = np.float64(0.05)
4.1375 	EXP 	text: text = 'Which one are you going to buy?'
4.1390 	EXP 	eyetracker.setRecordingState(False)
4.1547 	EXP 	text: height = np.float64(0.05)
4.1547 	EXP 	text: height = np.float64(0.05)
4.1547 	EXP 	text: height = np.float64(0.05)
4.1547 	EXP 	text: text = 'Which one are you going to buy?'
4.1563 	EXP 	eyetracker.setRecordingState(False)
4.1729 	EXP 	text: height = np.float64(0.05)
4.1729 	EXP 	text: height = np.float64(0.05)
4.1729 	EXP 	text: height = np.float64(0.05)
4.1729 	EXP 	text: text = 'Which one are you going to buy?'
4.1743 	EXP 	eyetracker.setRecordingState(False)
4.1887 	EXP 	text: height = np.float64(0.05)
4.1887 	EXP 	text: height = np.float64(0.05)
4.1887 	EXP 	text: height = np.float64(0.05)
4.1887 	EXP 	text: text = 'Which one are you going to buy?'
4.1924 	DATA 	Mouse: Left button down, pos=(968,556)
4.1967 	EXP 	eyetracker.setRecordingState(False)
4.1996 	EXP 	eyetracker.setRecordingState(False)
4.2226 	INFO 	Keyboard events cleared
4.2213 	EXP 	text: autoDraw = False
4.2213 	EXP 	ambewela: autoDraw = False
4.2213 	EXP 	kothmale: autoDraw = False
4.2213 	EXP 	happycow: autoDraw = False
4.2213 	EXP 	kraft: autoDraw = False
4.2213 	EXP 	richlife: autoDraw = False
4.2213 	EXP 	text_2: autoDraw = False
4.2213 	EXP 	text_3: autoDraw = False
4.2213 	EXP 	text_4: autoDraw = False
4.2213 	EXP 	text_5: autoDraw = False
4.2213 	EXP 	text_6: autoDraw = False
4.2213 	EXP 	text_7: autoDraw = True
4.2213 	EXP 	highlandYoghurt: autoDraw = True
4.2213 	EXP 	anchoryoghurt: autoDraw = True
4.2213 	EXP 	ambewelayoghurt: autoDraw = True
4.2213 	EXP 	pelawatteyoghurt: autoDraw = True
4.2213 	EXP 	text_8: autoDraw = True
4.2213 	EXP 	text_9: autoDraw = True
4.2213 	EXP 	text_10: autoDraw = True
4.2213 	EXP 	text_11: autoDraw = True
4.2252 	EXP 	eyetracker.setRecordingState(False)
4.2340 	EXP 	eyetracker.setRecordingState(False)
4.2458 	EXP 	eyetracker.setRecordingState(False)
4.2544 	EXP 	eyetracker.setRecordingState(False)
4.2634 	EXP 	eyetracker.setRecordingState(False)
4.2782 	EXP 	eyetracker.setRecordingState(False)
4.2949 	EXP 	eyetracker.setRecordingState(False)
4.3098 	EXP 	eyetracker.setRecordingState(False)
4.3288 	EXP 	eyetracker.setRecordingState(False)
4.3455 	EXP 	eyetracker.setRecordingState(False)
4.3609 	EXP 	eyetracker.setRecordingState(False)
4.3774 	EXP 	eyetracker.setRecordingState(False)
4.3950 	EXP 	eyetracker.setRecordingState(False)
4.4119 	EXP 	eyetracker.setRecordingState(False)
4.4332 	DATA 	Mouse:  Left button up, pos=(968,556)
4.4367 	EXP 	eyetracker.setRecordingState(False)
4.4534 	EXP 	eyetracker.setRecordingState(False)
4.4737 	EXP 	eyetracker.setRecordingState(False)
4.4920 	EXP 	eyetracker.setRecordingState(False)
4.5045 	EXP 	eyetracker.setRecordingState(False)
4.5146 	EXP 	eyetracker.setRecordingState(False)
4.5230 	EXP 	eyetracker.setRecordingState(False)
4.5296 	EXP 	eyetracker.setRecordingState(False)
4.5444 	EXP 	eyetracker.setRecordingState(False)
4.5497 	EXP 	eyetracker.setRecordingState(False)
4.5557 	EXP 	eyetracker.setRecordingState(False)
4.5622 	EXP 	eyetracker.setRecordingState(False)
4.5701 	EXP 	eyetracker.setRecordingState(False)
4.5772 	EXP 	eyetracker.setRecordingState(False)
4.5821 	EXP 	eyetracker.setRecordingState(False)
4.5865 	EXP 	eyetracker.setRecordingState(False)
4.5944 	EXP 	eyetracker.setRecordingState(False)
4.6012 	EXP 	eyetracker.setRecordingState(False)
4.6078 	EXP 	eyetracker.setRecordingState(False)
4.6147 	EXP 	eyetracker.setRecordingState(False)
4.6216 	EXP 	eyetracker.setRecordingState(False)
4.6296 	EXP 	eyetracker.setRecordingState(False)
4.6412 	EXP 	eyetracker.setRecordingState(False)
4.6528 	EXP 	eyetracker.setRecordingState(False)
4.6667 	EXP 	eyetracker.setRecordingState(False)
4.6806 	EXP 	eyetracker.setRecordingState(False)
4.6950 	EXP 	eyetracker.setRecordingState(False)
4.7091 	EXP 	eyetracker.setRecordingState(False)
4.7248 	EXP 	eyetracker.setRecordingState(False)
4.7363 	EXP 	eyetracker.setRecordingState(False)
4.7479 	EXP 	eyetracker.setRecordingState(False)
4.7609 	EXP 	eyetracker.setRecordingState(False)
4.7665 	EXP 	eyetracker.setRecordingState(False)
4.7715 	EXP 	eyetracker.setRecordingState(False)
4.7763 	EXP 	eyetracker.setRecordingState(False)
4.7807 	EXP 	eyetracker.setRecordingState(False)
4.7880 	EXP 	eyetracker.setRecordingState(False)
4.7949 	EXP 	eyetracker.setRecordingState(False)
4.8044 	EXP 	eyetracker.setRecordingState(False)
4.8103 	EXP 	eyetracker.setRecordingState(False)
4.8167 	EXP 	eyetracker.setRecordingState(False)
4.8231 	EXP 	eyetracker.setRecordingState(False)
4.8312 	EXP 	eyetracker.setRecordingState(False)
4.8389 	EXP 	eyetracker.setRecordingState(False)
4.8480 	EXP 	eyetracker.setRecordingState(False)
4.8572 	EXP 	eyetracker.setRecordingState(False)
4.8671 	EXP 	eyetracker.setRecordingState(False)
4.8770 	EXP 	eyetracker.setRecordingState(False)
4.8862 	EXP 	eyetracker.setRecordingState(False)
4.8971 	EXP 	eyetracker.setRecordingState(False)
4.9071 	EXP 	eyetracker.setRecordingState(False)
4.9175 	EXP 	eyetracker.setRecordingState(False)
4.9278 	EXP 	eyetracker.setRecordingState(False)
4.9353 	EXP 	eyetracker.setRecordingState(False)
4.9412 	EXP 	eyetracker.setRecordingState(False)
4.9468 	EXP 	eyetracker.setRecordingState(False)
4.9512 	EXP 	eyetracker.setRecordingState(False)
4.9566 	EXP 	eyetracker.setRecordingState(False)
4.9614 	EXP 	eyetracker.setRecordingState(False)
4.9684 	EXP 	eyetracker.setRecordingState(False)
4.9754 	EXP 	eyetracker.setRecordingState(False)
4.9826 	EXP 	eyetracker.setRecordingState(False)
4.9891 	EXP 	eyetracker.setRecordingState(False)
4.9960 	EXP 	eyetracker.setRecordingState(False)
5.0032 	EXP 	eyetracker.setRecordingState(False)
5.0099 	EXP 	eyetracker.setRecordingState(False)
5.0171 	EXP 	eyetracker.setRecordingState(False)
5.0246 	EXP 	eyetracker.setRecordingState(False)
5.0315 	EXP 	eyetracker.setRecordingState(False)
5.0385 	EXP 	eyetracker.setRecordingState(False)
5.0464 	EXP 	eyetracker.setRecordingState(False)
5.0518 	EXP 	eyetracker.setRecordingState(False)
5.0611 	EXP 	eyetracker.setRecordingState(False)
5.0658 	EXP 	eyetracker.setRecordingState(False)
5.0734 	EXP 	eyetracker.setRecordingState(False)
5.0796 	EXP 	eyetracker.setRecordingState(False)
5.0863 	EXP 	eyetracker.setRecordingState(False)
5.0929 	EXP 	eyetracker.setRecordingState(False)
5.1000 	EXP 	eyetracker.setRecordingState(False)
5.1070 	EXP 	eyetracker.setRecordingState(False)
5.1138 	EXP 	eyetracker.setRecordingState(False)
5.1207 	EXP 	eyetracker.setRecordingState(False)
5.1277 	EXP 	eyetracker.setRecordingState(False)
5.1348 	EXP 	eyetracker.setRecordingState(False)
5.1416 	EXP 	eyetracker.setRecordingState(False)
5.1486 	EXP 	eyetracker.setRecordingState(False)
5.1555 	EXP 	eyetracker.setRecordingState(False)
5.1625 	EXP 	eyetracker.setRecordingState(False)
5.1694 	EXP 	eyetracker.setRecordingState(False)
5.1763 	EXP 	eyetracker.setRecordingState(False)
5.1833 	EXP 	eyetracker.setRecordingState(False)
5.1904 	EXP 	eyetracker.setRecordingState(False)
5.1974 	EXP 	eyetracker.setRecordingState(False)
5.2043 	EXP 	eyetracker.setRecordingState(False)
5.2115 	EXP 	eyetracker.setRecordingState(False)
5.2186 	EXP 	eyetracker.setRecordingState(False)
5.2253 	EXP 	eyetracker.setRecordingState(False)
5.2326 	EXP 	eyetracker.setRecordingState(False)
5.2396 	EXP 	eyetracker.setRecordingState(False)
5.2468 	EXP 	eyetracker.setRecordingState(False)
5.2541 	EXP 	eyetracker.setRecordingState(False)
5.2664 	EXP 	eyetracker.setRecordingState(False)
5.2738 	EXP 	eyetracker.setRecordingState(False)
5.2816 	EXP 	eyetracker.setRecordingState(False)
5.2936 	EXP 	eyetracker.setRecordingState(False)
5.3163 	EXP 	eyetracker.setRecordingState(False)
5.3324 	EXP 	eyetracker.setRecordingState(False)
5.3417 	EXP 	eyetracker.setRecordingState(False)
5.3587 	EXP 	eyetracker.setRecordingState(False)
5.3748 	EXP 	eyetracker.setRecordingState(False)
5.3898 	EXP 	eyetracker.setRecordingState(False)
5.4055 	EXP 	eyetracker.setRecordingState(False)
5.4126 	EXP 	eyetracker.setRecordingState(False)
5.4206 	EXP 	eyetracker.setRecordingState(False)
5.4259 	EXP 	eyetracker.setRecordingState(False)
5.4315 	EXP 	eyetracker.setRecordingState(False)
5.4366 	EXP 	eyetracker.setRecordingState(False)
5.4413 	EXP 	eyetracker.setRecordingState(False)
5.4478 	EXP 	eyetracker.setRecordingState(False)
5.4549 	EXP 	eyetracker.setRecordingState(False)
5.4614 	EXP 	eyetracker.setRecordingState(False)
5.4684 	EXP 	eyetracker.setRecordingState(False)
5.4753 	EXP 	eyetracker.setRecordingState(False)
5.4822 	EXP 	eyetracker.setRecordingState(False)
5.4891 	EXP 	eyetracker.setRecordingState(False)
5.4961 	EXP 	eyetracker.setRecordingState(False)
5.5028 	EXP 	eyetracker.setRecordingState(False)
5.5097 	EXP 	eyetracker.setRecordingState(False)
5.5166 	EXP 	eyetracker.setRecordingState(False)
5.5236 	EXP 	eyetracker.setRecordingState(False)
5.5306 	EXP 	eyetracker.setRecordingState(False)
5.5374 	EXP 	eyetracker.setRecordingState(False)
5.5446 	EXP 	eyetracker.setRecordingState(False)
5.5516 	EXP 	eyetracker.setRecordingState(False)
5.5583 	EXP 	eyetracker.setRecordingState(False)
5.5653 	EXP 	eyetracker.setRecordingState(False)
5.5723 	EXP 	eyetracker.setRecordingState(False)
5.5795 	EXP 	eyetracker.setRecordingState(False)
5.5864 	EXP 	eyetracker.setRecordingState(False)
5.5938 	EXP 	eyetracker.setRecordingState(False)
5.6007 	EXP 	eyetracker.setRecordingState(False)
5.6079 	EXP 	eyetracker.setRecordingState(False)
5.6153 	EXP 	eyetracker.setRecordingState(False)
5.6236 	EXP 	eyetracker.setRecordingState(False)
5.6316 	EXP 	eyetracker.setRecordingState(False)
5.6390 	EXP 	eyetracker.setRecordingState(False)
5.6455 	EXP 	eyetracker.setRecordingState(False)
5.6555 	EXP 	eyetracker.setRecordingState(False)
5.6636 	EXP 	eyetracker.setRecordingState(False)
5.6725 	EXP 	eyetracker.setRecordingState(False)
5.6825 	EXP 	eyetracker.setRecordingState(False)
5.6920 	EXP 	eyetracker.setRecordingState(False)
5.7043 	EXP 	eyetracker.setRecordingState(False)
5.7131 	EXP 	eyetracker.setRecordingState(False)
5.7192 	EXP 	eyetracker.setRecordingState(False)
5.7241 	EXP 	eyetracker.setRecordingState(False)
5.7289 	EXP 	eyetracker.setRecordingState(False)
5.7342 	EXP 	eyetracker.setRecordingState(False)
5.7399 	EXP 	eyetracker.setRecordingState(False)
5.7463 	EXP 	eyetracker.setRecordingState(False)
5.7532 	EXP 	eyetracker.setRecordingState(False)
5.7600 	EXP 	eyetracker.setRecordingState(False)
5.7673 	EXP 	eyetracker.setRecordingState(False)
5.7743 	EXP 	eyetracker.setRecordingState(False)
5.7821 	EXP 	eyetracker.setRecordingState(False)
5.7890 	EXP 	eyetracker.setRecordingState(False)
5.7982 	EXP 	eyetracker.setRecordingState(False)
5.8054 	EXP 	eyetracker.setRecordingState(False)
5.8117 	EXP 	eyetracker.setRecordingState(False)
5.8187 	EXP 	eyetracker.setRecordingState(False)
5.8266 	EXP 	eyetracker.setRecordingState(False)
5.8347 	EXP 	eyetracker.setRecordingState(False)
5.8411 	EXP 	eyetracker.setRecordingState(False)
5.8486 	EXP 	eyetracker.setRecordingState(False)
5.8601 	DATA 	Mouse: Left button down, pos=(889,552)
5.8635 	EXP 	eyetracker.setRecordingState(False)
5.8669 	EXP 	eyetracker.setRecordingState(False)
5.8841 	INFO 	Keyboard events cleared
5.8830 	EXP 	text_7: autoDraw = False
5.8830 	EXP 	highlandYoghurt: autoDraw = False
5.8830 	EXP 	anchoryoghurt: autoDraw = False
5.8830 	EXP 	ambewelayoghurt: autoDraw = False
5.8830 	EXP 	pelawatteyoghurt: autoDraw = False
5.8830 	EXP 	text_8: autoDraw = False
5.8830 	EXP 	text_9: autoDraw = False
5.8830 	EXP 	text_10: autoDraw = False
5.8830 	EXP 	text_11: autoDraw = False
5.8830 	EXP 	text_12: autoDraw = True
5.8830 	EXP 	fortune: autoDraw = True
5.8830 	EXP 	marina: autoDraw = True
5.8830 	EXP 	Njoy: autoDraw = True
5.8830 	EXP 	text_13: autoDraw = True
5.8830 	EXP 	text_14: autoDraw = True
5.8830 	EXP 	text_15: autoDraw = True
5.8863 	EXP 	eyetracker.setRecordingState(False)
5.8961 	EXP 	eyetracker.setRecordingState(False)
5.9050 	EXP 	eyetracker.setRecordingState(False)
5.9119 	EXP 	eyetracker.setRecordingState(False)
5.9177 	EXP 	eyetracker.setRecordingState(False)
5.9237 	EXP 	eyetracker.setRecordingState(False)
5.9311 	EXP 	eyetracker.setRecordingState(False)
5.9359 	EXP 	eyetracker.setRecordingState(False)
5.9413 	EXP 	eyetracker.setRecordingState(False)
5.9479 	EXP 	eyetracker.setRecordingState(False)
5.9558 	EXP 	eyetracker.setRecordingState(False)
5.9616 	EXP 	eyetracker.setRecordingState(False)
5.9691 	EXP 	eyetracker.setRecordingState(False)
5.9812 	EXP 	eyetracker.setRecordingState(False)
5.9913 	EXP 	eyetracker.setRecordingState(False)
6.0028 	EXP 	eyetracker.setRecordingState(False)
6.0121 	EXP 	eyetracker.setRecordingState(False)
6.0205 	EXP 	eyetracker.setRecordingState(False)
6.0276 	EXP 	eyetracker.setRecordingState(False)
6.0362 	EXP 	eyetracker.setRecordingState(False)
6.0510 	EXP 	eyetracker.setRecordingState(False)
6.0686 	EXP 	eyetracker.setRecordingState(False)
6.0851 	EXP 	eyetracker.setRecordingState(False)
6.0939 	DATA 	Mouse:  Left button up, pos=(889,552)
6.1012 	EXP 	eyetracker.setRecordingState(False)
6.1114 	EXP 	eyetracker.setRecordingState(False)
6.1252 	EXP 	eyetracker.setRecordingState(False)
6.1419 	EXP 	eyetracker.setRecordingState(False)
6.1576 	EXP 	eyetracker.setRecordingState(False)
6.1678 	EXP 	eyetracker.setRecordingState(False)
6.1820 	EXP 	eyetracker.setRecordingState(False)
6.1935 	EXP 	eyetracker.setRecordingState(False)
6.2079 	EXP 	eyetracker.setRecordingState(False)
6.2216 	EXP 	eyetracker.setRecordingState(False)
6.2354 	EXP 	eyetracker.setRecordingState(False)
6.2483 	EXP 	eyetracker.setRecordingState(False)
6.2644 	EXP 	eyetracker.setRecordingState(False)
6.2834 	EXP 	eyetracker.setRecordingState(False)
6.3004 	EXP 	eyetracker.setRecordingState(False)
6.3182 	EXP 	eyetracker.setRecordingState(False)
6.3329 	EXP 	eyetracker.setRecordingState(False)
6.3473 	EXP 	eyetracker.setRecordingState(False)
6.3617 	EXP 	eyetracker.setRecordingState(False)
6.3743 	EXP 	eyetracker.setRecordingState(False)
6.3864 	EXP 	eyetracker.setRecordingState(False)
6.3991 	EXP 	eyetracker.setRecordingState(False)
6.4105 	EXP 	eyetracker.setRecordingState(False)
6.4321 	EXP 	eyetracker.setRecordingState(False)
6.4412 	EXP 	eyetracker.setRecordingState(False)
6.4540 	EXP 	eyetracker.setRecordingState(False)
6.4619 	EXP 	eyetracker.setRecordingState(False)
6.4697 	EXP 	eyetracker.setRecordingState(False)
6.4804 	EXP 	eyetracker.setRecordingState(False)
6.4888 	EXP 	eyetracker.setRecordingState(False)
6.4975 	EXP 	eyetracker.setRecordingState(False)
6.5073 	EXP 	eyetracker.setRecordingState(False)
6.5181 	EXP 	eyetracker.setRecordingState(False)
6.5336 	EXP 	eyetracker.setRecordingState(False)
6.5473 	EXP 	eyetracker.setRecordingState(False)
6.5641 	EXP 	eyetracker.setRecordingState(False)
6.5803 	EXP 	eyetracker.setRecordingState(False)
6.6004 	EXP 	eyetracker.setRecordingState(False)
6.6223 	EXP 	eyetracker.setRecordingState(False)
6.6450 	EXP 	eyetracker.setRecordingState(False)
6.6627 	EXP 	eyetracker.setRecordingState(False)
6.6811 	EXP 	eyetracker.setRecordingState(False)
6.7004 	EXP 	eyetracker.setRecordingState(False)
6.7127 	EXP 	eyetracker.setRecordingState(False)
6.7295 	EXP 	eyetracker.setRecordingState(False)
6.7442 	EXP 	eyetracker.setRecordingState(False)
6.7534 	EXP 	eyetracker.setRecordingState(False)
6.7618 	EXP 	eyetracker.setRecordingState(False)
6.7707 	EXP 	eyetracker.setRecordingState(False)
6.7827 	EXP 	eyetracker.setRecordingState(False)
6.7905 	EXP 	eyetracker.setRecordingState(False)
6.7973 	EXP 	eyetracker.setRecordingState(False)
6.8088 	EXP 	eyetracker.setRecordingState(False)
6.8212 	EXP 	eyetracker.setRecordingState(False)
6.8285 	EXP 	eyetracker.setRecordingState(False)
6.8406 	EXP 	eyetracker.setRecordingState(False)
6.8506 	EXP 	eyetracker.setRecordingState(False)
6.8587 	EXP 	eyetracker.setRecordingState(False)
6.8724 	EXP 	eyetracker.setRecordingState(False)
6.8858 	EXP 	eyetracker.setRecordingState(False)
6.8965 	EXP 	eyetracker.setRecordingState(False)
6.9100 	EXP 	eyetracker.setRecordingState(False)
6.9203 	EXP 	eyetracker.setRecordingState(False)
6.9296 	EXP 	eyetracker.setRecordingState(False)
6.9442 	EXP 	eyetracker.setRecordingState(False)
6.9566 	EXP 	eyetracker.setRecordingState(False)
6.9709 	EXP 	eyetracker.setRecordingState(False)
6.9834 	EXP 	eyetracker.setRecordingState(False)
6.9961 	EXP 	eyetracker.setRecordingState(False)
7.0074 	EXP 	eyetracker.setRecordingState(False)
7.0242 	EXP 	eyetracker.setRecordingState(False)
7.0327 	DATA 	Mouse: Left button down, pos=(1439,529)
7.0420 	EXP 	eyetracker.setRecordingState(False)
7.0456 	EXP 	eyetracker.setRecordingState(False)
7.0693 	INFO 	Keyboard events cleared
7.0684 	EXP 	text_12: autoDraw = False
7.0684 	EXP 	fortune: autoDraw = False
7.0684 	EXP 	marina: autoDraw = False
7.0684 	EXP 	Njoy: autoDraw = False
7.0684 	EXP 	text_13: autoDraw = False
7.0684 	EXP 	text_14: autoDraw = False
7.0684 	EXP 	text_15: autoDraw = False
7.0684 	EXP 	text_instr: autoDraw = True
7.0684 	EXP 	kandos: autoDraw = True
7.0684 	EXP 	ritzbury: autoDraw = True
7.0684 	EXP 	revello: autoDraw = True
7.0684 	EXP 	cadbury: autoDraw = True
7.0684 	EXP 	text_20: autoDraw = True
7.0684 	EXP 	text_21: autoDraw = True
7.0684 	EXP 	text_22: autoDraw = True
7.0684 	EXP 	text_23: autoDraw = True
7.0715 	EXP 	eyetracker.setRecordingState(False)
7.0820 	EXP 	eyetracker.setRecordingState(False)
7.0930 	EXP 	eyetracker.setRecordingState(False)
7.1064 	EXP 	eyetracker.setRecordingState(False)
7.1175 	EXP 	eyetracker.setRecordingState(False)
7.1307 	EXP 	eyetracker.setRecordingState(False)
7.1445 	EXP 	eyetracker.setRecordingState(False)
7.1620 	EXP 	eyetracker.setRecordingState(False)
7.1783 	EXP 	eyetracker.setRecordingState(False)
7.1936 	EXP 	eyetracker.setRecordingState(False)
7.2081 	EXP 	eyetracker.setRecordingState(False)
7.2216 	EXP 	eyetracker.setRecordingState(False)
7.2341 	EXP 	eyetracker.setRecordingState(False)
7.2486 	EXP 	eyetracker.setRecordingState(False)
7.2613 	DATA 	Mouse:  Left button up, pos=(1439,529)
7.2715 	EXP 	eyetracker.setRecordingState(False)
7.2873 	EXP 	eyetracker.setRecordingState(False)
7.3083 	EXP 	eyetracker.setRecordingState(False)
7.3265 	EXP 	eyetracker.setRecordingState(False)
7.3418 	EXP 	eyetracker.setRecordingState(False)
7.3561 	EXP 	eyetracker.setRecordingState(False)
7.3695 	EXP 	eyetracker.setRecordingState(False)
7.3847 	EXP 	eyetracker.setRecordingState(False)
7.3975 	EXP 	eyetracker.setRecordingState(False)
7.4111 	EXP 	eyetracker.setRecordingState(False)
7.4242 	EXP 	eyetracker.setRecordingState(False)
7.4353 	EXP 	eyetracker.setRecordingState(False)
7.4453 	EXP 	eyetracker.setRecordingState(False)
7.4589 	EXP 	eyetracker.setRecordingState(False)
7.4726 	EXP 	eyetracker.setRecordingState(False)
7.4855 	EXP 	eyetracker.setRecordingState(False)
7.5005 	EXP 	eyetracker.setRecordingState(False)
7.5132 	EXP 	eyetracker.setRecordingState(False)
7.5276 	EXP 	eyetracker.setRecordingState(False)
7.5413 	EXP 	eyetracker.setRecordingState(False)
7.5545 	EXP 	eyetracker.setRecordingState(False)
7.5680 	EXP 	eyetracker.setRecordingState(False)
7.5806 	EXP 	eyetracker.setRecordingState(False)
7.5927 	EXP 	eyetracker.setRecordingState(False)
7.6068 	EXP 	eyetracker.setRecordingState(False)
7.6188 	EXP 	eyetracker.setRecordingState(False)
7.6326 	EXP 	eyetracker.setRecordingState(False)
7.6450 	EXP 	eyetracker.setRecordingState(False)
7.6590 	EXP 	eyetracker.setRecordingState(False)
7.6736 	EXP 	eyetracker.setRecordingState(False)
7.6883 	EXP 	eyetracker.setRecordingState(False)
7.7058 	EXP 	eyetracker.setRecordingState(False)
7.7226 	EXP 	eyetracker.setRecordingState(False)
7.7360 	EXP 	eyetracker.setRecordingState(False)
7.7487 	EXP 	eyetracker.setRecordingState(False)
7.7636 	EXP 	eyetracker.setRecordingState(False)
7.7795 	EXP 	eyetracker.setRecordingState(False)
7.8000 	EXP 	eyetracker.setRecordingState(False)
7.8143 	EXP 	eyetracker.setRecordingState(False)
7.8302 	EXP 	eyetracker.setRecordingState(False)
7.8460 	EXP 	eyetracker.setRecordingState(False)
7.8645 	EXP 	eyetracker.setRecordingState(False)
7.8800 	EXP 	eyetracker.setRecordingState(False)
7.8934 	EXP 	eyetracker.setRecordingState(False)
7.9058 	EXP 	eyetracker.setRecordingState(False)
7.9190 	EXP 	eyetracker.setRecordingState(False)
7.9348 	EXP 	eyetracker.setRecordingState(False)
7.9523 	EXP 	eyetracker.setRecordingState(False)
7.9694 	EXP 	eyetracker.setRecordingState(False)
8.0064 	EXP 	eyetracker.setRecordingState(False)
8.0270 	EXP 	eyetracker.setRecordingState(False)
8.0439 	EXP 	eyetracker.setRecordingState(False)
8.0621 	EXP 	eyetracker.setRecordingState(False)
8.1127 	EXP 	eyetracker.setRecordingState(False)
8.1459 	EXP 	eyetracker.setRecordingState(False)
8.1595 	EXP 	eyetracker.setRecordingState(False)
8.1713 	EXP 	eyetracker.setRecordingState(False)
8.1836 	EXP 	eyetracker.setRecordingState(False)
8.2095 	EXP 	eyetracker.setRecordingState(False)
8.2184 	EXP 	eyetracker.setRecordingState(False)
8.2308 	EXP 	eyetracker.setRecordingState(False)
8.2415 	EXP 	eyetracker.setRecordingState(False)
8.2506 	EXP 	eyetracker.setRecordingState(False)
8.2581 	EXP 	eyetracker.setRecordingState(False)
8.2673 	EXP 	eyetracker.setRecordingState(False)
8.2831 	EXP 	eyetracker.setRecordingState(False)
8.2950 	EXP 	eyetracker.setRecordingState(False)
8.3029 	EXP 	eyetracker.setRecordingState(False)
8.3136 	EXP 	eyetracker.setRecordingState(False)
8.3231 	EXP 	eyetracker.setRecordingState(False)
8.3336 	EXP 	eyetracker.setRecordingState(False)
8.3426 	EXP 	eyetracker.setRecordingState(False)
8.3505 	EXP 	eyetracker.setRecordingState(False)
8.3605 	EXP 	eyetracker.setRecordingState(False)
8.3694 	EXP 	eyetracker.setRecordingState(False)
8.3776 	EXP 	eyetracker.setRecordingState(False)
8.3868 	EXP 	eyetracker.setRecordingState(False)
8.3967 	EXP 	eyetracker.setRecordingState(False)
8.4057 	EXP 	eyetracker.setRecordingState(False)
8.4151 	EXP 	eyetracker.setRecordingState(False)
8.4251 	EXP 	eyetracker.setRecordingState(False)
8.4342 	EXP 	eyetracker.setRecordingState(False)
8.4465 	EXP 	eyetracker.setRecordingState(False)
8.4558 	EXP 	eyetracker.setRecordingState(False)
8.4678 	EXP 	eyetracker.setRecordingState(False)
8.4759 	EXP 	eyetracker.setRecordingState(False)
8.4845 	EXP 	eyetracker.setRecordingState(False)
8.4958 	EXP 	eyetracker.setRecordingState(False)
8.5082 	EXP 	eyetracker.setRecordingState(False)
8.5193 	EXP 	eyetracker.setRecordingState(False)
8.5332 	EXP 	eyetracker.setRecordingState(False)
8.5456 	EXP 	eyetracker.setRecordingState(False)
8.5573 	EXP 	eyetracker.setRecordingState(False)
8.5674 	EXP 	eyetracker.setRecordingState(False)
8.5795 	EXP 	eyetracker.setRecordingState(False)
8.5892 	EXP 	eyetracker.setRecordingState(False)
8.6011 	EXP 	eyetracker.setRecordingState(False)
8.6118 	EXP 	eyetracker.setRecordingState(False)
8.6232 	EXP 	eyetracker.setRecordingState(False)
8.6340 	EXP 	eyetracker.setRecordingState(False)
8.6423 	EXP 	eyetracker.setRecordingState(False)
8.6504 	EXP 	eyetracker.setRecordingState(False)
8.6602 	EXP 	eyetracker.setRecordingState(False)
8.6720 	EXP 	eyetracker.setRecordingState(False)
8.6860 	EXP 	eyetracker.setRecordingState(False)
8.6972 	EXP 	eyetracker.setRecordingState(False)
8.7077 	EXP 	eyetracker.setRecordingState(False)
8.7194 	EXP 	eyetracker.setRecordingState(False)
8.7324 	EXP 	eyetracker.setRecordingState(False)
8.7418 	EXP 	eyetracker.setRecordingState(False)
8.7515 	EXP 	eyetracker.setRecordingState(False)
8.7602 	EXP 	eyetracker.setRecordingState(False)
8.7694 	EXP 	eyetracker.setRecordingState(False)
8.7792 	EXP 	eyetracker.setRecordingState(False)
8.7891 	EXP 	eyetracker.setRecordingState(False)
8.7997 	EXP 	eyetracker.setRecordingState(False)
8.8098 	EXP 	eyetracker.setRecordingState(False)
8.8191 	EXP 	eyetracker.setRecordingState(False)
8.8275 	EXP 	eyetracker.setRecordingState(False)
8.8362 	EXP 	eyetracker.setRecordingState(False)
8.8448 	EXP 	eyetracker.setRecordingState(False)
8.8541 	EXP 	eyetracker.setRecordingState(False)
8.8647 	EXP 	eyetracker.setRecordingState(False)
8.8751 	EXP 	eyetracker.setRecordingState(False)
8.8865 	EXP 	eyetracker.setRecordingState(False)
8.8973 	EXP 	eyetracker.setRecordingState(False)
8.9067 	EXP 	eyetracker.setRecordingState(False)
8.9182 	EXP 	eyetracker.setRecordingState(False)
8.9299 	EXP 	eyetracker.setRecordingState(False)
8.9384 	EXP 	eyetracker.setRecordingState(False)
8.9471 	EXP 	eyetracker.setRecordingState(False)
8.9560 	EXP 	eyetracker.setRecordingState(False)
8.9664 	EXP 	eyetracker.setRecordingState(False)
8.9768 	EXP 	eyetracker.setRecordingState(False)
8.9863 	EXP 	eyetracker.setRecordingState(False)
8.9968 	EXP 	eyetracker.setRecordingState(False)
9.0091 	EXP 	eyetracker.setRecordingState(False)
9.0203 	EXP 	eyetracker.setRecordingState(False)
9.0313 	EXP 	eyetracker.setRecordingState(False)
9.0432 	EXP 	eyetracker.setRecordingState(False)
9.0541 	EXP 	eyetracker.setRecordingState(False)
9.0656 	EXP 	eyetracker.setRecordingState(False)
9.0768 	EXP 	eyetracker.setRecordingState(False)
9.0887 	EXP 	eyetracker.setRecordingState(False)
9.1015 	EXP 	eyetracker.setRecordingState(False)
9.1117 	EXP 	eyetracker.setRecordingState(False)
9.1239 	EXP 	eyetracker.setRecordingState(False)
9.1354 	EXP 	eyetracker.setRecordingState(False)
9.1466 	EXP 	eyetracker.setRecordingState(False)
9.1571 	DATA 	Mouse: Left button down, pos=(849,582)
9.1654 	EXP 	eyetracker.setRecordingState(False)
9.1691 	EXP 	eyetracker.setRecordingState(False)
9.1935 	INFO 	Keyboard events cleared
9.1916 	EXP 	text_instr: autoDraw = False
9.1916 	EXP 	kandos: autoDraw = False
9.1916 	EXP 	ritzbury: autoDraw = False
9.1916 	EXP 	revello: autoDraw = False
9.1916 	EXP 	cadbury: autoDraw = False
9.1916 	EXP 	text_20: autoDraw = False
9.1916 	EXP 	text_21: autoDraw = False
9.1916 	EXP 	text_22: autoDraw = False
9.1916 	EXP 	text_23: autoDraw = False
9.1916 	EXP 	text_instr_2: autoDraw = True
9.1916 	EXP 	goldi: autoDraw = True
9.1916 	EXP 	elephanthouse: autoDraw = True
9.1916 	EXP 	krest: autoDraw = True
9.1916 	EXP 	pussalla: autoDraw = True
9.1916 	EXP 	text_16: autoDraw = True
9.1916 	EXP 	text_17: autoDraw = True
9.1916 	EXP 	text_18: autoDraw = True
9.1916 	EXP 	text_19: autoDraw = True
9.1969 	EXP 	eyetracker.setRecordingState(False)
9.2068 	EXP 	eyetracker.setRecordingState(False)
9.2192 	EXP 	eyetracker.setRecordingState(False)
9.2316 	EXP 	eyetracker.setRecordingState(False)
9.2441 	EXP 	eyetracker.setRecordingState(False)
9.2568 	EXP 	eyetracker.setRecordingState(False)
9.2677 	EXP 	eyetracker.setRecordingState(False)
9.2791 	EXP 	eyetracker.setRecordingState(False)
9.2911 	EXP 	eyetracker.setRecordingState(False)
9.3036 	EXP 	eyetracker.setRecordingState(False)
9.3149 	EXP 	eyetracker.setRecordingState(False)
9.3276 	EXP 	eyetracker.setRecordingState(False)
9.3414 	EXP 	eyetracker.setRecordingState(False)
9.3573 	EXP 	eyetracker.setRecordingState(False)
9.3724 	EXP 	eyetracker.setRecordingState(False)
9.3850 	DATA 	Mouse:  Left button up, pos=(849,582)
9.3929 	EXP 	eyetracker.setRecordingState(False)
9.4096 	EXP 	eyetracker.setRecordingState(False)
9.4318 	EXP 	eyetracker.setRecordingState(False)
9.4394 	EXP 	eyetracker.setRecordingState(False)
9.4470 	EXP 	eyetracker.setRecordingState(False)
9.4539 	EXP 	eyetracker.setRecordingState(False)
9.4592 	EXP 	eyetracker.setRecordingState(False)
9.4658 	EXP 	eyetracker.setRecordingState(False)
9.4739 	EXP 	eyetracker.setRecordingState(False)
9.4860 	EXP 	eyetracker.setRecordingState(False)
9.4963 	EXP 	eyetracker.setRecordingState(False)
9.5067 	EXP 	eyetracker.setRecordingState(False)
9.5184 	EXP 	eyetracker.setRecordingState(False)
9.5294 	EXP 	eyetracker.setRecordingState(False)
9.5385 	EXP 	eyetracker.setRecordingState(False)
9.5468 	EXP 	eyetracker.setRecordingState(False)
9.5568 	EXP 	eyetracker.setRecordingState(False)
9.5659 	EXP 	eyetracker.setRecordingState(False)
9.5728 	EXP 	eyetracker.setRecordingState(False)
9.5818 	EXP 	eyetracker.setRecordingState(False)
9.5927 	EXP 	eyetracker.setRecordingState(False)
9.6014 	EXP 	eyetracker.setRecordingState(False)
9.6121 	EXP 	eyetracker.setRecordingState(False)
9.6209 	EXP 	eyetracker.setRecordingState(False)
9.6295 	EXP 	eyetracker.setRecordingState(False)
9.6404 	EXP 	eyetracker.setRecordingState(False)
9.6515 	EXP 	eyetracker.setRecordingState(False)
9.6612 	EXP 	eyetracker.setRecordingState(False)
9.6689 	EXP 	eyetracker.setRecordingState(False)
9.6770 	EXP 	eyetracker.setRecordingState(False)
9.6855 	EXP 	eyetracker.setRecordingState(False)
9.6968 	EXP 	eyetracker.setRecordingState(False)
9.7063 	EXP 	eyetracker.setRecordingState(False)
9.7167 	EXP 	eyetracker.setRecordingState(False)
9.7255 	EXP 	eyetracker.setRecordingState(False)
9.7338 	EXP 	eyetracker.setRecordingState(False)
9.7429 	EXP 	eyetracker.setRecordingState(False)
9.7514 	EXP 	eyetracker.setRecordingState(False)
9.7594 	EXP 	eyetracker.setRecordingState(False)
9.7670 	EXP 	eyetracker.setRecordingState(False)
9.7759 	EXP 	eyetracker.setRecordingState(False)
9.7887 	EXP 	eyetracker.setRecordingState(False)
9.8004 	EXP 	eyetracker.setRecordingState(False)
9.8111 	EXP 	eyetracker.setRecordingState(False)
9.8202 	EXP 	eyetracker.setRecordingState(False)
9.8312 	EXP 	eyetracker.setRecordingState(False)
9.8434 	EXP 	eyetracker.setRecordingState(False)
9.8533 	EXP 	eyetracker.setRecordingState(False)
9.8651 	EXP 	eyetracker.setRecordingState(False)
9.8778 	EXP 	eyetracker.setRecordingState(False)
9.8886 	EXP 	eyetracker.setRecordingState(False)
9.9025 	EXP 	eyetracker.setRecordingState(False)
9.9147 	EXP 	eyetracker.setRecordingState(False)
9.9273 	EXP 	eyetracker.setRecordingState(False)
9.9369 	EXP 	eyetracker.setRecordingState(False)
9.9475 	EXP 	eyetracker.setRecordingState(False)
9.9621 	EXP 	eyetracker.setRecordingState(False)
9.9722 	EXP 	eyetracker.setRecordingState(False)
9.9809 	EXP 	eyetracker.setRecordingState(False)
9.9913 	EXP 	eyetracker.setRecordingState(False)
10.0030 	EXP 	eyetracker.setRecordingState(False)
10.0143 	EXP 	eyetracker.setRecordingState(False)
10.0270 	EXP 	eyetracker.setRecordingState(False)
10.0361 	EXP 	eyetracker.setRecordingState(False)
10.0460 	EXP 	eyetracker.setRecordingState(False)
10.0551 	EXP 	eyetracker.setRecordingState(False)
10.0663 	EXP 	eyetracker.setRecordingState(False)
10.0790 	EXP 	eyetracker.setRecordingState(False)
10.0901 	EXP 	eyetracker.setRecordingState(False)
10.0986 	EXP 	eyetracker.setRecordingState(False)
10.1090 	EXP 	eyetracker.setRecordingState(False)
10.1182 	EXP 	eyetracker.setRecordingState(False)
10.1263 	EXP 	eyetracker.setRecordingState(False)
10.1342 	EXP 	eyetracker.setRecordingState(False)
10.1425 	EXP 	eyetracker.setRecordingState(False)
10.1533 	EXP 	eyetracker.setRecordingState(False)
10.1614 	EXP 	eyetracker.setRecordingState(False)
10.1694 	EXP 	eyetracker.setRecordingState(False)
10.1816 	EXP 	eyetracker.setRecordingState(False)
10.1914 	EXP 	eyetracker.setRecordingState(False)
10.2040 	EXP 	eyetracker.setRecordingState(False)
10.2183 	EXP 	eyetracker.setRecordingState(False)
10.2321 	EXP 	eyetracker.setRecordingState(False)
10.2422 	EXP 	eyetracker.setRecordingState(False)
10.2523 	EXP 	eyetracker.setRecordingState(False)
10.2628 	EXP 	eyetracker.setRecordingState(False)
10.2736 	EXP 	eyetracker.setRecordingState(False)
10.2856 	EXP 	eyetracker.setRecordingState(False)
10.2956 	EXP 	eyetracker.setRecordingState(False)
10.3041 	EXP 	eyetracker.setRecordingState(False)
10.3143 	EXP 	eyetracker.setRecordingState(False)
10.3266 	EXP 	eyetracker.setRecordingState(False)
10.3367 	EXP 	eyetracker.setRecordingState(False)
10.3472 	EXP 	eyetracker.setRecordingState(False)
10.3623 	EXP 	eyetracker.setRecordingState(False)
10.3782 	EXP 	eyetracker.setRecordingState(False)
10.3898 	EXP 	eyetracker.setRecordingState(False)
10.4001 	EXP 	eyetracker.setRecordingState(False)
10.4108 	EXP 	eyetracker.setRecordingState(False)
10.4204 	EXP 	eyetracker.setRecordingState(False)
10.4346 	EXP 	eyetracker.setRecordingState(False)
10.4442 	EXP 	eyetracker.setRecordingState(False)
10.4537 	EXP 	eyetracker.setRecordingState(False)
10.4642 	EXP 	eyetracker.setRecordingState(False)
10.4769 	EXP 	eyetracker.setRecordingState(False)
10.4897 	EXP 	eyetracker.setRecordingState(False)
10.4979 	EXP 	eyetracker.setRecordingState(False)
10.5083 	EXP 	eyetracker.setRecordingState(False)
10.5164 	EXP 	eyetracker.setRecordingState(False)
10.5238 	EXP 	eyetracker.setRecordingState(False)
10.5306 	EXP 	eyetracker.setRecordingState(False)
10.5374 	EXP 	eyetracker.setRecordingState(False)
10.5460 	EXP 	eyetracker.setRecordingState(False)
10.5592 	EXP 	eyetracker.setRecordingState(False)
10.5767 	EXP 	eyetracker.setRecordingState(False)
10.5906 	EXP 	eyetracker.setRecordingState(False)
10.6113 	EXP 	eyetracker.setRecordingState(False)
10.6307 	EXP 	eyetracker.setRecordingState(False)
10.6507 	EXP 	eyetracker.setRecordingState(False)
10.6653 	EXP 	eyetracker.setRecordingState(False)
10.6796 	EXP 	eyetracker.setRecordingState(False)
10.6934 	EXP 	eyetracker.setRecordingState(False)
10.7112 	EXP 	eyetracker.setRecordingState(False)
10.7242 	EXP 	eyetracker.setRecordingState(False)
10.7365 	EXP 	eyetracker.setRecordingState(False)
10.7458 	EXP 	eyetracker.setRecordingState(False)
10.7576 	EXP 	eyetracker.setRecordingState(False)
10.7720 	EXP 	eyetracker.setRecordingState(False)
10.7863 	EXP 	eyetracker.setRecordingState(False)
10.8000 	EXP 	eyetracker.setRecordingState(False)
10.8153 	EXP 	eyetracker.setRecordingState(False)
10.8270 	EXP 	eyetracker.setRecordingState(False)
10.8377 	EXP 	eyetracker.setRecordingState(False)
10.8540 	DATA 	Mouse: Left button down, pos=(877,558)
10.8584 	EXP 	eyetracker.setRecordingState(False)
10.8648 	EXP 	text_instr_2: autoDraw = False
10.8648 	EXP 	goldi: autoDraw = False
10.8648 	EXP 	elephanthouse: autoDraw = False
10.8648 	EXP 	krest: autoDraw = False
10.8648 	EXP 	pussalla: autoDraw = False
10.8648 	EXP 	text_16: autoDraw = False
10.8648 	EXP 	text_17: autoDraw = False
10.8648 	EXP 	text_18: autoDraw = False
10.8648 	EXP 	text_19: autoDraw = False
10.8654 	EXP 	Cheese: status = STOPPED
10.9230 	INFO 	saved data to 'C:\\Users\\M S I\\OneDrive\\Documents\\GitHub\\Research-Project\\data\\904435_Cheese_2026-04-22_17h08.41.678.csv'
10.9238 	INFO 	saved data to C:\Users\M S I\OneDrive\Documents\GitHub\Research-Project\data\904435_Cheese_2026-04-22_17h08.41.678.psydat
